Component: ARM Compiler 5.06 update 7 (build 960) Tool: armlink [4d3601]

==============================================================================

Section Cross References

    startup_stm32f407xx.o(RESET) refers to startup_stm32f407xx.o(STACK) for __initial_sp
    startup_stm32f407xx.o(RESET) refers to startup_stm32f407xx.o(.text) for Reset_Handler
    startup_stm32f407xx.o(RESET) refers to stm32f4xx_it.o(i.NMI_Handler) for NMI_Handler
    startup_stm32f407xx.o(RESET) refers to stm32f4xx_it.o(i.HardFault_Handler) for HardFault_Handler
    startup_stm32f407xx.o(RESET) refers to stm32f4xx_it.o(i.MemManage_Handler) for MemManage_Handler
    startup_stm32f407xx.o(RESET) refers to stm32f4xx_it.o(i.BusFault_Handler) for BusFault_Handler
    startup_stm32f407xx.o(RESET) refers to stm32f4xx_it.o(i.UsageFault_Handler) for UsageFault_Handler
    startup_stm32f407xx.o(RESET) refers to stm32f4xx_it.o(i.SVC_Handler) for SVC_Handler
    startup_stm32f407xx.o(RESET) refers to stm32f4xx_it.o(i.DebugMon_Handler) for DebugMon_Handler
    startup_stm32f407xx.o(RESET) refers to stm32f4xx_it.o(i.PendSV_Handler) for PendSV_Handler
    startup_stm32f407xx.o(RESET) refers to stm32f4xx_it.o(i.SysTick_Handler) for SysTick_Handler
    startup_stm32f407xx.o(RESET) refers to stm32f4xx_it.o(i.TIM1_UP_TIM10_IRQHandler) for TIM1_UP_TIM10_IRQHandler
    startup_stm32f407xx.o(RESET) refers to stm32f4xx_it.o(i.TIM2_IRQHandler) for TIM2_IRQHandler
    startup_stm32f407xx.o(.text) refers to system_stm32f4xx.o(i.SystemInit) for SystemInit
    startup_stm32f407xx.o(.text) refers to entry.o(.ARM.Collect$$$$00000000) for __main
    calc.o(i.cdpr_get_current_motor_angles) refers to calc.o(.bss) for .bss
    calc.o(i.cdpr_init) refers to calc.o(i.generate_trajectory_and_angles) for generate_trajectory_and_angles
    calc.o(i.generate_trajectory_and_angles) refers to calc.o(i.calculate_poly5_coeff) for calculate_poly5_coeff
    calc.o(i.generate_trajectory_and_angles) refers to calc.o(i.get_translation_matrix) for get_translation_matrix
    calc.o(i.generate_trajectory_and_angles) refers to calc.o(i.get_rotation_matrix) for get_rotation_matrix
    calc.o(i.generate_trajectory_and_angles) refers to calc.o(i.matrix_multiply) for matrix_multiply
    calc.o(i.generate_trajectory_and_angles) refers to calc.o(i.point_mult_matrix) for point_mult_matrix
    calc.o(i.generate_trajectory_and_angles) refers to calc.o(i.vector_norm) for vector_norm
    calc.o(i.generate_trajectory_and_angles) refers to calc.o(i.cross_product) for cross_product
    calc.o(i.generate_trajectory_and_angles) refers to calc.o(.bss) for .bss
    calc.o(i.generate_trajectory_and_angles) refers to calc.o(.constdata) for .constdata
    calc.o(i.get_rotation_matrix) refers to cosf.o(i.__hardfp_cosf) for __hardfp_cosf
    calc.o(i.get_rotation_matrix) refers to sinf.o(i.__hardfp_sinf) for __hardfp_sinf
    calc.o(i.get_rotation_matrix) refers to memcpya.o(.text) for __aeabi_memcpy4
    calc.o(i.get_rotation_matrix) refers to calc.o(i.matrix_multiply) for matrix_multiply
    calc.o(i.get_rotation_matrix) refers to calc.o(.constdata) for .constdata
    calc.o(i.vector_norm) refers to sqrtf.o(i.__hardfp_sqrtf) for __hardfp_sqrtf
    key_state_machine.o(i.Key1_scope) refers to memcpya.o(.text) for __aeabi_memcpy4
    key_state_machine.o(i.Key1_scope) refers to key_state_machine.o(.data) for .data
    key_state_machine.o(i.Key2_scope) refers to memcpya.o(.text) for __aeabi_memcpy4
    key_state_machine.o(i.Key2_scope) refers to key_state_machine.o(.data) for .data
    key_state_machine.o(i.Key3_scope) refers to memcpya.o(.text) for __aeabi_memcpy4
    key_state_machine.o(i.Key3_scope) refers to key_state_machine.o(.data) for .data
    key_state_machine.o(i.Key4_scope) refers to memcpya.o(.text) for __aeabi_memcpy4
    key_state_machine.o(i.Key4_scope) refers to key_state_machine.o(.data) for .data
    key_state_machine.o(i.Key_GetCurrentMode) refers to key_state_machine.o(.data) for .data
    key_state_machine.o(i.Key_GetTaskState) refers to key_state_machine.o(.data) for .data
    key_state_machine.o(i.Key_HandleEvents) refers to key_state_machine.o(.data) for .data
    key_state_machine.o(i.Key_Process) refers to key_state_machine.o(i.Key_StateMachine) for Key_StateMachine
    key_state_machine.o(i.Key_Process) refers to key_state_machine.o(i.Key_HandleEvents) for Key_HandleEvents
    key_state_machine.o(i.Key_Process) refers to key_state_machine.o(.data) for .data
    key_state_machine.o(i.Key_StateMachine) refers to stm32f4xx_hal_gpio.o(i.HAL_GPIO_ReadPin) for HAL_GPIO_ReadPin
    key_state_machine.o(i.Key_StateMachine) refers to stm32f4xx_hal.o(i.HAL_GetTick) for HAL_GetTick
    key_state_machine.o(i.Task_Execute) refers to memcpya.o(.text) for __aeabi_memcpy4
    key_state_machine.o(i.Task_Execute) refers to memseta.o(.text) for __aeabi_memclr4
    key_state_machine.o(i.Task_Execute) refers to calc.o(i.cdpr_init) for cdpr_init
[...]
    Removing stm32f4xx_hal_cortex.o(.rrx_text), (6 bytes).
    Removing stm32f4xx_hal_cortex.o(i.HAL_CORTEX_ClearEvent), (6 bytes).
    Removing stm32f4xx_hal_cortex.o(i.HAL_MPU_ConfigRegion), (84 bytes).
    Removing stm32f4xx_hal_cortex.o(i.HAL_MPU_Disable), (28 bytes).
    Removing stm32f4xx_hal_cortex.o(i.HAL_MPU_DisableRegion), (24 bytes).
    Removing stm32f4xx_hal_cortex.o(i.HAL_MPU_Enable), (36 bytes).
    Removing stm32f4xx_hal_cortex.o(i.HAL_MPU_EnableRegion), (24 bytes).
    Removing stm32f4xx_hal_cortex.o(i.HAL_NVIC_ClearPendingIRQ), (26 bytes).
    Removing stm32f4xx_hal_cortex.o(i.HAL_NVIC_DisableIRQ), (34 bytes).
    Removing stm32f4xx_hal_cortex.o(i.HAL_NVIC_GetActive), (36 bytes).
    Removing stm32f4xx_hal_cortex.o(i.HAL_NVIC_GetPendingIRQ), (36 bytes).
    Removing stm32f4xx_hal_cortex.o(i.HAL_NVIC_GetPriority), (82 bytes).
    Removing stm32f4xx_hal_cortex.o(i.HAL_NVIC_GetPriorityGrouping), (16 bytes).
    Removing stm32f4xx_hal_cortex.o(i.HAL_NVIC_SetPendingIRQ), (26 bytes).
    Removing stm32f4xx_hal_cortex.o(i.HAL_NVIC_SystemReset), (36 bytes).
    Removing stm32f4xx_hal_cortex.o(i.HAL_SYSTICK_CLKSourceConfig), (24 bytes).
    Removing stm32f4xx_hal_cortex.o(i.HAL_SYSTICK_Callback), (2 bytes).
    Removing stm32f4xx_hal_cortex.o(i.HAL_SYSTICK_Config), (40 bytes).
    Removing stm32f4xx_hal_cortex.o(i.HAL_SYSTICK_IRQHandler), (8 bytes).
    Removing stm32f4xx_hal.o(.rev16_text), (4 bytes).
    Removing stm32f4xx_hal.o(.revsh_text), (4 bytes).
    Removing stm32f4xx_hal.o(.rrx_text), (6 bytes).
    Removing stm32f4xx_hal.o(i.HAL_DBGMCU_DisableDBGSleepMode), (16 bytes).
    Removing stm32f4xx_hal.o(i.HAL_DBGMCU_DisableDBGStandbyMode), (16 bytes).
    Removing stm32f4xx_hal.o(i.HAL_DBGMCU_DisableDBGStopMode), (16 bytes).
    Removing stm32f4xx_hal.o(i.HAL_DBGMCU_EnableDBGSleepMode), (16 bytes).
    Removing stm32f4xx_hal.o(i.HAL_DBGMCU_EnableDBGStandbyMode), (16 bytes).
    Removing stm32f4xx_hal.o(i.HAL_DBGMCU_EnableDBGStopMode), (16 bytes).
    Removing stm32f4xx_hal.o(i.HAL_DeInit), (72 bytes).
    Removing stm32f4xx_hal.o(i.HAL_DisableCompensationCell), (12 bytes).
    Removing stm32f4xx_hal.o(i.HAL_EnableCompensationCell), (12 bytes).
    Removing stm32f4xx_hal.o(i.HAL_GetDEVID), (16 bytes).
    Removing stm32f4xx_hal.o(i.HAL_GetHalVersion), (8 bytes).
    Removing stm32f4xx_hal.o(i.HAL_GetREVID), (12 bytes).
    Removing stm32f4xx_hal.o(i.HAL_GetTickFreq), (12 bytes).
    Removing stm32f4xx_hal.o(i.HAL_GetTickPrio), (12 bytes).
    Removing stm32f4xx_hal.o(i.HAL_GetUIDw0), (12 bytes).
    Removing stm32f4xx_hal.o(i.HAL_GetUIDw1), (12 bytes).
    Removing stm32f4xx_hal.o(i.HAL_GetUIDw2), (12 bytes).
    Removing stm32f4xx_hal.o(i.HAL_InitTick), (64 bytes).
    Removing stm32f4xx_hal.o(i.HAL_MspDeInit), (2 bytes).
    Removing stm32f4xx_hal.o(i.HAL_MspInit), (2 bytes).
    Removing stm32f4xx_hal.o(i.HAL_ResumeTick), (14 bytes).
    Removing stm32f4xx_hal.o(i.HAL_SetTickFreq), (36 bytes).
    Removing stm32f4xx_hal.o(i.HAL_SuspendTick), (14 bytes).
    Removing stm32f4xx_hal_exti.o(.rev16_text), (4 bytes).
    Removing stm32f4xx_hal_exti.o(.revsh_text), (4 bytes).
    Removing stm32f4xx_hal_exti.o(.rrx_text), (6 bytes).
    Removing stm32f4xx_hal_exti.o(i.HAL_EXTI_ClearConfigLine), (108 bytes).
    Removing stm32f4xx_hal_exti.o(i.HAL_EXTI_ClearPending), (20 bytes).
    Removing stm32f4xx_hal_exti.o(i.HAL_EXTI_GenerateSWI), (20 bytes).
    Removing stm32f4xx_hal_exti.o(i.HAL_EXTI_GetConfigLine), (144 bytes).
    Removing stm32f4xx_hal_exti.o(i.HAL_EXTI_GetHandle), (12 bytes).
    Removing stm32f4xx_hal_exti.o(i.HAL_EXTI_GetPending), (24 bytes).
    Removing stm32f4xx_hal_exti.o(i.HAL_EXTI_IRQHandler), (36 bytes).
    Removing stm32f4xx_hal_exti.o(i.HAL_EXTI_RegisterCallback), (14 bytes).
    Removing stm32f4xx_hal_exti.o(i.HAL_EXTI_SetConfigLine), (168 bytes).
    Removing stm32f4xx_hal_uart.o(.rev16_text), (4 bytes).
    Removing stm32f4xx_hal_uart.o(.revsh_text), (4 bytes).
    Removing stm32f4xx_hal_uart.o(.rrx_text), (6 bytes).
    Removing stm32f4xx_hal_uart.o(i.HAL_HalfDuplex_EnableReceiver), (50 bytes).
    Removing stm32f4xx_hal_uart.o(i.HAL_HalfDuplex_EnableTransmitter), (50 bytes).
    Removing stm32f4xx_hal_uart.o(i.HAL_HalfDuplex_Init), (110 bytes).
    Removing stm32f4xx_hal_uart.o(i.HAL_LIN_Init), (130 bytes).
    Removing stm32f4xx_hal_uart.o(i.HAL_LIN_SendBreak), (60 bytes).
    Removing stm32f4xx_hal_uart.o(i.HAL_MultiProcessor_EnterMuteMode), (62 bytes).
    Removing stm32f4xx_hal_uart.o(i.HAL_MultiProcessor_ExitMuteMode), (62 bytes).
    Removing stm32f4xx_hal_uart.o(i.HAL_MultiProcessor_Init), (144 bytes).
    Removing stm32f4xx_hal_uart.o(i.HAL_UARTEx_GetRxEventType), (4 bytes).
    Removing stm32f4xx_hal_uart.o(i.HAL_UARTEx_ReceiveToIdle), (240 bytes).
    Removing stm32f4xx_hal_uart.o(i.HAL_UARTEx_ReceiveToIdle_DMA), (74 bytes).
    Removing stm32f4xx_hal_uart.o(i.HAL_UARTEx_ReceiveToIdle_IT), (78 bytes).
    Removing stm32f4xx_hal_uart.o(i.HAL_UARTEx_RxEventCallback), (2 bytes).
    Removing stm32f4xx_hal_uart.o(i.HAL_UART_Abort), (210 bytes).
    Removing stm32f4xx_hal_uart.o(i.HAL_UART_AbortCpltCallback), (2 bytes).
    Removing stm32f4xx_hal_uart.o(i.HAL_UART_AbortReceive), (148 bytes).
    Removing stm32f4xx_hal_uart.o(i.HAL_UART_AbortReceiveCpltCallback), (2 bytes).
    Removing stm32f4xx_hal_uart.o(i.HAL_UART_AbortReceive_IT), (152 bytes).
    Removing stm32f4xx_hal_uart.o(i.HAL_UART_AbortTransmit), (98 bytes).
    Removing stm32f4xx_hal_uart.o(i.HAL_UART_AbortTransmitCpltCallback), (2 bytes).
    Removing stm32f4xx_hal_uart.o(i.HAL_UART_AbortTransmit_IT), (104 bytes).
    Removing stm32f4xx_hal_uart.o(i.HAL_UART_Abort_IT), (244 bytes).
    Removing stm32f4xx_hal_uart.o(i.HAL_UART_DMAPause), (120 bytes).
    Removing stm32f4xx_hal_uart.o(i.HAL_UART_DMAResume), (114 bytes).
    Removing stm32f4xx_hal_uart.o(i.HAL_UART_DMAStop), (112 bytes).
    Removing stm32f4xx_hal_uart.o(i.HAL_UART_DeInit), (54 bytes).
    Removing stm32f4xx_hal_uart.o(i.HAL_UART_ErrorCallback), (2 bytes).
    Removing stm32f4xx_hal_uart.o(i.HAL_UART_GetState), (10 bytes).
    Removing stm32f4xx_hal_uart.o(i.HAL_UART_IRQHandler), (640 bytes).
    Removing stm32f4xx_hal_uart.o(i.HAL_UART_MspDeInit), (2 bytes).
    Removing stm32f4xx_hal_uart.o(i.HAL_UART_MspInit), (2 bytes).
    Removing stm32f4xx_hal_uart.o(i.HAL_UART_Receive_DMA), (28 bytes).
    Removing stm32f4xx_hal_uart.o(i.HAL_UART_Receive_IT), (28 bytes).
    Removing stm32f4xx_hal_uart.o(i.HAL_UART_RxCpltCallback), (2 bytes).
    Removing stm32f4xx_hal_uart.o(i.HAL_UART_RxHalfCpltCallback), (2 bytes).
    Removing stm32f4xx_hal_uart.o(i.HAL_UART_Transmit_DMA), (132 bytes).
    Removing stm32f4xx_hal_uart.o(i.HAL_UART_Transmit_IT), (50 bytes).
    Removing stm32f4xx_hal_uart.o(i.HAL_UART_TxCpltCallback), (2 bytes).
    Removing stm32f4xx_hal_uart.o(i.HAL_UART_TxHalfCpltCallback), (2 bytes).
    Removing stm32f4xx_hal_uart.o(i.UART_DMAAbortOnError), (14 bytes).
    Removing stm32f4xx_hal_uart.o(i.UART_DMAError), (74 bytes).
    Removing stm32f4xx_hal_uart.o(i.UART_DMAReceiveCplt), (134 bytes).
    Removing stm32f4xx_hal_uart.o(i.UART_DMARxAbortCallback), (44 bytes).
    Removing stm32f4xx_hal_uart.o(i.UART_DMARxHalfCplt), (30 bytes).
    Removing stm32f4xx_hal_uart.o(i.UART_DMARxOnlyAbortCallback), (22 bytes).
    Removing stm32f4xx_hal_uart.o(i.UART_DMATransmitCplt), (66 bytes).
    Removing stm32f4xx_hal_uart.o(i.UART_DMATxAbortCallback), (44 bytes).
    Removing stm32f4xx_hal_uart.o(i.UART_DMATxHalfCplt), (10 bytes).
    Removing stm32f4xx_hal_uart.o(i.UART_DMATxOnlyAbortCallback), (20 bytes).
    Removing stm32f4xx_hal_uart.o(i.UART_EndTxTransfer), (28 bytes).
    Removing stm32f4xx_hal_uart.o(i.UART_Receive_IT), (194 bytes).
    Removing stm32f4xx_hal_uart.o(i.UART_Start_Receive_DMA), (160 bytes).
    Removing stm32f4xx_hal_uart.o(i.UART_Start_Receive_IT), (54 bytes).
    Removing system_stm32f4xx.o(.rev16_text), (4 bytes).
    Removing system_stm32f4xx.o(.revsh_text), (4 bytes).
    Removing system_stm32f4xx.o(.rrx_text), (6 bytes).
    Removing system_stm32f4xx.o(i.SystemCoreClockUpdate), (120 bytes).
    Removing a1_motor_drive.o(.rev16_text), (4 bytes).
    Removing a1_motor_drive.o(.revsh_text), (4 bytes).
    Removing a1_motor_drive.o(.rrx_text), (6 bytes).
    Removing a1_motor_drive.o(i.modify_changeid_cmd), (26 bytes).
    Removing a1_motor_drive.o(i.modify_speed_cmd), (48 bytes).
    Removing joint.o(.rev16_text), (4 bytes).
    Removing joint.o(.revsh_text), (4 bytes).
    Removing joint.o(.rrx_text), (6 bytes).
    Removing joint.o(.data), (1 bytes).

440 unused section(s) (total 31485 bytes) removed from the image.

==============================================================================

Image Symbol Table

    Local Symbols

    Symbol Name                              Value     Ov Type        Size  Object(Section)

    ../Core/Src/gpio.c                       0x00000000   Number         0  gpio.o ABSOLUTE
    ../Core/Src/main.c                       0x00000000   Number         0  main.o ABSOLUTE
    ../Core/Src/stm32f4xx_hal_msp.c          0x00000000   Number         0  stm32f4xx_hal_msp.o ABSOLUTE
    ../Core/Src/stm32f4xx_hal_timebase_tim.c 0x00000000   Number         0  stm32f4xx_hal_timebase_tim.o ABSOLUTE
    ../Core/Src/stm32f4xx_it.c               0x00000000   Number         0  stm32f4xx_it.o ABSOLUTE
    ../Core/Src/system_stm32f4xx.c           0x00000000   Number         0  system_stm32f4xx.o ABSOLUTE
    ../Core/Src/tim.c                        0x00000000   Number         0  tim.o ABSOLUTE
    ../Core/Src/usart.c                      0x00000000   Number         0  usart.o ABSOLUTE
    ../Drivers/STM32F4xx_HAL_Driver/Src/stm32f4xx_hal.c 0x00000000   Number         0  stm32f4xx_hal.o ABSOLUTE
    ../Drivers/STM32F4xx_HAL_Driver/Src/stm32f4xx_hal_cortex.c 0x00000000   Number         0  stm32f4xx_hal_cortex.o ABSOLUTE
    ../Drivers/STM32F4xx_HAL_Driver/Src/stm32f4xx_hal_dma.c 0x00000000   Number         0  stm32f4xx_hal_dma.o ABSOLUTE
    ../Drivers/STM32F4xx_HAL_Driver/Src/stm32f4xx_hal_dma_ex.c 0x00000000   Number         0  stm32f4xx_hal_dma_ex.o ABSOLUTE
    ../Drivers/STM32F4xx_HAL_Driver/Src/stm32f4xx_hal_exti.c 0x00000000   Number         0  stm32f4xx_hal_exti.o ABSOLUTE
    ../Drivers/STM32F4xx_HAL_Driver/Src/stm32f4xx_hal_flash.c 0x00000000   Number         0  stm32f4xx_hal_flash.o ABSOLUTE
    ../Drivers/STM32F4xx_HAL_Driver/Src/stm32f4xx_hal_flash_ex.c 0x00000000   Number         0  stm32f4xx_hal_flash_ex.o ABSOLUTE
    ../Drivers/STM32F4xx_HAL_Driver/Src/stm32f4xx_hal_flash_ramfunc.c 0x00000000   Number         0  stm32f4xx_hal_flash_ramfunc.o ABSOLUTE
    ../Drivers/STM32F4xx_HAL_Driver/Src/stm32f4xx_hal_gpio.c 0x00000000   Number         0  stm32f4xx_hal_gpio.o ABSOLUTE
    ../Drivers/STM32F4xx_HAL_Driver/Src/stm32f4xx_hal_pwr.c 0x00000000   Number         0  stm32f4xx_hal_pwr.o ABSOLUTE
    ../Drivers/STM32F4xx_HAL_Driver/Src/stm32f4xx_hal_pwr_ex.c 0x00000000   Number         0  stm32f4xx_hal_pwr_ex.o ABSOLUTE
    ../Drivers/STM32F4xx_HAL_Driver/Src/stm32f4xx_hal_rcc.c 0x00000000   Number         0  stm32f4xx_hal_rcc.o ABSOLUTE
    ../Drivers/STM32F4xx_HAL_Driver/Src/stm32f4xx_hal_rcc_ex.c 0x00000000   Number         0  stm32f4xx_hal_rcc_ex.o ABSOLUTE
    ../Drivers/STM32F4xx_HAL_Driver/Src/stm32f4xx_hal_tim.c 0x00000000   Number         0  stm32f4xx_hal_tim.o ABSOLUTE
    ../Drivers/STM32F4xx_HAL_Driver/Src/stm32f4xx_hal_tim_ex.c 0x00000000   Number         0  stm32f4xx_hal_tim_ex.o ABSOLUTE
    ../Drivers/STM32F4xx_HAL_Driver/Src/stm32f4xx_hal_uart.c 0x00000000   Number         0  stm32f4xx_hal_uart.o ABSOLUTE
    ../clib/microlib/division.c              0x00000000   Number         0  uldiv.o ABSOLUTE
    ../clib/microlib/errno.c                 0x00000000   Number         0  errno.o ABSOLUTE
    ../clib/microlib/init/entry.s            0x00000000   Number         0  entry10b.o ABSOLUTE
    ../clib/microlib/init/entry.s            0x00000000   Number         0  entry10a.o ABSOLUTE
    ../clib/microlib/init/entry.s            0x00000000   Number         0  entry9b.o ABSOLUTE
    ../clib/microlib/init/entry.s            0x00000000   Number         0  entry9a.o ABSOLUTE
    ../clib/microlib/init/entry.s            0x00000000   Number         0  entry8b.o ABSOLUTE
    ../clib/microlib/init/entry.s            0x00000000   Number         0  entry8a.o ABSOLUTE
    ../clib/microlib/init/entry.s            0x00000000   Number         0  entry7b.o ABSOLUTE
    ../clib/microlib/init/entry.s            0x00000000   Number         0  entry7a.o ABSOLUTE
    ../clib/microlib/init/entry.s            0x00000000   Number         0  entry11b.o ABSOLUTE
    ../clib/microlib/init/entry.s            0x00000000   Number         0  entry.o ABSOLUTE
    ../clib/microlib/init/entry.s            0x00000000   Number         0  entry12a.o ABSOLUTE
    ../clib/microlib/init/entry.s            0x00000000   Number         0  entry12b.o ABSOLUTE
    ../clib/microlib/init/entry.s            0x00000000   Number         0  entry5.o ABSOLUTE
    ../clib/microlib/init/entry.s            0x00000000   Number         0  entry2.o ABSOLUTE
    ../clib/microlib/init/entry.s            0x00000000   Number         0  entry11a.o ABSOLUTE
    ../clib/microlib/longlong.c              0x00000000   Number         0  llshl.o ABSOLUTE
    ../clib/microlib/longlong.c              0x00000000   Number         0  llushr.o ABSOLUTE
    ../clib/microlib/string/memcpy.c         0x00000000   Number         0  memcpyb.o ABSOLUTE
    ../clib/microlib/string/memcpy.c         0x00000000   Number         0  memcpya.o ABSOLUTE
    ../clib/microlib/string/memset.c         0x00000000   Number         0  memseta.o ABSOLUTE
    ../clib/microlib/stubs.s                 0x00000000   Number         0  iusefp.o ABSOLUTE
    ../fplib/microlib/d2f.c                  0x00000000   Number         0  d2f.o ABSOLUTE
    ../fplib/microlib/f2d.c                  0x00000000   Number         0  f2d.o ABSOLUTE
    ../fplib/microlib/fpdiv.c                0x00000000   Number         0  ddiv.o ABSOLUTE
    ../fplib/microlib/fpepilogue.c           0x00000000   Number         0  fepilogue.o ABSOLUTE
    ../fplib/microlib/fpepilogue.c           0x00000000   Number         0  depilogue.o ABSOLUTE
    ../fplib/microlib/fpmul.c                0x00000000   Number         0  dmul.o ABSOLUTE
    ../mathlib/cosf.c                        0x00000000   Number         0  cosf_x.o ABSOLUTE
    ../mathlib/cosf.c                        0x00000000   Number         0  cosf.o ABSOLUTE
    ../mathlib/fpclassifyf.c                 0x00000000   Number         0  fpclassifyf.o ABSOLUTE
    ../mathlib/funder.c                      0x00000000   Number         0  funder.o ABSOLUTE
    ../mathlib/rredf.c                       0x00000000   Number         0  rredf.o ABSOLUTE
    ../mathlib/sinf.c                        0x00000000   Number         0  sinf_x.o ABSOLUTE
    ../mathlib/sinf.c                        0x00000000   Number         0  sinf.o ABSOLUTE
    ../mathlib/sqrtf.c                       0x00000000   Number         0  sqrtf_x.o ABSOLUTE
    ../mathlib/sqrtf.c                       0x00000000   Number         0  sqrtf.o ABSOLUTE
    ..\Core\Src\calc.c                       0x00000000   Number         0  calc.o ABSOLUTE
    ..\Core\Src\crc_ccitt.c                  0x00000000   Number         0  crc_ccitt.o ABSOLUTE
    ..\Core\Src\gom_protocol.c               0x00000000   Number         0  gom_protocol.o ABSOLUTE
    ..\Core\Src\gpio.c                       0x00000000   Number         0  gpio.o ABSOLUTE
    ..\Core\Src\key_state_machine.c          0x00000000   Number         0  key_state_machine.o ABSOLUTE
    ..\Core\Src\main.c                       0x00000000   Number         0  main.o ABSOLUTE
    ..\Core\Src\stm32f4xx_hal_msp.c          0x00000000   Number         0  stm32f4xx_hal_msp.o ABSOLUTE
    ..\Core\Src\stm32f4xx_hal_timebase_tim.c 0x00000000   Number         0  stm32f4xx_hal_timebase_tim.o ABSOLUTE
    ..\Core\Src\stm32f4xx_it.c               0x00000000   Number         0  stm32f4xx_it.o ABSOLUTE
    ..\Core\Src\system_stm32f4xx.c           0x00000000   Number         0  system_stm32f4xx.o ABSOLUTE
    ..\Core\Src\tim.c                        0x00000000   Number         0  tim.o ABSOLUTE
    ..\Core\Src\usart.c                      0x00000000   Number         0  usart.o ABSOLUTE
    ..\Drivers\STM32F4xx_HAL_Driver\Src\stm32f4xx_hal.c 0x00000000   Number         0  stm32f4xx_hal.o ABSOLUTE
    ..\Drivers\STM32F4xx_HAL_Driver\Src\stm32f4xx_hal_cortex.c 0x00000000   Number         0  stm32f4xx_hal_cortex.o ABSOLUTE
    ..\Drivers\STM32F4xx_HAL_Driver\Src\stm32f4xx_hal_dma.c 0x00000000   Number         0  stm32f4xx_hal_dma.o ABSOLUTE
    ..\Drivers\STM32F4xx_HAL_Driver\Src\stm32f4xx_hal_dma_ex.c 0x00000000   Number         0  stm32f4xx_hal_dma_ex.o ABSOLUTE
    ..\Drivers\STM32F4xx_HAL_Driver\Src\stm32f4xx_hal_exti.c 0x00000000   Number         0  stm32f4xx_hal_exti.o ABSOLUTE
    ..\Drivers\STM32F4xx_HAL_Driver\Src\stm32f4xx_hal_flash.c 0x00000000   Number         0  stm32f4xx_hal_flash.o ABSOLUTE
    ..\Drivers\STM32F4xx_HAL_Driver\Src\stm32f4xx_hal_flash_ex.c 0x00000000   Number         0  stm32f4xx_hal_flash_ex.o ABSOLUTE
    ..\Drivers\STM32F4xx_HAL_Driver\Src\stm32f4xx_hal_flash_ramfunc.c 0x00000000   Number         0  stm32f4xx_hal_flash_ramfunc.o ABSOLUTE
    ..\Drivers\STM32F4xx_HAL_Driver\Src\stm32f4xx_hal_gpio.c 0x00000000   Number         0  stm32f4xx_hal_gpio.o ABSOLUTE
    ..\Drivers\STM32F4xx_HAL_Driver\Src\stm32f4xx_hal_pwr.c 0x00000000   Number         0  stm32f4xx_hal_pwr.o ABSOLUTE
    ..\Drivers\STM32F4xx_HAL_Driver\Src\stm32f4xx_hal_pwr_ex.c 0x00000000   Number         0  stm32f4xx_hal_pwr_ex.o ABSOLUTE
    ..\Drivers\STM32F4xx_HAL_Driver\Src\stm32f4xx_hal_rcc.c 0x00000000   Number         0  stm32f4xx_hal_rcc.o ABSOLUTE
    ..\Drivers\STM32F4xx_HAL_Driver\Src\stm32f4xx_hal_rcc_ex.c 0x00000000   Number         0  stm32f4xx_hal_rcc_ex.o ABSOLUTE
    ..\Drivers\STM32F4xx_HAL_Driver\Src\stm32f4xx_hal_tim.c 0x00000000   Number         0  stm32f4xx_hal_tim.o ABSOLUTE
    ..\Drivers\STM32F4xx_HAL_Driver\Src\stm32f4xx_hal_tim_ex.c 0x00000000   Number         0  stm32f4xx_hal_tim_ex.o ABSOLUTE
    ..\Drivers\STM32F4xx_HAL_Driver\Src\stm32f4xx_hal_uart.c 0x00000000   Number         0  stm32f4xx_hal_uart.o ABSOLUTE
    ..\Modules\Joint\joint.c                 0x00000000   Number         0  joint.o ABSOLUTE
    ..\Modules\Motor\Motor_A1\A1_motor_drive.c 0x00000000   Number         0  a1_motor_drive.o ABSOLUTE
    ..\\Core\\Src\\calc.c                    0x00000000   Number         0  calc.o ABSOLUTE
    ..\\Core\\Src\\key_state_machine.c       0x00000000   Number         0  key_state_machine.o ABSOLUTE
    ..\\Modules\\Joint\\joint.c              0x00000000   Number         0  joint.o ABSOLUTE
    ..\\Modules\\Motor\\Motor_A1\\A1_motor_drive.c 0x00000000   Number         0  a1_motor_drive.o ABSOLUTE
    dc.s                                     0x00000000   Number         0  dc.o ABSOLUTE
    handlers.s                               0x00000000   Number         0  handlers.o ABSOLUTE
    init.s                                   0x00000000   Number         0  init.o ABSOLUTE
    startup_stm32f407xx.s                    0x00000000   Number         0  startup_stm32f407xx.o ABSOLUTE
    RESET                                    0x08000000   Section      392  startup_stm32f407xx.o(RESET)
    .ARM.Collect$$$$00000000                 0x08000188   Section        0  entry.o(.ARM.Collect$$$$00000000)
    .ARM.Collect$$$$00000001                 0x08000188   Section        4  entry2.o(.ARM.Collect$$$$00000001)
    .ARM.Collect$$$$00000004                 0x0800018c   Section        4  entry5.o(.ARM.Collect$$$$00000004)
    .ARM.Collect$$$$00000008                 0x08000190   Section        0  entry7b.o(.ARM.Collect$$$$00000008)
    .ARM.Collect$$$$0000000A                 0x08000190   Section        0  entry8b.o(.ARM.Collect$$$$0000000A)
    .ARM.Collect$$$$0000000B                 0x08000190   Section        8  entry9a.o(.ARM.Collect$$$$0000000B)
    .ARM.Collect$$$$0000000E                 0x08000198   Section        4  entry12b.o(.ARM.Collect$$$$0000000E)
    .ARM.Collect$$$$0000000F                 0x0800019c   Section        0  entry10a.o(.ARM.Collect$$$$0000000F)
    .ARM.Collect$$$$00000011                 0x0800019c   Section        0  entry11a.o(.ARM.Collect$$$$00000011)
    .ARM.Collect$$$$00002712                 0x0800019c   Section        4  entry2.o(.ARM.Collect$$$$00002712)
    __lit__00000000                          0x0800019c   Data           4  entry2.o(.ARM.Collect$$$$00002712)
    .text                                    0x080001a0   Section       36  startup_stm32f407xx.o(.text)
    $v0                                      0x080001a0   Number         0  startup_stm32f407xx.o(.text)
    .text                                    0x080001c4   Section        0  uldiv.o(.text)
    .text                                    0x08000226   Section        0  memcpya.o(.text)
    .text                                    0x0800024a   Section        0  memseta.o(.text)
    .text                                    0x0800026e   Section        0  dmul.o(.text)
    .text                                    0x08000352   Section        0  ddiv.o(.text)
    .text                                    0x08000430   Section        0  f2d.o(.text)
    .text                                    0x08000456   Section        0  d2f.o(.text)
    .text                                    0x0800048e   Section        0  llshl.o(.text)
    .text                                    0x080004ac   Section        0  llushr.o(.text)
    .text                                    0x080004cc   Section        0  iusefp.o(.text)
    .text                                    0x080004cc   Section        0  fepilogue.o(.text)
    .text                                    0x0800053a   Section        0  depilogue.o(.text)
    .text                                    0x080005f4   Section       36  init.o(.text)
    i.BusFault_Handler                       0x08000618   Section        0  stm32f4xx_it.o(i.BusFault_Handler)
    i.DebugMon_Handler                       0x0800061a   Section        0  stm32f4xx_it.o(i.DebugMon_Handler)
    i.Error_Handler                          0x0800061c   Section        0  main.o(i.Error_Handler)
    i.HAL_Delay                              0x08000620   Section        0  stm32f4xx_hal.o(i.HAL_Delay)
    i.HAL_GPIO_Init                          0x08000644   Section        0  stm32f4xx_hal_gpio.o(i.HAL_GPIO_Init)
    i.HAL_GPIO_ReadPin                       0x08000834   Section        0  stm32f4xx_hal_gpio.o(i.HAL_GPIO_ReadPin)
    i.HAL_GPIO_WritePin                      0x0800083e   Section        0  stm32f4xx_hal_gpio.o(i.HAL_GPIO_WritePin)
    i.HAL_GetTick                            0x08000848   Section        0  stm32f4xx_hal.o(i.HAL_GetTick)
    i.HAL_IncTick                            0x08000854   Section        0  stm32f4xx_hal.o(i.HAL_IncTick)
    i.HAL_Init                               0x08000864   Section        0  stm32f4xx_hal.o(i.HAL_Init)
    i.HAL_InitTick                           0x08000898   Section        0  stm32f4xx_hal_timebase_tim.o(i.HAL_InitTick)
    i.HAL_MspInit                            0x08000924   Section        0  stm32f4xx_hal_msp.o(i.HAL_MspInit)
    i.HAL_NVIC_EnableIRQ                     0x08000954   Section        0  stm32f4xx_hal_cortex.o(i.HAL_NVIC_EnableIRQ)
    i.HAL_NVIC_SetPriority                   0x08000970   Section        0  stm32f4xx_hal_cortex.o(i.HAL_NVIC_SetPriority)
    i.HAL_NVIC_SetPriorityGrouping           0x080009b0   Section        0  stm32f4xx_hal_cortex.o(i.HAL_NVIC_SetPriorityGrouping)
    i.HAL_RCC_ClockConfig                    0x080009d4   Section        0  stm32f4xx_hal_rcc.o(i.HAL_RCC_ClockConfig)
    i.HAL_RCC_GetClockConfig                 0x08000b08   Section        0  stm32f4xx_hal_rcc.o(i.HAL_RCC_GetClockConfig)
    i.HAL_RCC_GetPCLK1Freq                   0x08000b48   Section        0  stm32f4xx_hal_rcc.o(i.HAL_RCC_GetPCLK1Freq)
    i.HAL_RCC_GetPCLK2Freq                   0x08000b68   Section        0  stm32f4xx_hal_rcc.o(i.HAL_RCC_GetPCLK2Freq)
    i.HAL_RCC_GetSysClockFreq                0x08000b88   Section        0  stm32f4xx_hal_rcc.o(i.HAL_RCC_GetSysClockFreq)
    i.HAL_RCC_OscConfig                      0x08000be8   Section        0  stm32f4xx_hal_rcc.o(i.HAL_RCC_OscConfig)
    i.HAL_TIMEx_BreakCallback                0x08000f54   Section        0  stm32f4xx_hal_tim_ex.o(i.HAL_TIMEx_BreakCallback)
    i.HAL_TIMEx_CommutCallback               0x08000f56   Section        0  stm32f4xx_hal_tim_ex.o(i.HAL_TIMEx_CommutCallback)
    i.HAL_TIMEx_MasterConfigSynchronization  0x08000f58   Section        0  stm32f4xx_hal_tim_ex.o(i.HAL_TIMEx_MasterConfigSynchronization)
    i.HAL_TIM_Base_Init                      0x08000fe8   Section        0  stm32f4xx_hal_tim.o(i.HAL_TIM_Base_Init)
    i.HAL_TIM_Base_MspInit                   0x08001044   Section        0  tim.o(i.HAL_TIM_Base_MspInit)
    i.HAL_TIM_Base_Start_IT                  0x0800107c   Section        0  stm32f4xx_hal_tim.o(i.HAL_TIM_Base_Start_IT)
    i.HAL_TIM_ConfigClockSource              0x080010fc   Section        0  stm32f4xx_hal_tim.o(i.HAL_TIM_ConfigClockSource)
    i.HAL_TIM_IC_CaptureCallback             0x080011d8   Section        0  stm32f4xx_hal_tim.o(i.HAL_TIM_IC_CaptureCallback)
    i.HAL_TIM_IRQHandler                     0x080011da   Section        0  stm32f4xx_hal_tim.o(i.HAL_TIM_IRQHandler)
    i.HAL_TIM_OC_DelayElapsedCallback        0x0800130a   Section        0  stm32f4xx_hal_tim.o(i.HAL_TIM_OC_DelayElapsedCallback)
    i.HAL_TIM_PWM_PulseFinishedCallback      0x0800130c   Section        0  stm32f4xx_hal_tim.o(i.HAL_TIM_PWM_PulseFinishedCallback)
    i.HAL_TIM_PeriodElapsedCallback          0x08001310   Section        0  main.o(i.HAL_TIM_PeriodElapsedCallback)
    i.HAL_TIM_TriggerCallback                0x08001338   Section        0  stm32f4xx_hal_tim.o(i.HAL_TIM_TriggerCallback)
    i.HAL_UART_GetError                      0x0800133a   Section        0  stm32f4xx_hal_uart.o(i.HAL_UART_GetError)
    i.HAL_UART_Init                          0x0800133e   Section        0  stm32f4xx_hal_uart.o(i.HAL_UART_Init)
    i.HAL_UART_MspInit                       0x080013a4   Section        0  usart.o(i.HAL_UART_MspInit)
    i.HAL_UART_Receive                       0x08001474   Section        0  stm32f4xx_hal_uart.o(i.HAL_UART_Receive)
    i.HAL_UART_Transmit                      0x08001524   Section        0  stm32f4xx_hal_uart.o(i.HAL_UART_Transmit)
    i.HardFault_Handler                      0x080015c4   Section        0  stm32f4xx_it.o(i.HardFault_Handler)
    i.Joint_Full_PW_Control                  0x080015c8   Section        0  joint.o(i.Joint_Full_PW_Control)
    i.Joint_Full_Position_Control            0x080016b4   Section        0  joint.o(i.Joint_Full_Position_Control)
    i.Joint_PW_Control                       0x08001788   Section        0  joint.o(i.Joint_PW_Control)
    i.Joint_Position_Control                 0x0800190c   Section        0  joint.o(i.Joint_Position_Control)
    i.Joint_Zero_OK                          0x08001a34   Section        0  joint.o(i.Joint_Zero_OK)
    i.Joint_Zero_init_Type1                  0x08001ab8   Section        0  joint.o(i.Joint_Zero_init_Type1)
    i.Key1_scope                             0x08001c1c   Section        0  key_state_machine.o(i.Key1_scope)
    i.Key2_scope                             0x08001c28   Section        0  key_state_machine.o(i.Key2_scope)
    i.Key3_scope                             0x08001c34   Section        0  key_state_machine.o(i.Key3_scope)
    i.Key4_scope                             0x08001c40   Section        0  key_state_machine.o(i.Key4_scope)
    i.Key_GetCurrentMode                     0x08001c4c   Section        0  key_state_machine.o(i.Key_GetCurrentMode)
    i.Key_GetTaskState                       0x08001c58   Section        0  key_state_machine.o(i.Key_GetTaskState)
    i.Key_HandleEvents                       0x08001c64   Section        0  key_state_machine.o(i.Key_HandleEvents)
    Key_HandleEvents                         0x08001c65   Thumb Code    92  key_state_machine.o(i.Key_HandleEvents)
    i.Key_Process                            0x08001cc4   Section        0  key_state_machine.o(i.Key_Process)
    i.Key_StateMachine                       0x08001cf0   Section        0  key_state_machine.o(i.Key_StateMachine)
    Key_StateMachine                         0x08001cf1   Thumb Code   186  key_state_machine.o(i.Key_StateMachine)
    i.MX_GPIO_Init                           0x08001dac   Section        0  gpio.o(i.MX_GPIO_Init)
    i.MX_TIM2_Init                           0x08001ec8   Section        0  tim.o(i.MX_TIM2_Init)
    i.MX_USART1_UART_Init                    0x08001f30   Section        0  usart.o(i.MX_USART1_UART_Init)
    i.MX_USART6_UART_Init                    0x08001f6c   Section        0  usart.o(i.MX_USART6_UART_Init)
    i.MemManage_Handler                      0x08001fa8   Section        0  stm32f4xx_it.o(i.MemManage_Handler)
    i.NMI_Handler                            0x08001faa   Section        0  stm32f4xx_it.o(i.NMI_Handler)
    i.PendSV_Handler                         0x08001fac   Section        0  stm32f4xx_it.o(i.PendSV_Handler)
    i.SVC_Handler                            0x08001fae   Section        0  stm32f4xx_it.o(i.SVC_Handler)
    i.SysTick_Handler                        0x08001fb0   Section        0  stm32f4xx_it.o(i.SysTick_Handler)
    i.SystemClock_Config                     0x08001fb4   Section        0  main.o(i.SystemClock_Config)
    i.SystemInit                             0x08002048   Section        0  system_stm32f4xx.o(i.SystemInit)
    i.TIM1_UP_TIM10_IRQHandler               0x08002058   Section        0  stm32f4xx_it.o(i.TIM1_UP_TIM10_IRQHandler)
    i.TIM2_IRQHandler                        0x08002064   Section        0  stm32f4xx_it.o(i.TIM2_IRQHandler)
    i.TIM_Base_SetConfig                     0x08002070   Section        0  stm32f4xx_hal_tim.o(i.TIM_Base_SetConfig)
    i.TIM_ETR_SetConfig                      0x08002140   Section        0  stm32f4xx_hal_tim.o(i.TIM_ETR_SetConfig)
    i.TIM_ITRx_SetConfig                     0x08002154   Section        0  stm32f4xx_hal_tim.o(i.TIM_ITRx_SetConfig)
    TIM_ITRx_SetConfig                       0x08002155   Thumb Code    16  stm32f4xx_hal_tim.o(i.TIM_ITRx_SetConfig)
    i.TIM_TI1_ConfigInputStage               0x08002164   Section        0  stm32f4xx_hal_tim.o(i.TIM_TI1_ConfigInputStage)
    TIM_TI1_ConfigInputStage                 0x08002165   Thumb Code    34  stm32f4xx_hal_tim.o(i.TIM_TI1_ConfigInputStage)
    i.TIM_TI2_ConfigInputStage               0x08002186   Section        0  stm32f4xx_hal_tim.o(i.TIM_TI2_ConfigInputStage)
    TIM_TI2_ConfigInputStage                 0x08002187   Thumb Code    36  stm32f4xx_hal_tim.o(i.TIM_TI2_ConfigInputStage)
    i.Task_Execute                           0x080021ac   Section        0  key_state_machine.o(i.Task_Execute)
    i.UART_EndRxTransfer                     0x08002350   Section        0  stm32f4xx_hal_uart.o(i.UART_EndRxTransfer)
    UART_EndRxTransfer                       0x08002351   Thumb Code    78  stm32f4xx_hal_uart.o(i.UART_EndRxTransfer)
    i.UART_SetConfig                         0x080023a0   Section        0  stm32f4xx_hal_uart.o(i.UART_SetConfig)
    UART_SetConfig                           0x080023a1   Thumb Code   258  stm32f4xx_hal_uart.o(i.UART_SetConfig)
    i.UART_WaitOnFlagUntilTimeout            0x080024ac   Section        0  stm32f4xx_hal_uart.o(i.UART_WaitOnFlagUntilTimeout)
    UART_WaitOnFlagUntilTimeout              0x080024ad   Thumb Code   114  stm32f4xx_hal_uart.o(i.UART_WaitOnFlagUntilTimeout)
    i.UsageFault_Handler                     0x0800251e   Section        0  stm32f4xx_it.o(i.UsageFault_Handler)
    i.__ARM_fpclassifyf                      0x08002520   Section        0  fpclassifyf.o(i.__ARM_fpclassifyf)
    i.__NVIC_SetPriority                     0x08002546   Section        0  stm32f4xx_hal_cortex.o(i.__NVIC_SetPriority)
    __NVIC_SetPriority                       0x08002547   Thumb Code    32  stm32f4xx_hal_cortex.o(i.__NVIC_SetPriority)
    i.__hardfp_cosf                          0x08002568   Section        0  cosf.o(i.__hardfp_cosf)
    i.__hardfp_sinf                          0x080026b8   Section        0  sinf.o(i.__hardfp_sinf)
    i.__hardfp_sqrtf                         0x08002848   Section        0  sqrtf.o(i.__hardfp_sqrtf)
    i.__mathlib_flt_infnan                   0x08002882   Section        0  funder.o(i.__mathlib_flt_infnan)
    i.__mathlib_flt_invalid                  0x08002888   Section        0  funder.o(i.__mathlib_flt_invalid)
    i.__mathlib_flt_underflow                0x08002898   Section        0  funder.o(i.__mathlib_flt_underflow)
    i.__mathlib_rredf2                       0x080028a8   Section        0  rredf.o(i.__mathlib_rredf2)
    i.__scatterload_copy                     0x080029fc   Section       14  handlers.o(i.__scatterload_copy)
    i.__scatterload_null                     0x08002a0a   Section        2  handlers.o(i.__scatterload_null)
    i.__scatterload_zeroinit                 0x08002a0c   Section       14  handlers.o(i.__scatterload_zeroinit)
    i.__set_errno                            0x08002a1c   Section        0  errno.o(i.__set_errno)
    i.calculate_poly5_coeff                  0x08002a28   Section        0  calc.o(i.calculate_poly5_coeff)
    calculate_poly5_coeff                    0x08002a29   Thumb Code   190  calc.o(i.calculate_poly5_coeff)
    i.cdpr_init                              0x08002ae8   Section        0  calc.o(i.cdpr_init)
    i.crc32_core_Ver3                        0x08002b0c   Section        0  a1_motor_drive.o(i.crc32_core_Ver3)
    i.crc_ccitt                              0x08002b48   Section        0  crc_ccitt.o(i.crc_ccitt)
    i.crc_ccitt_byte                         0x08002b60   Section        0  crc_ccitt.o(i.crc_ccitt_byte)
    i.cross_product                          0x08002b74   Section        0  calc.o(i.cross_product)
    i.extract_data                           0x08002bcc   Section        0  gom_protocol.o(i.extract_data)
    i.generate_trajectory_and_angles         0x08002cb4   Section        0  calc.o(i.generate_trajectory_and_angles)
    generate_trajectory_and_angles           0x08002cb5   Thumb Code   782  calc.o(i.generate_trajectory_and_angles)
    i.get_rotation_matrix                    0x08002fe8   Section        0  calc.o(i.get_rotation_matrix)
    i.get_translation_matrix                 0x080030c0   Section        0  calc.o(i.get_translation_matrix)
    i.go_pos_cmd                             0x08003110   Section        0  gom_protocol.o(i.go_pos_cmd)
    i.go_pw_cmd                              0x08003158   Section        0  gom_protocol.o(i.go_pw_cmd)
    i.go_torque_cmd                          0x080031a4   Section        0  gom_protocol.o(i.go_torque_cmd)
    i.main                                   0x080031c8   Section        0  main.o(i.main)
    i.matrix_multiply                        0x08003330   Section        0  calc.o(i.matrix_multiply)
    i.modify_PW_cmd                          0x08003390   Section        0  a1_motor_drive.o(i.modify_PW_cmd)
    i.modify_data                            0x080033f0   Section        0  gom_protocol.o(i.modify_data)
    i.modify_pos_cmd                         0x080035ac   Section        0  a1_motor_drive.o(i.modify_pos_cmd)
    i.modify_torque_cmd                      0x08003604   Section        0  a1_motor_drive.o(i.modify_torque_cmd)
    i.motor_relax                            0x08003650   Section        0  a1_motor_drive.o(i.motor_relax)
    i.point_mult_matrix                      0x0800371c   Section        0  calc.o(i.point_mult_matrix)
    i.unitreeA1_rxtx                         0x080037b0   Section        0  a1_motor_drive.o(i.unitreeA1_rxtx)
    i.vector_norm                            0x08003b14   Section        0  calc.o(i.vector_norm)
    .constdata                               0x08003b30   Section      448  calc.o(.constdata)
    .constdata                               0x08003cf0   Section      144  key_state_machine.o(.constdata)
    .constdata                               0x08003d80   Section      512  crc_ccitt.o(.constdata)
    .constdata                               0x08003f80   Section       48  main.o(.constdata)
    .constdata                               0x08003fb0   Section       16  system_stm32f4xx.o(.constdata)
    .constdata                               0x08003fc0   Section        8  system_stm32f4xx.o(.constdata)
    .constdata                               0x08003fc8   Section       32  rredf.o(.constdata)
    twooverpi                                0x08003fc8   Data          32  rredf.o(.constdata)
    .bss                                     0x20000000   Section    64240  calc.o(.bss)
    .bss                                     0x2000faf0   Section    28140  main.o(.bss)
    STACK                                    0x200168e0   Section    16384  startup_stm32f407xx.o(STACK)
    .data                                    0x2001c000   Section      124  key_state_machine.o(.data)
    task_running                             0x2001c000   Data           1  key_state_machine.o(.data)
    current_mode                             0x2001c001   Data           1  key_state_machine.o(.data)
    key1                                     0x2001c00c   Data          28  key_state_machine.o(.data)
    key2                                     0x2001c028   Data          28  key_state_machine.o(.data)
    key3                                     0x2001c044   Data          28  key_state_machine.o(.data)
    key4                                     0x2001c060   Data          28  key_state_machine.o(.data)
    .data                                    0x2001c07c   Section       12  main.o(.data)
    .data                                    0x2001c088   Section       12  stm32f4xx_hal.o(.data)
    .data                                    0x2001c094   Section        4  system_stm32f4xx.o(.data)
    .data                                    0x2001c098   Section       16  a1_motor_drive.o(.data)
    .data                                    0x2001c0a8   Section       32  joint.o(.data)
    .data                                    0x2001c0c8   Section        4  errno.o(.data)
    _errno                                   0x2001c0c8   Data           4  errno.o(.data)
    .bss                                     0x2001c0cc   Section       72  tim.o(.bss)
    .bss                                     0x2001c114   Section      144  usart.o(.bss)
    .bss                                     0x2001c1a4   Section       72  stm32f4xx_hal_timebase_tim.o(.bss)
    .bss                                     0x2001c1ec   Section     1308  a1_motor_drive.o(.bss)

    Global Symbols

    Symbol Name                              Value     Ov Type        Size  Object(Section)

    BuildAttributes$$THM_ISAv4$E$P$D$K$B$S$7EM$VFPi3$EXTD16$VFPS$VFMA$PE$A:L22UL41UL21$X:L11$S22US41US21$IEEE1$IW$USESV6$~STKCKD$USESV7$~SHL$OTIME$ROPI$IEEEX$EBA8$MICROLIB$REQ8$PRES8$EABIv2 0x00000000   Number         0  anon$$obj.o ABSOLUTE
    __ARM_use_no_argv                        0x00000000   Number         0  main.o ABSOLUTE
    __arm_fini_                               - Undefined Weak Reference
    __cpp_initialize__aeabi_                  - Undefined Weak Reference
    __cxa_finalize                            - Undefined Weak Reference
    __decompress                              - Undefined Weak Reference
    _clock_init                               - Undefined Weak Reference
    _microlib_exit                            - Undefined Weak Reference
    __Vectors_Size                           0x00000188   Number         0  startup_stm32f407xx.o ABSOLUTE
    __Vectors                                0x08000000   Data           4  startup_stm32f407xx.o(RESET)
    __Vectors_End                            0x08000188   Data           0  startup_stm32f407xx.o(RESET)
    __main                                   0x08000189   Thumb Code     0  entry.o(.ARM.Collect$$$$00000000)
    _main_stk                                0x08000189   Thumb Code     0  entry2.o(.ARM.Collect$$$$00000001)
    _main_scatterload                        0x0800018d   Thumb Code     0  entry5.o(.ARM.Collect$$$$00000004)
    __main_after_scatterload                 0x08000191   Thumb Code     0  entry5.o(.ARM.Collect$$$$00000004)
    _main_clock                              0x08000191   Thumb Code     0  entry7b.o(.ARM.Collect$$$$00000008)
    _main_cpp_init                           0x08000191   Thumb Code     0  entry8b.o(.ARM.Collect$$$$0000000A)
    _main_init                               0x08000191   Thumb Code     0  entry9a.o(.ARM.Collect$$$$0000000B)
    __rt_lib_shutdown_fini                   0x08000199   Thumb Code     0  entry12b.o(.ARM.Collect$$$$0000000E)
    __rt_final_cpp                           0x0800019d   Thumb Code     0  entry10a.o(.ARM.Collect$$$$0000000F)
    __rt_final_exit                          0x0800019d   Thumb Code     0  entry11a.o(.ARM.Collect$$$$00000011)
    Reset_Handler                            0x080001a1   Thumb Code     8  startup_stm32f407xx.o(.text)
    ADC_IRQHandler                           0x080001bb   Thumb Code     0  startup_stm32f407xx.o(.text)
    CAN1_RX0_IRQHandler                      0x080001bb   Thumb Code     0  startup_stm32f407xx.o(.text)
    CAN1_RX1_IRQHandler                      0x080001bb   Thumb Code     0  startup_stm32f407xx.o(.text)
    CAN1_SCE_IRQHandler                      0x080001bb   Thumb Code     0  startup_stm32f407xx.o(.text)
    CAN1_TX_IRQHandler                       0x080001bb   Thumb Code     0  startup_stm32f407xx.o(.text)
    CAN2_RX0_IRQHandler                      0x080001bb   Thumb Code     0  startup_stm32f407xx.o(.text)
    CAN2_RX1_IRQHandler                      0x080001bb   Thumb Code     0  startup_stm32f407xx.o(.text)
    CAN2_SCE_IRQHandler                      0x080001bb   Thumb Code     0  startup_stm32f407xx.o(.text)
    CAN2_TX_IRQHandler                       0x080001bb   Thumb Code     0  startup_stm32f407xx.o(.text)
    DCMI_IRQHandler                          0x080001bb   Thumb Code     0  startup_stm32f407xx.o(.text)
    DMA1_Stream0_IRQHandler                  0x080001bb   Thumb Code     0  startup_stm32f407xx.o(.text)
    DMA1_Stream1_IRQHandler                  0x080001bb   Thumb Code     0  startup_stm32f407xx.o(.text)
    DMA1_Stream2_IRQHandler                  0x080001bb   Thumb Code     0  startup_stm32f407xx.o(.text)
    DMA1_Stream3_IRQHandler                  0x080001bb   Thumb Code     0  startup_stm32f407xx.o(.text)
    DMA1_Stream4_IRQHandler                  0x080001bb   Thumb Code     0  startup_stm32f407xx.o(.text)
    DMA1_Stream5_IRQHandler                  0x080001bb   Thumb Code     0  startup_stm32f407xx.o(.text)
    DMA1_Stream6_IRQHandler                  0x080001bb   Thumb Code     0  startup_stm32f407xx.o(.text)
    DMA1_Stream7_IRQHandler                  0x080001bb   Thumb Code     0  startup_stm32f407xx.o(.text)
    DMA2_Stream0_IRQHandler                  0x080001bb   Thumb Code     0  startup_stm32f407xx.o(.text)
    DMA2_Stream1_IRQHandler                  0x080001bb   Thumb Code     0  startup_stm32f407xx.o(.text)
    DMA2_Stream2_IRQHandler                  0x080001bb   Thumb Code     0  startup_stm32f407xx.o(.text)
    DMA2_Stream3_IRQHandler                  0x080001bb   Thumb Code     0  startup_stm32f407xx.o(.text)
    DMA2_Stream4_IRQHandler                  0x080001bb   Thumb Code     0  startup_stm32f407xx.o(.text)
    DMA2_Stream5_IRQHandler                  0x080001bb   Thumb Code     0  startup_stm32f407xx.o(.text)
    DMA2_Stream6_IRQHandler                  0x080001bb   Thumb Code     0  startup_stm32f407xx.o(.text)
    DMA2_Stream7_IRQHandler                  0x080001bb   Thumb Code     0  startup_stm32f407xx.o(.text)
    ETH_IRQHandler                           0x080001bb   Thumb Code     0  startup_stm32f407xx.o(.text)
    ETH_WKUP_IRQHandler                      0x080001bb   Thumb Code     0  startup_stm32f407xx.o(.text)
    EXTI0_IRQHandler                         0x080001bb   Thumb Code     0  startup_stm32f407xx.o(.text)
    EXTI15_10_IRQHandler                     0x080001bb   Thumb Code     0  startup_stm32f407xx.o(.text)
    EXTI1_IRQHandler                         0x080001bb   Thumb Code     0  startup_stm32f407xx.o(.text)
    EXTI2_IRQHandler                         0x080001bb   Thumb Code     0  startup_stm32f407xx.o(.text)
    EXTI3_IRQHandler                         0x080001bb   Thumb Code     0  startup_stm32f407xx.o(.text)
    EXTI4_IRQHandler                         0x080001bb   Thumb Code     0  startup_stm32f407xx.o(.text)
    EXTI9_5_IRQHandler                       0x080001bb   Thumb Code     0  startup_stm32f407xx.o(.text)
    FLASH_IRQHandler                         0x080001bb   Thumb Code     0  startup_stm32f407xx.o(.text)
    FMC_IRQHandler                           0x080001bb   Thumb Code     0  startup_stm32f407xx.o(.text)
    FPU_IRQHandler                           0x080001bb   Thumb Code     0  startup_stm32f407xx.o(.text)
    HASH_RNG_IRQHandler                      0x080001bb   Thumb Code     0  startup_stm32f407xx.o(.text)
    I2C1_ER_IRQHandler                       0x080001bb   Thumb Code     0  startup_stm32f407xx.o(.text)
    I2C1_EV_IRQHandler                       0x080001bb   Thumb Code     0  startup_stm32f407xx.o(.text)
    I2C2_ER_IRQHandler                       0x080001bb   Thumb Code     0  startup_stm32f407xx.o(.text)
    I2C2_EV_IRQHandler                       0x080001bb   Thumb Code     0  startup_stm32f407xx.o(.text)
    I2C3_ER_IRQHandler                       0x080001bb   Thumb Code     0  startup_stm32f407xx.o(.text)
    I2C3_EV_IRQHandler                       0x080001bb   Thumb Code     0  startup_stm32f407xx.o(.text)
    OTG_FS_IRQHandler                        0x080001bb   Thumb Code     0  startup_stm32f407xx.o(.text)
    OTG_FS_WKUP_IRQHandler                   0x080001bb   Thumb Code     0  startup_stm32f407xx.o(.text)
    OTG_HS_EP1_IN_IRQHandler                 0x080001bb   Thumb Code     0  startup_stm32f407xx.o(.text)
    OTG_HS_EP1_OUT_IRQHandler                0x080001bb   Thumb Code     0  startup_stm32f407xx.o(.text)
    OTG_HS_IRQHandler                        0x080001bb   Thumb Code     0  startup_stm32f407xx.o(.text)
    OTG_HS_WKUP_IRQHandler                   0x080001bb   Thumb Code     0  startup_stm32f407xx.o(.text)
    PVD_IRQHandler                           0x080001bb   Thumb Code     0  startup_stm32f407xx.o(.text)
    RCC_IRQHandler                           0x080001bb   Thumb Code     0  startup_stm32f407xx.o(.text)
    RTC_Alarm_IRQHandler                     0x080001bb   Thumb Code     0  startup_stm32f407xx.o(.text)
    RTC_WKUP_IRQHandler                      0x080001bb   Thumb Code     0  startup_stm32f407xx.o(.text)
    SDIO_IRQHandler                          0x080001bb   Thumb Code     0  startup_stm32f407xx.o(.text)
    SPI1_IRQHandler                          0x080001bb   Thumb Code     0  startup_stm32f407xx.o(.text)
    SPI2_IRQHandler                          0x080001bb   Thumb Code     0  startup_stm32f407xx.o(.text)
    SPI3_IRQHandler                          0x080001bb   Thumb Code     0  startup_stm32f407xx.o(.text)
    TAMP_STAMP_IRQHandler                    0x080001bb   Thumb Code     0  startup_stm32f407xx.o(.text)
    TIM1_BRK_TIM9_IRQHandler                 0x080001bb   Thumb Code     0  startup_stm32f407xx.o(.text)
    TIM1_CC_IRQHandler                       0x080001bb   Thumb Code     0  startup_stm32f407xx.o(.text)
    TIM1_TRG_COM_TIM11_IRQHandler            0x080001bb   Thumb Code     0  startup_stm32f407xx.o(.text)
    TIM3_IRQHandler                          0x080001bb   Thumb Code     0  startup_stm32f407xx.o(.text)
    TIM4_IRQHandler                          0x080001bb   Thumb Code     0  startup_stm32f407xx.o(.text)
    TIM5_IRQHandler                          0x080001bb   Thumb Code     0  startup_stm32f407xx.o(.text)
    TIM6_DAC_IRQHandler                      0x080001bb   Thumb Code     0  startup_stm32f407xx.o(.text)
    TIM7_IRQHandler                          0x080001bb   Thumb Code     0  startup_stm32f407xx.o(.text)
    TIM8_BRK_TIM12_IRQHandler                0x080001bb   Thumb Code     0  startup_stm32f407xx.o(.text)
    TIM8_CC_IRQHandler                       0x080001bb   Thumb Code     0  startup_stm32f407xx.o(.text)
    TIM8_TRG_COM_TIM14_IRQHandler            0x080001bb   Thumb Code     0  startup_stm32f407xx.o(.text)
    TIM8_UP_TIM13_IRQHandler                 0x080001bb   Thumb Code     0  startup_stm32f407xx.o(.text)
    UART4_IRQHandler                         0x080001bb   Thumb Code     0  startup_stm32f407xx.o(.text)
    UART5_IRQHandler                         0x080001bb   Thumb Code     0  startup_stm32f407xx.o(.text)
    USART1_IRQHandler                        0x080001bb   Thumb Code     0  startup_stm32f407xx.o(.text)
    USART2_IRQHandler                        0x080001bb   Thumb Code     0  startup_stm32f407xx.o(.text)
    USART3_IRQHandler                        0x080001bb   Thumb Code     0  startup_stm32f407xx.o(.text)
    USART6_IRQHandler                        0x080001bb   Thumb Code     0  startup_stm32f407xx.o(.text)
    WWDG_IRQHandler                          0x080001bb   Thumb Code     0  startup_stm32f407xx.o(.text)
    __aeabi_uldivmod                         0x080001c5   Thumb Code    98  uldiv.o(.text)
    __aeabi_memcpy                           0x08000227   Thumb Code    36  memcpya.o(.text)
    __aeabi_memcpy4                          0x08000227   Thumb Code     0  memcpya.o(.text)
    __aeabi_memcpy8                          0x08000227   Thumb Code     0  memcpya.o(.text)
    __aeabi_memset                           0x0800024b   Thumb Code    14  memseta.o(.text)
    __aeabi_memset4                          0x0800024b   Thumb Code     0  memseta.o(.text)
    __aeabi_memset8                          0x0800024b   Thumb Code     0  memseta.o(.text)
    __aeabi_memclr                           0x08000259   Thumb Code     4  memseta.o(.text)
    __aeabi_memclr4                          0x08000259   Thumb Code     0  memseta.o(.text)
    __aeabi_memclr8                          0x08000259   Thumb Code     0  memseta.o(.text)
    _memset$wrapper                          0x0800025d   Thumb Code    18  memseta.o(.text)
    __aeabi_dmul                             0x0800026f   Thumb Code   228  dmul.o(.text)
    __aeabi_ddiv                             0x08000353   Thumb Code   222  ddiv.o(.text)
    __aeabi_f2d                              0x08000431   Thumb Code    38  f2d.o(.text)
    __aeabi_d2f                              0x08000457   Thumb Code    56  d2f.o(.text)
    __aeabi_llsl                             0x0800048f   Thumb Code    30  llshl.o(.text)
    _ll_shift_l                              0x0800048f   Thumb Code     0  llshl.o(.text)
    __aeabi_llsr                             0x080004ad   Thumb Code    32  llushr.o(.text)
    _ll_ushift_r                             0x080004ad   Thumb Code     0  llushr.o(.text)
    __I$use$fp                               0x080004cd   Thumb Code     0  iusefp.o(.text)
    _float_round                             0x080004cd   Thumb Code    18  fepilogue.o(.text)
    _float_epilogue                          0x080004df   Thumb Code    92  fepilogue.o(.text)
    _double_round                            0x0800053b   Thumb Code    30  depilogue.o(.text)
    _double_epilogue                         0x08000559   Thumb Code   156  depilogue.o(.text)
    __scatterload                            0x080005f5   Thumb Code    28  init.o(.text)
    __scatterload_rt2                        0x080005f5   Thumb Code     0  init.o(.text)
    BusFault_Handler                         0x08000619   Thumb Code     2  stm32f4xx_it.o(i.BusFault_Handler)
    DebugMon_Handler                         0x0800061b   Thumb Code     2  stm32f4xx_it.o(i.DebugMon_Handler)
    Error_Handler                            0x0800061d   Thumb Code     4  main.o(i.Error_Handler)
    HAL_Delay                                0x08000621   Thumb Code    32  stm32f4xx_hal.o(i.HAL_Delay)
    HAL_GPIO_Init                            0x08000645   Thumb Code   450  stm32f4xx_hal_gpio.o(i.HAL_GPIO_Init)
    HAL_GPIO_ReadPin                         0x08000835   Thumb Code    10  stm32f4xx_hal_gpio.o(i.HAL_GPIO_ReadPin)
    HAL_GPIO_WritePin                        0x0800083f   Thumb Code    10  stm32f4xx_hal_gpio.o(i.HAL_GPIO_WritePin)
    HAL_GetTick                              0x08000849   Thumb Code     6  stm32f4xx_hal.o(i.HAL_GetTick)
    HAL_IncTick                              0x08000855   Thumb Code    12  stm32f4xx_hal.o(i.HAL_IncTick)
    HAL_Init                                 0x08000865   Thumb Code    48  stm32f4xx_hal.o(i.HAL_Init)
    HAL_InitTick                             0x08000899   Thumb Code   120  stm32f4xx_hal_timebase_tim.o(i.HAL_InitTick)
    HAL_MspInit                              0x08000925   Thumb Code    42  stm32f4xx_hal_msp.o(i.HAL_MspInit)
    HAL_NVIC_EnableIRQ                       0x08000955   Thumb Code    26  stm32f4xx_hal_cortex.o(i.HAL_NVIC_EnableIRQ)
    HAL_NVIC_SetPriority                     0x08000971   Thumb Code    60  stm32f4xx_hal_cortex.o(i.HAL_NVIC_SetPriority)
    HAL_NVIC_SetPriorityGrouping             0x080009b1   Thumb Code    26  stm32f4xx_hal_cortex.o(i.HAL_NVIC_SetPriorityGrouping)
    HAL_RCC_ClockConfig                      0x080009d5   Thumb Code   288  stm32f4xx_hal_rcc.o(i.HAL_RCC_ClockConfig)
    HAL_RCC_GetClockConfig                   0x08000b09   Thumb Code    54  stm32f4xx_hal_rcc.o(i.HAL_RCC_GetClockConfig)
    HAL_RCC_GetPCLK1Freq                     0x08000b49   Thumb Code    20  stm32f4xx_hal_rcc.o(i.HAL_RCC_GetPCLK1Freq)
    HAL_RCC_GetPCLK2Freq                     0x08000b69   Thumb Code    20  stm32f4xx_hal_rcc.o(i.HAL_RCC_GetPCLK2Freq)
    HAL_RCC_GetSysClockFreq                  0x08000b89   Thumb Code    88  stm32f4xx_hal_rcc.o(i.HAL_RCC_GetSysClockFreq)
    HAL_RCC_OscConfig                        0x08000be9   Thumb Code   856  stm32f4xx_hal_rcc.o(i.HAL_RCC_OscConfig)
    HAL_TIMEx_BreakCallback                  0x08000f55   Thumb Code     2  stm32f4xx_hal_tim_ex.o(i.HAL_TIMEx_BreakCallback)
    HAL_TIMEx_CommutCallback                 0x08000f57   Thumb Code     2  stm32f4xx_hal_tim_ex.o(i.HAL_TIMEx_CommutCallback)
    HAL_TIMEx_MasterConfigSynchronization    0x08000f59   Thumb Code   116  stm32f4xx_hal_tim_ex.o(i.HAL_TIMEx_MasterConfigSynchronization)
    HAL_TIM_Base_Init                        0x08000fe9   Thumb Code    90  stm32f4xx_hal_tim.o(i.HAL_TIM_Base_Init)
    HAL_TIM_Base_MspInit                     0x08001045   Thumb Code    50  tim.o(i.HAL_TIM_Base_MspInit)
    HAL_TIM_Base_Start_IT                    0x0800107d   Thumb Code   100  stm32f4xx_hal_tim.o(i.HAL_TIM_Base_Start_IT)
    HAL_TIM_ConfigClockSource                0x080010fd   Thumb Code   220  stm32f4xx_hal_tim.o(i.HAL_TIM_ConfigClockSource)
    HAL_TIM_IC_CaptureCallback               0x080011d9   Thumb Code     2  stm32f4xx_hal_tim.o(i.HAL_TIM_IC_CaptureCallback)
    HAL_TIM_IRQHandler                       0x080011db   Thumb Code   304  stm32f4xx_hal_tim.o(i.HAL_TIM_IRQHandler)
    HAL_TIM_OC_DelayElapsedCallback          0x0800130b   Thumb Code     2  stm32f4xx_hal_tim.o(i.HAL_TIM_OC_DelayElapsedCallback)
    HAL_TIM_PWM_PulseFinishedCallback        0x0800130d   Thumb Code     2  stm32f4xx_hal_tim.o(i.HAL_TIM_PWM_PulseFinishedCallback)
    HAL_TIM_PeriodElapsedCallback            0x08001311   Thumb Code    34  main.o(i.HAL_TIM_PeriodElapsedCallback)
    HAL_TIM_TriggerCallback                  0x08001339   Thumb Code     2  stm32f4xx_hal_tim.o(i.HAL_TIM_TriggerCallback)
    HAL_UART_GetError                        0x0800133b   Thumb Code     4  stm32f4xx_hal_uart.o(i.HAL_UART_GetError)
    HAL_UART_Init                            0x0800133f   Thumb Code   100  stm32f4xx_hal_uart.o(i.HAL_UART_Init)
    HAL_UART_MspInit                         0x080013a5   Thumb Code   188  usart.o(i.HAL_UART_MspInit)
    HAL_UART_Receive                         0x08001475   Thumb Code   176  stm32f4xx_hal_uart.o(i.HAL_UART_Receive)
    HAL_UART_Transmit                        0x08001525   Thumb Code   160  stm32f4xx_hal_uart.o(i.HAL_UART_Transmit)
    HardFault_Handler                        0x080015c5   Thumb Code     2  stm32f4xx_it.o(i.HardFault_Handler)
    Joint_Full_PW_Control                    0x080015c9   Thumb Code   210  joint.o(i.Joint_Full_PW_Control)
    Joint_Full_Position_Control              0x080016b5   Thumb Code   192  joint.o(i.Joint_Full_Position_Control)
    Joint_PW_Control                         0x08001789   Thumb Code   358  joint.o(i.Joint_PW_Control)
    Joint_Position_Control                   0x0800190d   Thumb Code   268  joint.o(i.Joint_Position_Control)
    Joint_Zero_OK                            0x08001a35   Thumb Code   124  joint.o(i.Joint_Zero_OK)
    Joint_Zero_init_Type1                    0x08001ab9   Thumb Code   294  joint.o(i.Joint_Zero_init_Type1)
    Key1_scope                               0x08001c1d   Thumb Code     8  key_state_machine.o(i.Key1_scope)
    Key2_scope                               0x08001c29   Thumb Code     8  key_state_machine.o(i.Key2_scope)
    Key3_scope                               0x08001c35   Thumb Code     8  key_state_machine.o(i.Key3_scope)
    Key4_scope                               0x08001c41   Thumb Code     8  key_state_machine.o(i.Key4_scope)
    Key_GetCurrentMode                       0x08001c4d   Thumb Code     6  key_state_machine.o(i.Key_GetCurrentMode)
    Key_GetTaskState                         0x08001c59   Thumb Code     6  key_state_machine.o(i.Key_GetTaskState)
    Key_Process                              0x08001cc5   Thumb Code    40  key_state_machine.o(i.Key_Process)
    MX_GPIO_Init                             0x08001dad   Thumb Code   264  gpio.o(i.MX_GPIO_Init)
    MX_TIM2_Init                             0x08001ec9   Thumb Code    98  tim.o(i.MX_TIM2_Init)
    MX_USART1_UART_Init                      0x08001f31   Thumb Code    46  usart.o(i.MX_USART1_UART_Init)
    MX_USART6_UART_Init                      0x08001f6d   Thumb Code    46  usart.o(i.MX_USART6_UART_Init)
    MemManage_Handler                        0x08001fa9   Thumb Code     2  stm32f4xx_it.o(i.MemManage_Handler)
    NMI_Handler                              0x08001fab   Thumb Code     2  stm32f4xx_it.o(i.NMI_Handler)
    PendSV_Handler                           0x08001fad   Thumb Code     2  stm32f4xx_it.o(i.PendSV_Handler)
    SVC_Handler                              0x08001faf   Thumb Code     2  stm32f4xx_it.o(i.SVC_Handler)
    SysTick_Handler                          0x08001fb1   Thumb Code     2  stm32f4xx_it.o(i.SysTick_Handler)
    SystemClock_Config                       0x08001fb5   Thumb Code   138  main.o(i.SystemClock_Config)
    SystemInit                               0x08002049   Thumb Code    12  system_stm32f4xx.o(i.SystemInit)
    TIM1_UP_TIM10_IRQHandler                 0x08002059   Thumb Code     6  stm32f4xx_it.o(i.TIM1_UP_TIM10_IRQHandler)
    TIM2_IRQHandler                          0x08002065   Thumb Code     6  stm32f4xx_it.o(i.TIM2_IRQHandler)
    TIM_Base_SetConfig                       0x08002071   Thumb Code   164  stm32f4xx_hal_tim.o(i.TIM_Base_SetConfig)
    TIM_ETR_SetConfig                        0x08002141   Thumb Code    20  stm32f4xx_hal_tim.o(i.TIM_ETR_SetConfig)
    Task_Execute                             0x080021ad   Thumb Code   410  key_state_machine.o(i.Task_Execute)
    UsageFault_Handler                       0x0800251f   Thumb Code     2  stm32f4xx_it.o(i.UsageFault_Handler)
    __ARM_fpclassifyf                        0x08002521   Thumb Code    38  fpclassifyf.o(i.__ARM_fpclassifyf)
    __hardfp_cosf                            0x08002569   Thumb Code   280  cosf.o(i.__hardfp_cosf)
    __hardfp_sinf                            0x080026b9   Thumb Code   344  sinf.o(i.__hardfp_sinf)
    __hardfp_sqrtf                           0x08002849   Thumb Code    58  sqrtf.o(i.__hardfp_sqrtf)
    __mathlib_flt_infnan                     0x08002883   Thumb Code     6  funder.o(i.__mathlib_flt_infnan)
    __mathlib_flt_invalid                    0x08002889   Thumb Code    10  funder.o(i.__mathlib_flt_invalid)
    __mathlib_flt_underflow                  0x08002899   Thumb Code    10  funder.o(i.__mathlib_flt_underflow)
    __mathlib_rredf2                         0x080028a9   Thumb Code   316  rredf.o(i.__mathlib_rredf2)
    __scatterload_copy                       0x080029fd   Thumb Code    14  handlers.o(i.__scatterload_copy)
    __scatterload_null                       0x08002a0b   Thumb Code     2  handlers.o(i.__scatterload_null)
    __scatterload_zeroinit                   0x08002a0d   Thumb Code    14  handlers.o(i.__scatterload_zeroinit)
    __set_errno                              0x08002a1d   Thumb Code     6  errno.o(i.__set_errno)
    cdpr_init                                0x08002ae9   Thumb Code    28  calc.o(i.cdpr_init)
    crc32_core_Ver3                          0x08002b0d   Thumb Code    56  a1_motor_drive.o(i.crc32_core_Ver3)
    crc_ccitt                                0x08002b49   Thumb Code    22  crc_ccitt.o(i.crc_ccitt)
    crc_ccitt_byte                           0x08002b61   Thumb Code    16  crc_ccitt.o(i.crc_ccitt_byte)
    cross_product                            0x08002b75   Thumb Code    86  calc.o(i.cross_product)
    extract_data                             0x08002bcd   Thumb Code   210  gom_protocol.o(i.extract_data)
    get_rotation_matrix                      0x08002fe9   Thumb Code   212  calc.o(i.get_rotation_matrix)
    get_translation_matrix                   0x080030c1   Thumb Code    74  calc.o(i.get_translation_matrix)
    go_pos_cmd                               0x08003111   Thumb Code    56  gom_protocol.o(i.go_pos_cmd)
    go_pw_cmd                                0x08003159   Thumb Code    60  gom_protocol.o(i.go_pw_cmd)
    go_torque_cmd                            0x080031a5   Thumb Code    32  gom_protocol.o(i.go_torque_cmd)
    main                                     0x080031c9   Thumb Code   302  main.o(i.main)
    matrix_multiply                          0x08003331   Thumb Code    90  calc.o(i.matrix_multiply)
    modify_PW_cmd                            0x08003391   Thumb Code    86  a1_motor_drive.o(i.modify_PW_cmd)
    modify_data                              0x080033f1   Thumb Code   366  gom_protocol.o(i.modify_data)
    modify_pos_cmd                           0x080035ad   Thumb Code    78  a1_motor_drive.o(i.modify_pos_cmd)
    modify_torque_cmd                        0x08003605   Thumb Code    62  a1_motor_drive.o(i.modify_torque_cmd)
    motor_relax                              0x08003651   Thumb Code   188  a1_motor_drive.o(i.motor_relax)
    point_mult_matrix                        0x0800371d   Thumb Code   146  calc.o(i.point_mult_matrix)
    unitreeA1_rxtx                           0x080037b1   Thumb Code   794  a1_motor_drive.o(i.unitreeA1_rxtx)
    vector_norm                              0x08003b15   Thumb Code    28  calc.o(i.vector_norm)
    base_g                                   0x08003b30   Data         128  calc.o(.constdata)
    attach_e                                 0x08003bb0   Data         128  calc.o(.constdata)
    crc_ccitt_table                          0x08003d80   Data         512  crc_ccitt.o(.constdata)
    AHBPrescTable                            0x08003fb0   Data          16  system_stm32f4xx.o(.constdata)
    APBPrescTable                            0x08003fc0   Data           8  system_stm32f4xx.o(.constdata)
    Region$$Table$$Base                      0x08003fe8   Number         0  anon$$obj.o(Region$$Table)
    Region$$Table$$Limit                     0x08004018   Number         0  anon$$obj.o(Region$$Table)
    cable_initial_length                     0x20000000   Data          32  calc.o(.bss)
    motor_angle                              0x20000020   Data       32032  calc.o(.bss)
    motor_omega                              0x20007d40   Data       32032  calc.o(.bss)
    coeffs                                   0x2000fa60   Data         144  calc.o(.bss)
    k1                                       0x2000faf0   Data          28  main.o(.bss)
    k2                                       0x2000fb0c   Data          28  main.o(.bss)
    k3                                       0x2000fb28   Data          28  main.o(.bss)
    k4                                       0x2000fb44   Data          28  main.o(.bss)
    error_buf0                               0x2000fb60   Data       28028  main.o(.bss)
    __initial_sp                             0x2001a8e0   Data           0  startup_stm32f407xx.o(STACK)
    zero_init                                0x2001c002   Data           1  key_state_machine.o(.data)
    data_logging                             0x2001c003   Data           1  key_state_machine.o(.data)
    step_mode_1                              0x2001c004   Data           2  key_state_machine.o(.data)
    step_mode_2                              0x2001c006   Data           2  key_state_machine.o(.data)
    step_mode_3                              0x2001c008   Data           2  key_state_machine.o(.data)
    cstate                                   0x2001c07c   Data           1  main.o(.data)
    cmode                                    0x2001c07d   Data           1  main.o(.data)
    error_idx                                0x2001c07e   Data           2  main.o(.data)
    j                                        0x2001c080   Data           4  main.o(.data)
    k                                        0x2001c084   Data           4  main.o(.data)
    uwTickFreq                               0x2001c088   Data           1  stm32f4xx_hal.o(.data)
    uwTickPrio                               0x2001c08c   Data           4  stm32f4xx_hal.o(.data)
    uwTick                                   0x2001c090   Data           4  stm32f4xx_hal.o(.data)
    SystemCoreClock                          0x2001c094   Data           4  system_stm32f4xx.o(.data)
    rec_st                                   0x2001c098   Data           3  a1_motor_drive.o(.data)
    trans_st                                 0x2001c09b   Data           3  a1_motor_drive.o(.data)
    err_state                                0x2001c0a0   Data           4  a1_motor_drive.o(.data)
    received                                 0x2001c0a4   Data           4  a1_motor_drive.o(.data)
    zero_group1_ID0                          0x2001c0a8   Data           4  joint.o(.data)
    zero_group1_ID1                          0x2001c0ac   Data           4  joint.o(.data)
    zero_group1_ID2                          0x2001c0b0   Data           4  joint.o(.data)
    zero_group2_ID0                          0x2001c0b4   Data           4  joint.o(.data)
    zero_group2_ID1                          0x2001c0b8   Data           4  joint.o(.data)
    zero_group2_ID2                          0x2001c0bc   Data           4  joint.o(.data)
    zero_group3_ID0                          0x2001c0c0   Data           4  joint.o(.data)
    zero_group3_ID1                          0x2001c0c4   Data           4  joint.o(.data)
    htim2                                    0x2001c0cc   Data          72  tim.o(.bss)
    huart1                                   0x2001c114   Data          72  usart.o(.bss)
    huart6                                   0x2001c15c   Data          72  usart.o(.bss)
    htim1                                    0x2001c1a4   Data          72  stm32f4xx_hal_timebase_tim.o(.bss)
    MotorA1_send_group1                      0x2001c1ec   Data          66  a1_motor_drive.o(.bss)
    MotorA1_send_group2                      0x2001c22e   Data          66  a1_motor_drive.o(.bss)
    Motor_go_send_group3                     0x2001c270   Data          44  a1_motor_drive.o(.bss)
    Motor_go_recv_group3_id0                 0x2001c29c   Data          60  a1_motor_drive.o(.bss)
    Motor_go_recv_group3_id1                 0x2001c2d8   Data          60  a1_motor_drive.o(.bss)
    MotorA1_recv_group1_id0                  0x2001c314   Data         140  a1_motor_drive.o(.bss)
    MotorA1_recv_group1_id1                  0x2001c3a0   Data         140  a1_motor_drive.o(.bss)
    MotorA1_recv_group1_id2                  0x2001c42c   Data         140  a1_motor_drive.o(.bss)
    MotorA1_recv_group2_id0                  0x2001c4b8   Data         140  a1_motor_drive.o(.bss)
    MotorA1_recv_group2_id1                  0x2001c544   Data         140  a1_motor_drive.o(.bss)
    MotorA1_recv_group2_id2                  0x2001c5d0   Data         140  a1_motor_drive.o(.bss)
    Date_group1                              0x2001c65c   Data          78  a1_motor_drive.o(.bss)
    Date_group2                              0x2001c6aa   Data          78  a1_motor_drive.o(.bss)
    Date_go_group3                           0x2001c6f8   Data          16  a1_motor_drive.o(.bss)



==============================================================================

Memory Map of the image

  Image Entry point : 0x08000189

  Load Region LR_IROM1 (Base: 0x08000000, Size: 0x000040e4, Max: 0x00100000, ABSOLUTE)

    Execution Region ER_IROM1 (Exec base: 0x08000000, Load base: 0x08000000, Size: 0x00004018, Max: 0x00100000, ABSOLUTE)

    Exec Addr    Load Addr    Size         Type   Attr      Idx    E Section Name        Object

    0x08000000   0x08000000   0x00000188   Data   RO            3    RESET               startup_stm32f407xx.o
    0x08000188   0x08000188   0x00000000   Code   RO         3449  * .ARM.Collect$$$$00000000  mc_w.l(entry.o)
    0x08000188   0x08000188   0x00000004   Code   RO         3487    .ARM.Collect$$$$00000001  mc_w.l(entry2.o)
    0x0800018c   0x0800018c   0x00000004   Code   RO         3490    .ARM.Collect$$$$00000004  mc_w.l(entry5.o)
    0x08000190   0x08000190   0x00000000   Code   RO         3492    .ARM.Collect$$$$00000008  mc_w.l(entry7b.o)
    0x08000190   0x08000190   0x00000000   Code   RO         3494    .ARM.Collect$$$$0000000A  mc_w.l(entry8b.o)
    0x08000190   0x08000190   0x00000008   Code   RO         3495    .ARM.Collect$$$$0000000B  mc_w.l(entry9a.o)
    0x08000198   0x08000198   0x00000004   Code   RO         3502    .ARM.Collect$$$$0000000E  mc_w.l(entry12b.o)
    0x0800019c   0x0800019c   0x00000000   Code   RO         3497    .ARM.Collect$$$$0000000F  mc_w.l(entry10a.o)
    0x0800019c   0x0800019c   0x00000000   Code   RO         3499    .ARM.Collect$$$$00000011  mc_w.l(entry11a.o)
    0x0800019c   0x0800019c   0x00000004   Code   RO         3488    .ARM.Collect$$$$00002712  mc_w.l(entry2.o)
    0x080001a0   0x080001a0   0x00000024   Code   RO            4    .text               startup_stm32f407xx.o
    0x080001c4   0x080001c4   0x00000062   Code   RO         3452    .text               mc_w.l(uldiv.o)
    0x08000226   0x08000226   0x00000024   Code   RO         3454    .text               mc_w.l(memcpya.o)
    0x0800024a   0x0800024a   0x00000024   Code   RO         3456    .text               mc_w.l(memseta.o)
    0x0800026e   0x0800026e   0x000000e4   Code   RO         3460    .text               mf_w.l(dmul.o)
    0x08000352   0x08000352   0x000000de   Code   RO         3462    .text               mf_w.l(ddiv.o)
    0x08000430   0x08000430   0x00000026   Code   RO         3464    .text               mf_w.l(f2d.o)
    0x08000456   0x08000456   0x00000038   Code   RO         3466    .text               mf_w.l(d2f.o)
    0x0800048e   0x0800048e   0x0000001e   Code   RO         3503    .text               mc_w.l(llshl.o)
    0x080004ac   0x080004ac   0x00000020   Code   RO         3505    .text               mc_w.l(llushr.o)
    0x080004cc   0x080004cc   0x00000000   Code   RO         3514    .text               mc_w.l(iusefp.o)
    0x080004cc   0x080004cc   0x0000006e   Code   RO         3515    .text               mf_w.l(fepilogue.o)
    0x0800053a   0x0800053a   0x000000ba   Code   RO         3517    .text               mf_w.l(depilogue.o)
    0x080005f4   0x080005f4   0x00000024   Code   RO         3519    .text               mc_w.l(init.o)
    0x08000618   0x08000618   0x00000002   Code   RO          589    i.BusFault_Handler  stm32f4xx_it.o
    0x0800061a   0x0800061a   0x00000002   Code   RO          590    i.DebugMon_Handler  stm32f4xx_it.o
    0x0800061c   0x0800061c   0x00000004   Code   RO          394    i.Error_Handler     main.o
    0x08000620   0x08000620   0x00000024   Code   RO         2612    i.HAL_Delay         stm32f4xx_hal.o
    0x08000644   0x08000644   0x000001f0   Code   RO         2068    i.HAL_GPIO_Init     stm32f4xx_hal_gpio.o
    0x08000834   0x08000834   0x0000000a   Code   RO         2070    i.HAL_GPIO_ReadPin  stm32f4xx_hal_gpio.o
    0x0800083e   0x0800083e   0x0000000a   Code   RO         2072    i.HAL_GPIO_WritePin  stm32f4xx_hal_gpio.o
    0x08000848   0x08000848   0x0000000c   Code   RO         2618    i.HAL_GetTick       stm32f4xx_hal.o
    0x08000854   0x08000854   0x00000010   Code   RO         2624    i.HAL_IncTick       stm32f4xx_hal.o
    0x08000864   0x08000864   0x00000034   Code   RO         2625    i.HAL_Init          stm32f4xx_hal.o
    0x08000898   0x08000898   0x0000008c   Code   RO          701    i.HAL_InitTick      stm32f4xx_hal_timebase_tim.o
    0x08000924   0x08000924   0x00000030   Code   RO          677    i.HAL_MspInit       stm32f4xx_hal_msp.o
    0x08000954   0x08000954   0x0000001a   Code   RO         2460    i.HAL_NVIC_EnableIRQ  stm32f4xx_hal_cortex.o
    0x0800096e   0x0800096e   0x00000002   PAD
    0x08000970   0x08000970   0x00000040   Code   RO         2466    i.HAL_NVIC_SetPriority  stm32f4xx_hal_cortex.o
    0x080009b0   0x080009b0   0x00000024   Code   RO         2467    i.HAL_NVIC_SetPriorityGrouping  stm32f4xx_hal_cortex.o
    0x080009d4   0x080009d4   0x00000134   Code   RO         1714    i.HAL_RCC_ClockConfig  stm32f4xx_hal_rcc.o
    0x08000b08   0x08000b08   0x00000040   Code   RO         1718    i.HAL_RCC_GetClockConfig  stm32f4xx_hal_rcc.o
    0x08000b48   0x08000b48   0x00000020   Code   RO         1721    i.HAL_RCC_GetPCLK1Freq  stm32f4xx_hal_rcc.o
    0x08000b68   0x08000b68   0x00000020   Code   RO         1722    i.HAL_RCC_GetPCLK2Freq  stm32f4xx_hal_rcc.o
    0x08000b88   0x08000b88   0x00000060   Code   RO         1723    i.HAL_RCC_GetSysClockFreq  stm32f4xx_hal_rcc.o
    0x08000be8   0x08000be8   0x0000036c   Code   RO         1726    i.HAL_RCC_OscConfig  stm32f4xx_hal_rcc.o
    0x08000f54   0x08000f54   0x00000002   Code   RO         1446    i.HAL_TIMEx_BreakCallback  stm32f4xx_hal_tim_ex.o
    0x08000f56   0x08000f56   0x00000002   Code   RO         1447    i.HAL_TIMEx_CommutCallback  stm32f4xx_hal_tim_ex.o
    0x08000f58   0x08000f58   0x00000090   Code   RO         1465    i.HAL_TIMEx_MasterConfigSynchronization  stm32f4xx_hal_tim_ex.o
    0x08000fe8   0x08000fe8   0x0000005a   Code   RO          742    i.HAL_TIM_Base_Init  stm32f4xx_hal_tim.o
    0x08001042   0x08001042   0x00000002   PAD
    0x08001044   0x08001044   0x00000038   Code   RO          499    i.HAL_TIM_Base_MspInit  tim.o
    0x0800107c   0x0800107c   0x00000080   Code   RO          747    i.HAL_TIM_Base_Start_IT  stm32f4xx_hal_tim.o
    0x080010fc   0x080010fc   0x000000dc   Code   RO          751    i.HAL_TIM_ConfigClockSource  stm32f4xx_hal_tim.o
    0x080011d8   0x080011d8   0x00000002   Code   RO          776    i.HAL_TIM_IC_CaptureCallback  stm32f4xx_hal_tim.o
    0x080011da   0x080011da   0x00000130   Code   RO          790    i.HAL_TIM_IRQHandler  stm32f4xx_hal_tim.o
    0x0800130a   0x0800130a   0x00000002   Code   RO          793    i.HAL_TIM_OC_DelayElapsedCallback  stm32f4xx_hal_tim.o
    0x0800130c   0x0800130c   0x00000002   Code   RO          820    i.HAL_TIM_PWM_PulseFinishedCallback  stm32f4xx_hal_tim.o
    0x0800130e   0x0800130e   0x00000002   PAD
    0x08001310   0x08001310   0x00000028   Code   RO          395    i.HAL_TIM_PeriodElapsedCallback  main.o
    0x08001338   0x08001338   0x00000002   Code   RO          833    i.HAL_TIM_TriggerCallback  stm32f4xx_hal_tim.o
    0x0800133a   0x0800133a   0x00000004   Code   RO         2890    i.HAL_UART_GetError  stm32f4xx_hal_uart.o
    0x0800133e   0x0800133e   0x00000064   Code   RO         2893    i.HAL_UART_Init     stm32f4xx_hal_uart.o
    0x080013a2   0x080013a2   0x00000002   PAD
    0x080013a4   0x080013a4   0x000000d0   Code   RO          541    i.HAL_UART_MspInit  usart.o
    0x08001474   0x08001474   0x000000b0   Code   RO         2896    i.HAL_UART_Receive  stm32f4xx_hal_uart.o
    0x08001524   0x08001524   0x000000a0   Code   RO         2901    i.HAL_UART_Transmit  stm32f4xx_hal_uart.o
    0x080015c4   0x080015c4   0x00000002   Code   RO          591    i.HardFault_Handler  stm32f4xx_it.o
    0x080015c6   0x080015c6   0x00000002   PAD
    0x080015c8   0x080015c8   0x000000ec   Code   RO         3340    i.Joint_Full_PW_Control  joint.o
    0x080016b4   0x080016b4   0x000000d4   Code   RO         3341    i.Joint_Full_Position_Control  joint.o
    0x08001788   0x08001788   0x00000184   Code   RO         3342    i.Joint_PW_Control  joint.o
    0x0800190c   0x0800190c   0x00000128   Code   RO         3343    i.Joint_Position_Control  joint.o
    0x08001a34   0x08001a34   0x00000084   Code   RO         3344    i.Joint_Zero_OK     joint.o
    0x08001ab8   0x08001ab8   0x00000164   Code   RO         3345    i.Joint_Zero_init_Type1  joint.o
    0x08001c1c   0x08001c1c   0x0000000c   Code   RO          198    i.Key1_scope        key_state_machine.o
    0x08001c28   0x08001c28   0x0000000c   Code   RO          199    i.Key2_scope        key_state_machine.o
    0x08001c34   0x08001c34   0x0000000c   Code   RO          200    i.Key3_scope        key_state_machine.o
    0x08001c40   0x08001c40   0x0000000c   Code   RO          201    i.Key4_scope        key_state_machine.o
    0x08001c4c   0x08001c4c   0x0000000c   Code   RO          202    i.Key_GetCurrentMode  key_state_machine.o
    0x08001c58   0x08001c58   0x0000000c   Code   RO          203    i.Key_GetTaskState  key_state_machine.o
    0x08001c64   0x08001c64   0x00000060   Code   RO          204    i.Key_HandleEvents  key_state_machine.o
    0x08001cc4   0x08001cc4   0x0000002c   Code   RO          206    i.Key_Process       key_state_machine.o
    0x08001cf0   0x08001cf0   0x000000ba   Code   RO          207    i.Key_StateMachine  key_state_machine.o
    0x08001daa   0x08001daa   0x00000002   PAD
    0x08001dac   0x08001dac   0x0000011c   Code   RO          474    i.MX_GPIO_Init      gpio.o
    0x08001ec8   0x08001ec8   0x00000068   Code   RO          500    i.MX_TIM2_Init      tim.o
    0x08001f30   0x08001f30   0x0000003c   Code   RO          542    i.MX_USART1_UART_Init  usart.o
    0x08001f6c   0x08001f6c   0x0000003c   Code   RO          543    i.MX_USART6_UART_Init  usart.o
    0x08001fa8   0x08001fa8   0x00000002   Code   RO          592    i.MemManage_Handler  stm32f4xx_it.o
    0x08001faa   0x08001faa   0x00000002   Code   RO          593    i.NMI_Handler       stm32f4xx_it.o
    0x08001fac   0x08001fac   0x00000002   Code   RO          594    i.PendSV_Handler    stm32f4xx_it.o
    0x08001fae   0x08001fae   0x00000002   Code   RO          595    i.SVC_Handler       stm32f4xx_it.o
    0x08001fb0   0x08001fb0   0x00000002   Code   RO          596    i.SysTick_Handler   stm32f4xx_it.o
    0x08001fb2   0x08001fb2   0x00000002   PAD
    0x08001fb4   0x08001fb4   0x00000094   Code   RO          396    i.SystemClock_Config  main.o
    0x08002048   0x08002048   0x00000010   Code   RO         3227    i.SystemInit        system_stm32f4xx.o
    0x08002058   0x08002058   0x0000000c   Code   RO          597    i.TIM1_UP_TIM10_IRQHandler  stm32f4xx_it.o
    0x08002064   0x08002064   0x0000000c   Code   RO          598    i.TIM2_IRQHandler   stm32f4xx_it.o
    0x08002070   0x08002070   0x000000d0   Code   RO          835    i.TIM_Base_SetConfig  stm32f4xx_hal_tim.o
    0x08002140   0x08002140   0x00000014   Code   RO          846    i.TIM_ETR_SetConfig  stm32f4xx_hal_tim.o
    0x08002154   0x08002154   0x00000010   Code   RO          847    i.TIM_ITRx_SetConfig  stm32f4xx_hal_tim.o
    0x08002164   0x08002164   0x00000022   Code   RO          853    i.TIM_TI1_ConfigInputStage  stm32f4xx_hal_tim.o
    0x08002186   0x08002186   0x00000024   Code   RO          855    i.TIM_TI2_ConfigInputStage  stm32f4xx_hal_tim.o
    0x080021aa   0x080021aa   0x00000002   PAD
    0x080021ac   0x080021ac   0x000001a4   Code   RO          208    i.Task_Execute      key_state_machine.o
    0x08002350   0x08002350   0x0000004e   Code   RO         2916    i.UART_EndRxTransfer  stm32f4xx_hal_uart.o
    0x0800239e   0x0800239e   0x00000002   PAD
    0x080023a0   0x080023a0   0x0000010c   Code   RO         2919    i.UART_SetConfig    stm32f4xx_hal_uart.o
    0x080024ac   0x080024ac   0x00000072   Code   RO         2922    i.UART_WaitOnFlagUntilTimeout  stm32f4xx_hal_uart.o
    0x0800251e   0x0800251e   0x00000002   Code   RO          599    i.UsageFault_Handler  stm32f4xx_it.o
    0x08002520   0x08002520   0x00000026   Code   RO         3468    i.__ARM_fpclassifyf  m_wm.l(fpclassifyf.o)
    0x08002546   0x08002546   0x00000020   Code   RO         2473    i.__NVIC_SetPriority  stm32f4xx_hal_cortex.o
    0x08002566   0x08002566   0x00000002   PAD
    0x08002568   0x08002568   0x00000150   Code   RO         3413    i.__hardfp_cosf     m_wm.l(cosf.o)
    0x080026b8   0x080026b8   0x00000190   Code   RO         3425    i.__hardfp_sinf     m_wm.l(sinf.o)
    0x08002848   0x08002848   0x0000003a   Code   RO         3437    i.__hardfp_sqrtf    m_wm.l(sqrtf.o)
    0x08002882   0x08002882   0x00000006   Code   RO         3471    i.__mathlib_flt_infnan  m_wm.l(funder.o)
    0x08002888   0x08002888   0x00000010   Code   RO         3473    i.__mathlib_flt_invalid  m_wm.l(funder.o)
    0x08002898   0x08002898   0x00000010   Code   RO         3476    i.__mathlib_flt_underflow  m_wm.l(funder.o)
    0x080028a8   0x080028a8   0x00000154   Code   RO         3484    i.__mathlib_rredf2  m_wm.l(rredf.o)
    0x080029fc   0x080029fc   0x0000000e   Code   RO         3523    i.__scatterload_copy  mc_w.l(handlers.o)
    0x08002a0a   0x08002a0a   0x00000002   Code   RO         3524    i.__scatterload_null  mc_w.l(handlers.o)
    0x08002a0c   0x08002a0c   0x0000000e   Code   RO         3525    i.__scatterload_zeroinit  mc_w.l(handlers.o)
    0x08002a1a   0x08002a1a   0x00000002   PAD
    0x08002a1c   0x08002a1c   0x0000000c   Code   RO         3509    i.__set_errno       mc_w.l(errno.o)
    0x08002a28   0x08002a28   0x000000be   Code   RO           13    i.calculate_poly5_coeff  calc.o
    0x08002ae6   0x08002ae6   0x00000002   PAD
    0x08002ae8   0x08002ae8   0x00000024   Code   RO           15    i.cdpr_init         calc.o
    0x08002b0c   0x08002b0c   0x0000003c   Code   RO         3264    i.crc32_core_Ver3   a1_motor_drive.o
    0x08002b48   0x08002b48   0x00000016   Code   RO          370    i.crc_ccitt         crc_ccitt.o
    0x08002b5e   0x08002b5e   0x00000002   PAD
    0x08002b60   0x08002b60   0x00000014   Code   RO          371    i.crc_ccitt_byte    crc_ccitt.o
    0x08002b74   0x08002b74   0x00000056   Code   RO           16    i.cross_product     calc.o
    0x08002bca   0x08002bca   0x00000002   PAD
    0x08002bcc   0x08002bcc   0x000000e8   Code   RO          322    i.extract_data      gom_protocol.o
    0x08002cb4   0x08002cb4   0x00000334   Code   RO           17    i.generate_trajectory_and_angles  calc.o
    0x08002fe8   0x08002fe8   0x000000d8   Code   RO           18    i.get_rotation_matrix  calc.o
    0x080030c0   0x080030c0   0x00000050   Code   RO           19    i.get_translation_matrix  calc.o
    0x08003110   0x08003110   0x00000048   Code   RO          323    i.go_pos_cmd        gom_protocol.o
    0x08003158   0x08003158   0x0000004c   Code   RO          324    i.go_pw_cmd         gom_protocol.o
    0x080031a4   0x080031a4   0x00000024   Code   RO          326    i.go_torque_cmd     gom_protocol.o
    0x080031c8   0x080031c8   0x00000168   Code   RO          399    i.main              main.o
    0x08003330   0x08003330   0x00000060   Code   RO           20    i.matrix_multiply   calc.o
    0x08003390   0x08003390   0x00000060   Code   RO         3265    i.modify_PW_cmd     a1_motor_drive.o
    0x080033f0   0x080033f0   0x000001bc   Code   RO          327    i.modify_data       gom_protocol.o
    0x080035ac   0x080035ac   0x00000058   Code   RO         3267    i.modify_pos_cmd    a1_motor_drive.o
    0x08003604   0x08003604   0x0000004c   Code   RO         3269    i.modify_torque_cmd  a1_motor_drive.o
    0x08003650   0x08003650   0x000000cc   Code   RO         3270    i.motor_relax       a1_motor_drive.o
    0x0800371c   0x0800371c   0x00000092   Code   RO           21    i.point_mult_matrix  calc.o
    0x080037ae   0x080037ae   0x00000002   PAD
    0x080037b0   0x080037b0   0x00000364   Code   RO         3271    i.unitreeA1_rxtx    a1_motor_drive.o
    0x08003b14   0x08003b14   0x0000001c   Code   RO           22    i.vector_norm       calc.o
    0x08003b30   0x08003b30   0x000001c0   Data   RO           28    .constdata          calc.o
    0x08003cf0   0x08003cf0   0x00000090   Data   RO          209    .constdata          key_state_machine.o
    0x08003d80   0x08003d80   0x00000200   Data   RO          372    .constdata          crc_ccitt.o
    0x08003f80   0x08003f80   0x00000030   Data   RO          402    .constdata          main.o
    0x08003fb0   0x08003fb0   0x00000010   Data   RO         3228    .constdata          system_stm32f4xx.o
    0x08003fc0   0x08003fc0   0x00000008   Data   RO         3229    .constdata          system_stm32f4xx.o
    0x08003fc8   0x08003fc8   0x00000020   Data   RO         3485    .constdata          m_wm.l(rredf.o)
    0x08003fe8   0x08003fe8   0x00000030   Data   RO         3521    Region$$Table       anon$$obj.o


    Execution Region RW_IRAM1 (Exec base: 0x20000000, Load base: 0x08004018, Size: 0x0001a8e0, Max: 0x0001c000, ABSOLUTE)

    Exec Addr    Load Addr    Size         Type   Attr      Idx    E Section Name        Object

    0x20000000        -       0x0000faf0   Zero   RW           23    .bss                calc.o
    0x2000faf0        -       0x00006dec   Zero   RW          401    .bss                main.o
    0x200168dc   0x08004018   0x00000004   PAD
    0x200168e0        -       0x00004000   Zero   RW            1    STACK               startup_stm32f407xx.o


    Execution Region RW_IRAM2 (Exec base: 0x2001c000, Load base: 0x08004018, Size: 0x00000708, Max: 0x00004000, ABSOLUTE)

    Exec Addr    Load Addr    Size         Type   Attr      Idx    E Section Name        Object

    0x2001c000   0x08004018   0x0000007c   Data   RW          210    .data               key_state_machine.o
    0x2001c07c   0x08004094   0x0000000c   Data   RW          403    .data               main.o
    0x2001c088   0x080040a0   0x0000000c   Data   RW         2632    .data               stm32f4xx_hal.o
    0x2001c094   0x080040ac   0x00000004   Data   RW         3230    .data               system_stm32f4xx.o
    0x2001c098   0x080040b0   0x00000010   Data   RW         3273    .data               a1_motor_drive.o
    0x2001c0a8   0x080040c0   0x00000020   Data   RW         3346    .data               joint.o
    0x2001c0c8   0x080040e0   0x00000004   Data   RW         3510    .data               mc_w.l(errno.o)
    0x2001c0cc        -       0x00000048   Zero   RW          501    .bss                tim.o
    0x2001c114        -       0x00000090   Zero   RW          544    .bss                usart.o
    0x2001c1a4        -       0x00000048   Zero   RW          704    .bss                stm32f4xx_hal_timebase_tim.o
    0x2001c1ec        -       0x0000051c   Zero   RW         3272    .bss                a1_motor_drive.o


==============================================================================

Image component sizes


      Code (inc. data)   RO Data    RW Data    ZI Data      Debug   Object Name

      1392        128          0         16       1308       8921   a1_motor_drive.o
      1698         62        448          0      64240     700218   calc.o
        42          4        512          0          0       1635   crc_ccitt.o
       860        136          0          0          0       5102   gom_protocol.o
       284         20          0          0          0       1019   gpio.o
      1620        174          0         32          0       6693   joint.o
       818         46        144        124          0      12370   key_state_machine.o
       552         74         48         12      28140       5351   main.o
        36          8        392          0      16384        816   startup_stm32f407xx.o
       116         18          0         12          0       8590   stm32f4xx_hal.o
       158         14          0          0          0      32934   stm32f4xx_hal_cortex.o
       516         46          0          0          0       2771   stm32f4xx_hal_gpio.o
        48          6          0          0          0        822   stm32f4xx_hal_msp.o
      1408         82          0          0          0       5781   stm32f4xx_hal_rcc.o
      1064         72          0          0          0      10045   stm32f4xx_hal_tim.o
       148         28          0          0          0       2409   stm32f4xx_hal_tim_ex.o
       140         20          0          0         72       1375   stm32f4xx_hal_timebase_tim.o
       900         10          0          0          0       6431   stm32f4xx_hal_uart.o
        42         12          0          0          0       4907   stm32f4xx_it.o
        16          4         24          4          0       1067   system_stm32f4xx.o
       160         12          0          0         72       1622   tim.o
       328         48          0          0        144       2367   usart.o

    ----------------------------------------------------------------------
     12374       1024       1616        200     110364     823246   Object Totals
         0          0         48          0          0          0   (incl. Generated)
        28          0          0          0          4          0   (incl. Padding)

    ----------------------------------------------------------------------

      Code (inc. data)   RO Data    RW Data    ZI Data      Debug   Library Member Name

       336         56          0          0          0        136   cosf.o
        38          0          0          0          0        116   fpclassifyf.o
        38         12          0          0          0        348   funder.o
       340         24         32          0          0        160   rredf.o
       400         56          0          0          0        212   sinf.o
        58          0          0          0          0        136   sqrtf.o
         0          0          0          0          0          0   entry.o
         0          0          0          0          0          0   entry10a.o
         0          0          0          0          0          0   entry11a.o
         4          0          0          0          0          0   entry12b.o
         8          4          0          0          0          0   entry2.o
         4          0          0          0          0          0   entry5.o
         0          0          0          0          0          0   entry7b.o
         0          0          0          0          0          0   entry8b.o
         8          4          0          0          0          0   entry9a.o
        12          6          0          4          0         68   errno.o
        30          0          0          0          0          0   handlers.o
        36          8          0          0          0         68   init.o
         0          0          0          0          0          0   iusefp.o
        30          0          0          0          0         68   llshl.o
        32          0          0          0          0         68   llushr.o
        36          0          0          0          0         68   memcpya.o
        36          0          0          0          0        108   memseta.o
        98          0          0          0          0         92   uldiv.o
        56          0          0          0          0         88   d2f.o
       222          0          0          0          0        100   ddiv.o
       186          0          0          0          0        176   depilogue.o
       228          0          0          0          0         96   dmul.o
        38          0          0          0          0         68   f2d.o
       110          0          0          0          0        168   fepilogue.o

    ----------------------------------------------------------------------
      2386        170         32          4          0       2344   Library Totals
         2          0          0          0          0          0   (incl. Padding)

    ----------------------------------------------------------------------

      Code (inc. data)   RO Data    RW Data    ZI Data      Debug   Library Name

      1210        148         32          0          0       1108   m_wm.l
       334         22          0          4          0        540   mc_w.l
       840          0          0          0          0        696   mf_w.l

    ----------------------------------------------------------------------
      2386        170         32          4          0       2344   Library Totals

    ----------------------------------------------------------------------

==============================================================================


      Code (inc. data)   RO Data    RW Data    ZI Data      Debug   

     14760       1194       1648        204     110364     815974   Grand Totals
     14760       1194       1648        204     110364     815974   ELF Image Totals
     14760       1194       1648        204          0          0   ROM Totals

==============================================================================

    Total RO  Size (Code + RO Data)                16408 (  16.02kB)
    Total RW  Size (RW Data + ZI Data)            110568 ( 107.98kB)
    Total ROM Size (Code + RO Data + RW Data)      16612 (  16.22kB)

==============================================================================

