Component: ARM Compiler 5.06 update 7 (build 960) Tool: armlink [4d3601]

==============================================================================

Section Cross References

    startup_stm32f407xx.o(RESET) refers to startup_stm32f407xx.o(STACK) for __initial_sp
    startup_stm32f407xx.o(RESET) refers to startup_stm32f407xx.o(.text) for Reset_Handler
    startup_stm32f407xx.o(RESET) refers to stm32f4xx_it.o(i.NMI_Handler) for NMI_Handler
    startup_stm32f407xx.o(RESET) refers to stm32f4xx_it.o(i.HardFault_Handler) for HardFault_Handler
    startup_stm32f407xx.o(RESET) refers to stm32f4xx_it.o(i.MemManage_Handler) for MemManage_Handler
    startup_stm32f407xx.o(RESET) refers to stm32f4xx_it.o(i.BusFault_Handler) for BusFault_Handler
    startup_stm32f407xx.o(RESET) refers to stm32f4xx_it.o(i.UsageFault_Handler) for UsageFault_Handler
    startup_stm32f407xx.o(RESET) refers to stm32f4xx_it.o(i.SVC_Handler) for SVC_Handler
    startup_stm32f407xx.o(RESET) refers to stm32f4xx_it.o(i.DebugMon_Handler) for DebugMon_Handler
    startup_stm32f407xx.o(RESET) refers to stm32f4xx_it.o(i.PendSV_Handler) for PendSV_Handler
    startup_stm32f407xx.o(RESET) refers to stm32f4xx_it.o(i.SysTick_Handler) for SysTick_Handler
    startup_stm32f407xx.o(RESET) refers to stm32f4xx_it.o(i.TIM1_UP_TIM10_IRQHandler) for TIM1_UP_TIM10_IRQHandler
    startup_stm32f407xx.o(RESET) refers to stm32f4xx_it.o(i.TIM2_IRQHandler) for TIM2_IRQHandler
    startup_stm32f407xx.o(.text) refers to system_stm32f4xx.o(i.SystemInit) for SystemInit
    startup_stm32f407xx.o(.text) refers to entry.o(.ARM.Collect$$$$00000000) for __main
    calc.o(i.cdpr_get_current_motor_angles) refers to calc.o(.bss) for .bss
    calc.o(i.cdpr_init) refers to calc.o(i.generate_trajectory_and_angles) for generate_trajectory_and_angles
    calc.o(i.generate_trajectory_and_angles) refers to calc.o(i.calculate_poly5_coeff) for calculate_poly5_coeff
    calc.o(i.generate_trajectory_and_angles) refers to calc.o(i.get_translation_matrix) for get_translation_matrix
    calc.o(i.generate_trajectory_and_angles) refers to calc.o(i.get_rotation_matrix) for get_rotation_matrix
    calc.o(i.generate_trajectory_and_angles) refers to calc.o(i.matrix_multiply) for matrix_multiply
    calc.o(i.generate_trajectory_and_angles) refers to calc.o(i.point_mult_matrix) for point_mult_matrix
    calc.o(i.generate_trajectory_and_angles) refers to calc.o(i.vector_norm) for vector_norm
    calc.o(i.generate_trajectory_and_angles) refers to calc.o(i.cross_product) for cross_product
    calc.o(i.generate_trajectory_and_angles) refers to calc.o(.bss) for .bss
    calc.o(i.generate_trajectory_and_angles) refers to calc.o(.constdata) for .constdata
    calc.o(i.get_rotation_matrix) refers to cosf.o(i.__hardfp_cosf) for __hardfp_cosf
    calc.o(i.get_rotation_matrix) refers to sinf.o(i.__hardfp_sinf) for __hardfp_sinf
    calc.o(i.get_rotation_matrix) refers to memcpya.o(.text) for __aeabi_memcpy4
    calc.o(i.get_rotation_matrix) refers to calc.o(i.matrix_multiply) for matrix_multiply
    calc.o(i.get_rotation_matrix) refers to calc.o(.constdata) for .constdata
    calc.o(i.vector_norm) refers to sqrtf.o(i.__hardfp_sqrtf) for __hardfp_sqrtf
    key_state_machine.o(i.Key_GetCurrentMode) refers to key_state_machine.o(.data) for .data
    key_state_machine.o(i.Key_GetTaskState) refers to key_state_machine.o(.data) for .data
    key_state_machine.o(i.Key_HandleEvents) refers to key_state_machine.o(.data) for .data
    key_state_machine.o(i.Key_Process) refers to key_state_machine.o(i.Key_StateMachine) for Key_StateMachine
    key_state_machine.o(i.Key_Process) refers to key_state_machine.o(i.Key_HandleEvents) for Key_HandleEvents
    key_state_machine.o(i.Key_Process) refers to key_state_machine.o(.data) for .data
    key_state_machine.o(i.Key_StateMachine) refers to stm32f4xx_hal_gpio.o(i.HAL_GPIO_ReadPin) for HAL_GPIO_ReadPin
    key_state_machine.o(i.Key_StateMachine) refers to stm32f4xx_hal.o(i.HAL_GetTick) for HAL_GetTick
    key_state_machine.o(i.Key_scope) refers to memcpya.o(.text) for __aeabi_memcpy4
    key_state_machine.o(i.Key_scope) refers to key_state_machine.o(.data) for .data
    key_state_machine.o(i.Task_Execute) refers to memcpya.o(.text) for __aeabi_memcpy4
    key_state_machine.o(i.Task_Execute) refers to memseta.o(.text) for __aeabi_memclr4
    key_state_machine.o(i.Task_Execute) refers to calc.o(i.cdpr_init) for cdpr_init
    key_state_machine.o(i.Task_Execute) refers to joint.o(i.Joint_PW_Control) for Joint_PW_Control
    key_state_machine.o(i.Task_Execute) refers to a1_motor_drive.o(i.motor_relax) for motor_relax
    key_state_machine.o(i.Task_Execute) refers to key_state_machine.o(.data) for .data
    key_state_machine.o(i.Task_Execute) refers to key_state_machine.o(.constdata) for .constdata
    key_state_machine.o(i.Task_Execute) refers to calc.o(.bss) for motor_omega
    main.o(i.HAL_TIM_PeriodElapsedCallback) refers to stm32f4xx_hal.o(i.HAL_IncTick) for HAL_IncTick
[...]
    Removing stm32f4xx_hal_flash.o(.rev16_text), (4 bytes).
    Removing stm32f4xx_hal_flash.o(.revsh_text), (4 bytes).
    Removing stm32f4xx_hal_flash.o(.rrx_text), (6 bytes).
    Removing stm32f4xx_hal_flash.o(i.FLASH_Program_Byte), (32 bytes).
    Removing stm32f4xx_hal_flash.o(i.FLASH_Program_DoubleWord), (44 bytes).
    Removing stm32f4xx_hal_flash.o(i.FLASH_Program_HalfWord), (36 bytes).
    Removing stm32f4xx_hal_flash.o(i.FLASH_Program_Word), (36 bytes).
    Removing stm32f4xx_hal_flash.o(i.FLASH_SetErrorCode), (104 bytes).
    Removing stm32f4xx_hal_flash.o(i.FLASH_WaitForLastOperation), (80 bytes).
    Removing stm32f4xx_hal_flash.o(i.HAL_FLASH_EndOfOperationCallback), (2 bytes).
    Removing stm32f4xx_hal_flash.o(i.HAL_FLASH_GetError), (12 bytes).
    Removing stm32f4xx_hal_flash.o(i.HAL_FLASH_IRQHandler), (200 bytes).
    Removing stm32f4xx_hal_flash.o(i.HAL_FLASH_Lock), (20 bytes).
    Removing stm32f4xx_hal_flash.o(i.HAL_FLASH_OB_Launch), (24 bytes).
    Removing stm32f4xx_hal_flash.o(i.HAL_FLASH_OB_Lock), (20 bytes).
    Removing stm32f4xx_hal_flash.o(i.HAL_FLASH_OB_Unlock), (40 bytes).
    Removing stm32f4xx_hal_flash.o(i.HAL_FLASH_OperationErrorCallback), (2 bytes).
    Removing stm32f4xx_hal_flash.o(i.HAL_FLASH_Program), (124 bytes).
    Removing stm32f4xx_hal_flash.o(i.HAL_FLASH_Program_IT), (92 bytes).
    Removing stm32f4xx_hal_flash.o(i.HAL_FLASH_Unlock), (44 bytes).
    Removing stm32f4xx_hal_flash.o(.bss), (32 bytes).
    Removing stm32f4xx_hal_flash_ex.o(.rev16_text), (4 bytes).
    Removing stm32f4xx_hal_flash_ex.o(.revsh_text), (4 bytes).
    Removing stm32f4xx_hal_flash_ex.o(.rrx_text), (6 bytes).
    Removing stm32f4xx_hal_flash_ex.o(i.FLASH_Erase_Sector), (80 bytes).
    Removing stm32f4xx_hal_flash_ex.o(i.FLASH_FlushCaches), (84 bytes).
    Removing stm32f4xx_hal_flash_ex.o(i.FLASH_MassErase), (40 bytes).
    Removing stm32f4xx_hal_flash_ex.o(i.HAL_FLASHEx_Erase), (152 bytes).
    Removing stm32f4xx_hal_flash_ex.o(i.HAL_FLASHEx_Erase_IT), (92 bytes).
    Removing stm32f4xx_hal_flash_ex.o(i.HAL_FLASHEx_OBGetConfig), (64 bytes).
    Removing stm32f4xx_hal_flash_ex.o(i.HAL_FLASHEx_OBProgram), (204 bytes).
    Removing stm32f4xx_hal_flash_ramfunc.o(.rev16_text), (4 bytes).
    Removing stm32f4xx_hal_flash_ramfunc.o(.revsh_text), (4 bytes).
    Removing stm32f4xx_hal_flash_ramfunc.o(.rrx_text), (6 bytes).
    Removing stm32f4xx_hal_gpio.o(.rev16_text), (4 bytes).
    Removing stm32f4xx_hal_gpio.o(.revsh_text), (4 bytes).
    Removing stm32f4xx_hal_gpio.o(.rrx_text), (6 bytes).
    Removing stm32f4xx_hal_gpio.o(i.HAL_GPIO_DeInit), (360 bytes).
    Removing stm32f4xx_hal_gpio.o(i.HAL_GPIO_EXTI_Callback), (2 bytes).
    Removing stm32f4xx_hal_gpio.o(i.HAL_GPIO_EXTI_IRQHandler), (24 bytes).
    Removing stm32f4xx_hal_gpio.o(i.HAL_GPIO_LockPin), (34 bytes).
    Removing stm32f4xx_hal_gpio.o(i.HAL_GPIO_TogglePin), (16 bytes).
    Removing stm32f4xx_hal_dma_ex.o(.rev16_text), (4 bytes).
    Removing stm32f4xx_hal_dma_ex.o(.revsh_text), (4 bytes).
    Removing stm32f4xx_hal_dma_ex.o(.rrx_text), (6 bytes).
    Removing stm32f4xx_hal_dma_ex.o(i.DMA_MultiBufferSetConfig), (30 bytes).
    Removing stm32f4xx_hal_dma_ex.o(i.HAL_DMAEx_ChangeMemory), (14 bytes).
    Removing stm32f4xx_hal_dma_ex.o(i.HAL_DMAEx_MultiBufferStart), (100 bytes).
    Removing stm32f4xx_hal_dma_ex.o(i.HAL_DMAEx_MultiBufferStart_IT), (2432 bytes).
    Removing stm32f4xx_hal_dma.o(.rev16_text), (4 bytes).
    Removing stm32f4xx_hal_dma.o(.revsh_text), (4 bytes).
    Removing stm32f4xx_hal_dma.o(.rrx_text), (6 bytes).
    Removing stm32f4xx_hal_dma.o(i.DMA_CalcBaseAndBitshift), (40 bytes).
    Removing stm32f4xx_hal_dma.o(i.DMA_CheckFifoParam), (84 bytes).
    Removing stm32f4xx_hal_dma.o(i.DMA_SetConfig), (40 bytes).
    Removing stm32f4xx_hal_dma.o(i.HAL_DMA_Abort), (146 bytes).
    Removing stm32f4xx_hal_dma.o(i.HAL_DMA_Abort_IT), (36 bytes).
    Removing stm32f4xx_hal_dma.o(i.HAL_DMA_DeInit), (98 bytes).
    Removing stm32f4xx_hal_dma.o(i.HAL_DMA_GetError), (4 bytes).
    Removing stm32f4xx_hal_dma.o(i.HAL_DMA_GetState), (6 bytes).
    Removing stm32f4xx_hal_dma.o(i.HAL_DMA_IRQHandler), (416 bytes).
    Removing stm32f4xx_hal_dma.o(i.HAL_DMA_Init), (212 bytes).
    Removing stm32f4xx_hal_dma.o(i.HAL_DMA_PollForTransfer), (288 bytes).
    Removing stm32f4xx_hal_dma.o(i.HAL_DMA_RegisterCallback), (82 bytes).
    Removing stm32f4xx_hal_dma.o(i.HAL_DMA_Start), (70 bytes).
    Removing stm32f4xx_hal_dma.o(i.HAL_DMA_Start_IT), (110 bytes).
    Removing stm32f4xx_hal_dma.o(i.HAL_DMA_UnRegisterCallback), (96 bytes).
    Removing stm32f4xx_hal_dma.o(.constdata), (8 bytes).
    Removing stm32f4xx_hal_pwr.o(.rev16_text), (4 bytes).
    Removing stm32f4xx_hal_pwr.o(.revsh_text), (4 bytes).
    Removing stm32f4xx_hal_pwr.o(.rrx_text), (6 bytes).
    Removing stm32f4xx_hal_pwr.o(i.HAL_PWR_ConfigPVD), (124 bytes).
    Removing stm32f4xx_hal_pwr.o(i.HAL_PWR_DeInit), (24 bytes).
    Removing stm32f4xx_hal_pwr.o(i.HAL_PWR_DisableBkUpAccess), (24 bytes).
    Removing stm32f4xx_hal_pwr.o(i.HAL_PWR_DisablePVD), (12 bytes).
    Removing stm32f4xx_hal_pwr.o(i.HAL_PWR_DisableSEVOnPend), (16 bytes).
    Removing stm32f4xx_hal_pwr.o(i.HAL_PWR_DisableSleepOnExit), (16 bytes).
    Removing stm32f4xx_hal_pwr.o(i.HAL_PWR_DisableWakeUpPin), (16 bytes).
    Removing stm32f4xx_hal_pwr.o(i.HAL_PWR_EnableBkUpAccess), (24 bytes).
    Removing stm32f4xx_hal_pwr.o(i.HAL_PWR_EnablePVD), (12 bytes).
    Removing stm32f4xx_hal_pwr.o(i.HAL_PWR_EnableSEVOnPend), (16 bytes).
    Removing stm32f4xx_hal_pwr.o(i.HAL_PWR_EnableSleepOnExit), (16 bytes).
    Removing stm32f4xx_hal_pwr.o(i.HAL_PWR_EnableWakeUpPin), (16 bytes).
    Removing stm32f4xx_hal_pwr.o(i.HAL_PWR_EnterSLEEPMode), (36 bytes).
    Removing stm32f4xx_hal_pwr.o(i.HAL_PWR_EnterSTANDBYMode), (32 bytes).
    Removing stm32f4xx_hal_pwr.o(i.HAL_PWR_EnterSTOPMode), (60 bytes).
    Removing stm32f4xx_hal_pwr.o(i.HAL_PWR_PVDCallback), (2 bytes).
    Removing stm32f4xx_hal_pwr.o(i.HAL_PWR_PVD_IRQHandler), (28 bytes).
    Removing stm32f4xx_hal_pwr_ex.o(.rev16_text), (4 bytes).
    Removing stm32f4xx_hal_pwr_ex.o(.revsh_text), (4 bytes).
    Removing stm32f4xx_hal_pwr_ex.o(.rrx_text), (6 bytes).
    Removing stm32f4xx_hal_pwr_ex.o(i.HAL_PWREx_ControlVoltageScaling), (88 bytes).
    Removing stm32f4xx_hal_pwr_ex.o(i.HAL_PWREx_DisableBkUpReg), (60 bytes).
    Removing stm32f4xx_hal_pwr_ex.o(i.HAL_PWREx_DisableFlashPowerDown), (12 bytes).
    Removing stm32f4xx_hal_pwr_ex.o(i.HAL_PWREx_EnableBkUpReg), (60 bytes).
    Removing stm32f4xx_hal_pwr_ex.o(i.HAL_PWREx_EnableFlashPowerDown), (12 bytes).
    Removing stm32f4xx_hal_pwr_ex.o(i.HAL_PWREx_GetVoltageRange), (16 bytes).
    Removing stm32f4xx_hal_cortex.o(.rev16_text), (4 bytes).
    Removing stm32f4xx_hal_cortex.o(.revsh_text), (4 bytes).
    Removing stm32f4xx_hal_cortex.o(.rrx_text), (6 bytes).
    Removing stm32f4xx_hal_cortex.o(i.HAL_CORTEX_ClearEvent), (6 bytes).
    Removing stm32f4xx_hal_cortex.o(i.HAL_MPU_ConfigRegion), (84 bytes).
    Removing stm32f4xx_hal_cortex.o(i.HAL_MPU_Disable), (28 bytes).
    Removing stm32f4xx_hal_cortex.o(i.HAL_MPU_DisableRegion), (24 bytes).
    Removing stm32f4xx_hal_cortex.o(i.HAL_MPU_Enable), (36 bytes).
    Removing stm32f4xx_hal_cortex.o(i.HAL_MPU_EnableRegion), (24 bytes).
    Removing stm32f4xx_hal_cortex.o(i.HAL_NVIC_ClearPendingIRQ), (26 bytes).
    Removing stm32f4xx_hal_cortex.o(i.HAL_NVIC_DisableIRQ), (34 bytes).
    Removing stm32f4xx_hal_cortex.o(i.HAL_NVIC_GetActive), (36 bytes).
    Removing stm32f4xx_hal_cortex.o(i.HAL_NVIC_GetPendingIRQ), (36 bytes).
    Removing stm32f4xx_hal_cortex.o(i.HAL_NVIC_GetPriority), (82 bytes).
    Removing stm32f4xx_hal_cortex.o(i.HAL_NVIC_GetPriorityGrouping), (16 bytes).
    Removing stm32f4xx_hal_cortex.o(i.HAL_NVIC_SetPendingIRQ), (26 bytes).
    Removing stm32f4xx_hal_cortex.o(i.HAL_NVIC_SystemReset), (36 bytes).
    Removing stm32f4xx_hal_cortex.o(i.HAL_SYSTICK_CLKSourceConfig), (24 bytes).
    Removing stm32f4xx_hal_cortex.o(i.HAL_SYSTICK_Callback), (2 bytes).
    Removing stm32f4xx_hal_cortex.o(i.HAL_SYSTICK_Config), (40 bytes).
    Removing stm32f4xx_hal_cortex.o(i.HAL_SYSTICK_IRQHandler), (8 bytes).
    Removing stm32f4xx_hal.o(.rev16_text), (4 bytes).
    Removing stm32f4xx_hal.o(.revsh_text), (4 bytes).
    Removing stm32f4xx_hal.o(.rrx_text), (6 bytes).
    Removing stm32f4xx_hal.o(i.HAL_DBGMCU_DisableDBGSleepMode), (16 bytes).
    Removing stm32f4xx_hal.o(i.HAL_DBGMCU_DisableDBGStandbyMode), (16 bytes).
    Removing stm32f4xx_hal.o(i.HAL_DBGMCU_DisableDBGStopMode), (16 bytes).
    Removing stm32f4xx_hal.o(i.HAL_DBGMCU_EnableDBGSleepMode), (16 bytes).
    Removing stm32f4xx_hal.o(i.HAL_DBGMCU_EnableDBGStandbyMode), (16 bytes).
    Removing stm32f4xx_hal.o(i.HAL_DBGMCU_EnableDBGStopMode), (16 bytes).
    Removing stm32f4xx_hal.o(i.HAL_DeInit), (72 bytes).
    Removing stm32f4xx_hal.o(i.HAL_DisableCompensationCell), (12 bytes).
    Removing stm32f4xx_hal.o(i.HAL_EnableCompensationCell), (12 bytes).
    Removing stm32f4xx_hal.o(i.HAL_GetDEVID), (16 bytes).
    Removing stm32f4xx_hal.o(i.HAL_GetHalVersion), (8 bytes).
    Removing stm32f4xx_hal.o(i.HAL_GetREVID), (12 bytes).
    Removing stm32f4xx_hal.o(i.HAL_GetTickFreq), (12 bytes).
    Removing stm32f4xx_hal.o(i.HAL_GetTickPrio), (12 bytes).
    Removing stm32f4xx_hal.o(i.HAL_GetUIDw0), (12 bytes).
    Removing stm32f4xx_hal.o(i.HAL_GetUIDw1), (12 bytes).
    Removing stm32f4xx_hal.o(i.HAL_GetUIDw2), (12 bytes).
    Removing stm32f4xx_hal.o(i.HAL_InitTick), (64 bytes).
    Removing stm32f4xx_hal.o(i.HAL_MspDeInit), (2 bytes).
    Removing stm32f4xx_hal.o(i.HAL_MspInit), (2 bytes).
    Removing stm32f4xx_hal.o(i.HAL_ResumeTick), (14 bytes).
    Removing stm32f4xx_hal.o(i.HAL_SetTickFreq), (36 bytes).
    Removing stm32f4xx_hal.o(i.HAL_SuspendTick), (14 bytes).
    Removing stm32f4xx_hal_exti.o(.rev16_text), (4 bytes).
    Removing stm32f4xx_hal_exti.o(.revsh_text), (4 bytes).
    Removing stm32f4xx_hal_exti.o(.rrx_text), (6 bytes).
    Removing stm32f4xx_hal_exti.o(i.HAL_EXTI_ClearConfigLine), (108 bytes).
    Removing stm32f4xx_hal_exti.o(i.HAL_EXTI_ClearPending), (20 bytes).
    Removing stm32f4xx_hal_exti.o(i.HAL_EXTI_GenerateSWI), (20 bytes).
    Removing stm32f4xx_hal_exti.o(i.HAL_EXTI_GetConfigLine), (144 bytes).
    Removing stm32f4xx_hal_exti.o(i.HAL_EXTI_GetHandle), (12 bytes).
    Removing stm32f4xx_hal_exti.o(i.HAL_EXTI_GetPending), (24 bytes).
    Removing stm32f4xx_hal_exti.o(i.HAL_EXTI_IRQHandler), (36 bytes).
    Removing stm32f4xx_hal_exti.o(i.HAL_EXTI_RegisterCallback), (14 bytes).
    Removing stm32f4xx_hal_exti.o(i.HAL_EXTI_SetConfigLine), (168 bytes).
    Removing stm32f4xx_hal_uart.o(.rev16_text), (4 bytes).
    Removing stm32f4xx_hal_uart.o(.revsh_text), (4 bytes).
    Removing stm32f4xx_hal_uart.o(.rrx_text), (6 bytes).
    Removing stm32f4xx_hal_uart.o(i.HAL_HalfDuplex_EnableReceiver), (50 bytes).
    Removing stm32f4xx_hal_uart.o(i.HAL_HalfDuplex_EnableTransmitter), (50 bytes).
    Removing stm32f4xx_hal_uart.o(i.HAL_HalfDuplex_Init), (110 bytes).
    Removing stm32f4xx_hal_uart.o(i.HAL_LIN_Init), (130 bytes).
    Removing stm32f4xx_hal_uart.o(i.HAL_LIN_SendBreak), (60 bytes).
    Removing stm32f4xx_hal_uart.o(i.HAL_MultiProcessor_EnterMuteMode), (62 bytes).
    Removing stm32f4xx_hal_uart.o(i.HAL_MultiProcessor_ExitMuteMode), (62 bytes).
    Removing stm32f4xx_hal_uart.o(i.HAL_MultiProcessor_Init), (144 bytes).
    Removing stm32f4xx_hal_uart.o(i.HAL_UARTEx_GetRxEventType), (4 bytes).
    Removing stm32f4xx_hal_uart.o(i.HAL_UARTEx_ReceiveToIdle), (240 bytes).
    Removing stm32f4xx_hal_uart.o(i.HAL_UARTEx_ReceiveToIdle_DMA), (74 bytes).
    Removing stm32f4xx_hal_uart.o(i.HAL_UARTEx_ReceiveToIdle_IT), (78 bytes).
    Removing stm32f4xx_hal_uart.o(i.HAL_UARTEx_RxEventCallback), (2 bytes).
    Removing stm32f4xx_hal_uart.o(i.HAL_UART_Abort), (210 bytes).
    Removing stm32f4xx_hal_uart.o(i.HAL_UART_AbortCpltCallback), (2 bytes).
    Removing stm32f4xx_hal_uart.o(i.HAL_UART_AbortReceive), (148 bytes).
    Removing stm32f4xx_hal_uart.o(i.HAL_UART_AbortReceiveCpltCallback), (2 bytes).
    Removing stm32f4xx_hal_uart.o(i.HAL_UART_AbortReceive_IT), (152 bytes).
    Removing stm32f4xx_hal_uart.o(i.HAL_UART_AbortTransmit), (98 bytes).
    Removing stm32f4xx_hal_uart.o(i.HAL_UART_AbortTransmitCpltCallback), (2 bytes).
    Removing stm32f4xx_hal_uart.o(i.HAL_UART_AbortTransmit_IT), (104 bytes).
    Removing stm32f4xx_hal_uart.o(i.HAL_UART_Abort_IT), (244 bytes).
    Removing stm32f4xx_hal_uart.o(i.HAL_UART_DMAPause), (120 bytes).
    Removing stm32f4xx_hal_uart.o(i.HAL_UART_DMAResume), (114 bytes).
    Removing stm32f4xx_hal_uart.o(i.HAL_UART_DMAStop), (112 bytes).
    Removing stm32f4xx_hal_uart.o(i.HAL_UART_DeInit), (54 bytes).
    Removing stm32f4xx_hal_uart.o(i.HAL_UART_ErrorCallback), (2 bytes).
    Removing stm32f4xx_hal_uart.o(i.HAL_UART_GetState), (10 bytes).
    Removing stm32f4xx_hal_uart.o(i.HAL_UART_IRQHandler), (640 bytes).
    Removing stm32f4xx_hal_uart.o(i.HAL_UART_MspDeInit), (2 bytes).
    Removing stm32f4xx_hal_uart.o(i.HAL_UART_MspInit), (2 bytes).
    Removing stm32f4xx_hal_uart.o(i.HAL_UART_Receive_DMA), (28 bytes).
    Removing stm32f4xx_hal_uart.o(i.HAL_UART_Receive_IT), (28 bytes).
    Removing stm32f4xx_hal_uart.o(i.HAL_UART_RxCpltCallback), (2 bytes).
    Removing stm32f4xx_hal_uart.o(i.HAL_UART_RxHalfCpltCallback), (2 bytes).
    Removing stm32f4xx_hal_uart.o(i.HAL_UART_Transmit_DMA), (132 bytes).
    Removing stm32f4xx_hal_uart.o(i.HAL_UART_Transmit_IT), (50 bytes).
    Removing stm32f4xx_hal_uart.o(i.HAL_UART_TxCpltCallback), (2 bytes).
    Removing stm32f4xx_hal_uart.o(i.HAL_UART_TxHalfCpltCallback), (2 bytes).
    Removing stm32f4xx_hal_uart.o(i.UART_DMAAbortOnError), (14 bytes).
    Removing stm32f4xx_hal_uart.o(i.UART_DMAError), (74 bytes).
    Removing stm32f4xx_hal_uart.o(i.UART_DMAReceiveCplt), (134 bytes).
    Removing stm32f4xx_hal_uart.o(i.UART_DMARxAbortCallback), (44 bytes).
    Removing stm32f4xx_hal_uart.o(i.UART_DMARxHalfCplt), (30 bytes).
    Removing stm32f4xx_hal_uart.o(i.UART_DMARxOnlyAbortCallback), (22 bytes).
    Removing stm32f4xx_hal_uart.o(i.UART_DMATransmitCplt), (66 bytes).
    Removing stm32f4xx_hal_uart.o(i.UART_DMATxAbortCallback), (44 bytes).
    Removing stm32f4xx_hal_uart.o(i.UART_DMATxHalfCplt), (10 bytes).
    Removing stm32f4xx_hal_uart.o(i.UART_DMATxOnlyAbortCallback), (20 bytes).
    Removing stm32f4xx_hal_uart.o(i.UART_EndTxTransfer), (28 bytes).
    Removing stm32f4xx_hal_uart.o(i.UART_Receive_IT), (194 bytes).
    Removing stm32f4xx_hal_uart.o(i.UART_Start_Receive_DMA), (160 bytes).
    Removing stm32f4xx_hal_uart.o(i.UART_Start_Receive_IT), (54 bytes).
    Removing system_stm32f4xx.o(.rev16_text), (4 bytes).
    Removing system_stm32f4xx.o(.revsh_text), (4 bytes).
    Removing system_stm32f4xx.o(.rrx_text), (6 bytes).
    Removing system_stm32f4xx.o(i.SystemCoreClockUpdate), (120 bytes).
    Removing a1_motor_drive.o(.rev16_text), (4 bytes).
    Removing a1_motor_drive.o(.revsh_text), (4 bytes).
    Removing a1_motor_drive.o(.rrx_text), (6 bytes).
    Removing a1_motor_drive.o(i.modify_pos_cmd), (88 bytes).
    Removing a1_motor_drive.o(i.modify_speed_cmd), (48 bytes).
    Removing a1_motor_drive.o(.bss), (66 bytes).
    Removing a1_motor_drive.o(.bss), (140 bytes).
    Removing a1_motor_drive.o(.bss), (140 bytes).
    Removing a1_motor_drive.o(.bss), (140 bytes).
    Removing a1_motor_drive.o(.bss), (140 bytes).
    Removing joint.o(.rev16_text), (4 bytes).
    Removing joint.o(.revsh_text), (4 bytes).
    Removing joint.o(.rrx_text), (6 bytes).
    Removing joint.o(i.Joint_GOTO_zero), (56 bytes).
    Removing joint.o(i.Joint_Position_Control), (64 bytes).
    Removing joint.o(i.Joint_Speed_Control), (36 bytes).
    Removing joint.o(.data), (4 bytes).
    Removing joint.o(.data), (1 bytes).

447 unused section(s) (total 32165 bytes) removed from the image.

==============================================================================

Image Symbol Table

    Local Symbols

    Symbol Name                              Value     Ov Type        Size  Object(Section)

    ../Core/Src/gpio.c                       0x00000000   Number         0  gpio.o ABSOLUTE
    ../Core/Src/main.c                       0x00000000   Number         0  main.o ABSOLUTE
    ../Core/Src/stm32f4xx_hal_msp.c          0x00000000   Number         0  stm32f4xx_hal_msp.o ABSOLUTE
    ../Core/Src/stm32f4xx_hal_timebase_tim.c 0x00000000   Number         0  stm32f4xx_hal_timebase_tim.o ABSOLUTE
    ../Core/Src/stm32f4xx_it.c               0x00000000   Number         0  stm32f4xx_it.o ABSOLUTE
    ../Core/Src/system_stm32f4xx.c           0x00000000   Number         0  system_stm32f4xx.o ABSOLUTE
    ../Core/Src/tim.c                        0x00000000   Number         0  tim.o ABSOLUTE
    ../Core/Src/usart.c                      0x00000000   Number         0  usart.o ABSOLUTE
    ../Drivers/STM32F4xx_HAL_Driver/Src/stm32f4xx_hal.c 0x00000000   Number         0  stm32f4xx_hal.o ABSOLUTE
    ../Drivers/STM32F4xx_HAL_Driver/Src/stm32f4xx_hal_cortex.c 0x00000000   Number         0  stm32f4xx_hal_cortex.o ABSOLUTE
    ../Drivers/STM32F4xx_HAL_Driver/Src/stm32f4xx_hal_dma.c 0x00000000   Number         0  stm32f4xx_hal_dma.o ABSOLUTE
    ../Drivers/STM32F4xx_HAL_Driver/Src/stm32f4xx_hal_dma_ex.c 0x00000000   Number         0  stm32f4xx_hal_dma_ex.o ABSOLUTE
    ../Drivers/STM32F4xx_HAL_Driver/Src/stm32f4xx_hal_exti.c 0x00000000   Number         0  stm32f4xx_hal_exti.o ABSOLUTE
    ../Drivers/STM32F4xx_HAL_Driver/Src/stm32f4xx_hal_flash.c 0x00000000   Number         0  stm32f4xx_hal_flash.o ABSOLUTE
    ../Drivers/STM32F4xx_HAL_Driver/Src/stm32f4xx_hal_flash_ex.c 0x00000000   Number         0  stm32f4xx_hal_flash_ex.o ABSOLUTE
    ../Drivers/STM32F4xx_HAL_Driver/Src/stm32f4xx_hal_flash_ramfunc.c 0x00000000   Number         0  stm32f4xx_hal_flash_ramfunc.o ABSOLUTE
    ../Drivers/STM32F4xx_HAL_Driver/Src/stm32f4xx_hal_gpio.c 0x00000000   Number         0  stm32f4xx_hal_gpio.o ABSOLUTE
    ../Drivers/STM32F4xx_HAL_Driver/Src/stm32f4xx_hal_pwr.c 0x00000000   Number         0  stm32f4xx_hal_pwr.o ABSOLUTE
    ../Drivers/STM32F4xx_HAL_Driver/Src/stm32f4xx_hal_pwr_ex.c 0x00000000   Number         0  stm32f4xx_hal_pwr_ex.o ABSOLUTE
    ../Drivers/STM32F4xx_HAL_Driver/Src/stm32f4xx_hal_rcc.c 0x00000000   Number         0  stm32f4xx_hal_rcc.o ABSOLUTE
    ../Drivers/STM32F4xx_HAL_Driver/Src/stm32f4xx_hal_rcc_ex.c 0x00000000   Number         0  stm32f4xx_hal_rcc_ex.o ABSOLUTE
    ../Drivers/STM32F4xx_HAL_Driver/Src/stm32f4xx_hal_tim.c 0x00000000   Number         0  stm32f4xx_hal_tim.o ABSOLUTE
    ../Drivers/STM32F4xx_HAL_Driver/Src/stm32f4xx_hal_tim_ex.c 0x00000000   Number         0  stm32f4xx_hal_tim_ex.o ABSOLUTE
    ../Drivers/STM32F4xx_HAL_Driver/Src/stm32f4xx_hal_uart.c 0x00000000   Number         0  stm32f4xx_hal_uart.o ABSOLUTE
    ../clib/microlib/division.c              0x00000000   Number         0  uldiv.o ABSOLUTE
    ../clib/microlib/errno.c                 0x00000000   Number         0  errno.o ABSOLUTE
    ../clib/microlib/init/entry.s            0x00000000   Number         0  entry7b.o ABSOLUTE
    ../clib/microlib/init/entry.s            0x00000000   Number         0  entry11b.o ABSOLUTE
    ../clib/microlib/init/entry.s            0x00000000   Number         0  entry12b.o ABSOLUTE
    ../clib/microlib/init/entry.s            0x00000000   Number         0  entry12a.o ABSOLUTE
    ../clib/microlib/init/entry.s            0x00000000   Number         0  entry10a.o ABSOLUTE
    ../clib/microlib/init/entry.s            0x00000000   Number         0  entry11a.o ABSOLUTE
    ../clib/microlib/init/entry.s            0x00000000   Number         0  entry10b.o ABSOLUTE
    ../clib/microlib/init/entry.s            0x00000000   Number         0  entry7a.o ABSOLUTE
    ../clib/microlib/init/entry.s            0x00000000   Number         0  entry9b.o ABSOLUTE
    ../clib/microlib/init/entry.s            0x00000000   Number         0  entry9a.o ABSOLUTE
    ../clib/microlib/init/entry.s            0x00000000   Number         0  entry8b.o ABSOLUTE
    ../clib/microlib/init/entry.s            0x00000000   Number         0  entry8a.o ABSOLUTE
    ../clib/microlib/init/entry.s            0x00000000   Number         0  entry.o ABSOLUTE
    ../clib/microlib/init/entry.s            0x00000000   Number         0  entry5.o ABSOLUTE
    ../clib/microlib/init/entry.s            0x00000000   Number         0  entry2.o ABSOLUTE
    ../clib/microlib/longlong.c              0x00000000   Number         0  llshl.o ABSOLUTE
    ../clib/microlib/longlong.c              0x00000000   Number         0  llushr.o ABSOLUTE
    ../clib/microlib/string/memcpy.c         0x00000000   Number         0  memcpya.o ABSOLUTE
    ../clib/microlib/string/memcpy.c         0x00000000   Number         0  memcpyb.o ABSOLUTE
    ../clib/microlib/string/memset.c         0x00000000   Number         0  memseta.o ABSOLUTE
    ../clib/microlib/stubs.s                 0x00000000   Number         0  iusefp.o ABSOLUTE
    ../fplib/microlib/d2f.c                  0x00000000   Number         0  d2f.o ABSOLUTE
    ../fplib/microlib/f2d.c                  0x00000000   Number         0  f2d.o ABSOLUTE
    ../fplib/microlib/fpdiv.c                0x00000000   Number         0  ddiv.o ABSOLUTE
    ../fplib/microlib/fpepilogue.c           0x00000000   Number         0  depilogue.o ABSOLUTE
    ../fplib/microlib/fpepilogue.c           0x00000000   Number         0  fepilogue.o ABSOLUTE
    ../fplib/microlib/fpflt.c                0x00000000   Number         0  dflti.o ABSOLUTE
    ../fplib/microlib/fpmul.c                0x00000000   Number         0  dmul.o ABSOLUTE
    ../mathlib/cosf.c                        0x00000000   Number         0  cosf_x.o ABSOLUTE
    ../mathlib/cosf.c                        0x00000000   Number         0  cosf.o ABSOLUTE
    ../mathlib/fpclassifyf.c                 0x00000000   Number         0  fpclassifyf.o ABSOLUTE
    ../mathlib/funder.c                      0x00000000   Number         0  funder.o ABSOLUTE
    ../mathlib/rredf.c                       0x00000000   Number         0  rredf.o ABSOLUTE
    ../mathlib/sinf.c                        0x00000000   Number         0  sinf.o ABSOLUTE
    ../mathlib/sinf.c                        0x00000000   Number         0  sinf_x.o ABSOLUTE
    ../mathlib/sqrtf.c                       0x00000000   Number         0  sqrtf.o ABSOLUTE
    ../mathlib/sqrtf.c                       0x00000000   Number         0  sqrtf_x.o ABSOLUTE
    ..\Core\Src\calc.c                       0x00000000   Number         0  calc.o ABSOLUTE
    ..\Core\Src\gpio.c                       0x00000000   Number         0  gpio.o ABSOLUTE
    ..\Core\Src\key_state_machine.c          0x00000000   Number         0  key_state_machine.o ABSOLUTE
    ..\Core\Src\main.c                       0x00000000   Number         0  main.o ABSOLUTE
    ..\Core\Src\stm32f4xx_hal_msp.c          0x00000000   Number         0  stm32f4xx_hal_msp.o ABSOLUTE
    ..\Core\Src\stm32f4xx_hal_timebase_tim.c 0x00000000   Number         0  stm32f4xx_hal_timebase_tim.o ABSOLUTE
    ..\Core\Src\stm32f4xx_it.c               0x00000000   Number         0  stm32f4xx_it.o ABSOLUTE
    ..\Core\Src\system_stm32f4xx.c           0x00000000   Number         0  system_stm32f4xx.o ABSOLUTE
    ..\Core\Src\tim.c                        0x00000000   Number         0  tim.o ABSOLUTE
    ..\Core\Src\usart.c                      0x00000000   Number         0  usart.o ABSOLUTE
    ..\Drivers\STM32F4xx_HAL_Driver\Src\stm32f4xx_hal.c 0x00000000   Number         0  stm32f4xx_hal.o ABSOLUTE
    ..\Drivers\STM32F4xx_HAL_Driver\Src\stm32f4xx_hal_cortex.c 0x00000000   Number         0  stm32f4xx_hal_cortex.o ABSOLUTE
    ..\Drivers\STM32F4xx_HAL_Driver\Src\stm32f4xx_hal_dma.c 0x00000000   Number         0  stm32f4xx_hal_dma.o ABSOLUTE
    ..\Drivers\STM32F4xx_HAL_Driver\Src\stm32f4xx_hal_dma_ex.c 0x00000000   Number         0  stm32f4xx_hal_dma_ex.o ABSOLUTE
    ..\Drivers\STM32F4xx_HAL_Driver\Src\stm32f4xx_hal_exti.c 0x00000000   Number         0  stm32f4xx_hal_exti.o ABSOLUTE
    ..\Drivers\STM32F4xx_HAL_Driver\Src\stm32f4xx_hal_flash.c 0x00000000   Number         0  stm32f4xx_hal_flash.o ABSOLUTE
    ..\Drivers\STM32F4xx_HAL_Driver\Src\stm32f4xx_hal_flash_ex.c 0x00000000   Number         0  stm32f4xx_hal_flash_ex.o ABSOLUTE
    ..\Drivers\STM32F4xx_HAL_Driver\Src\stm32f4xx_hal_flash_ramfunc.c 0x00000000   Number         0  stm32f4xx_hal_flash_ramfunc.o ABSOLUTE
    ..\Drivers\STM32F4xx_HAL_Driver\Src\stm32f4xx_hal_gpio.c 0x00000000   Number         0  stm32f4xx_hal_gpio.o ABSOLUTE
    ..\Drivers\STM32F4xx_HAL_Driver\Src\stm32f4xx_hal_pwr.c 0x00000000   Number         0  stm32f4xx_hal_pwr.o ABSOLUTE
    ..\Drivers\STM32F4xx_HAL_Driver\Src\stm32f4xx_hal_pwr_ex.c 0x00000000   Number         0  stm32f4xx_hal_pwr_ex.o ABSOLUTE
    ..\Drivers\STM32F4xx_HAL_Driver\Src\stm32f4xx_hal_rcc.c 0x00000000   Number         0  stm32f4xx_hal_rcc.o ABSOLUTE
    ..\Drivers\STM32F4xx_HAL_Driver\Src\stm32f4xx_hal_rcc_ex.c 0x00000000   Number         0  stm32f4xx_hal_rcc_ex.o ABSOLUTE
    ..\Drivers\STM32F4xx_HAL_Driver\Src\stm32f4xx_hal_tim.c 0x00000000   Number         0  stm32f4xx_hal_tim.o ABSOLUTE
    ..\Drivers\STM32F4xx_HAL_Driver\Src\stm32f4xx_hal_tim_ex.c 0x00000000   Number         0  stm32f4xx_hal_tim_ex.o ABSOLUTE
    ..\Drivers\STM32F4xx_HAL_Driver\Src\stm32f4xx_hal_uart.c 0x00000000   Number         0  stm32f4xx_hal_uart.o ABSOLUTE
    ..\Modules\Joint\joint.c                 0x00000000   Number         0  joint.o ABSOLUTE
    ..\Modules\Motor\Motor_A1\A1_motor_drive.c 0x00000000   Number         0  a1_motor_drive.o ABSOLUTE
    ..\\Core\\Src\\calc.c                    0x00000000   Number         0  calc.o ABSOLUTE
    ..\\Core\\Src\\key_state_machine.c       0x00000000   Number         0  key_state_machine.o ABSOLUTE
    ..\\Modules\\Joint\\joint.c              0x00000000   Number         0  joint.o ABSOLUTE
    ..\\Modules\\Motor\\Motor_A1\\A1_motor_drive.c 0x00000000   Number         0  a1_motor_drive.o ABSOLUTE
    dc.s                                     0x00000000   Number         0  dc.o ABSOLUTE
    handlers.s                               0x00000000   Number         0  handlers.o ABSOLUTE
    init.s                                   0x00000000   Number         0  init.o ABSOLUTE
    startup_stm32f407xx.s                    0x00000000   Number         0  startup_stm32f407xx.o ABSOLUTE
    RESET                                    0x08000000   Section      392  startup_stm32f407xx.o(RESET)
    .ARM.Collect$$$$00000000                 0x08000188   Section        0  entry.o(.ARM.Collect$$$$00000000)
    .ARM.Collect$$$$00000001                 0x08000188   Section        4  entry2.o(.ARM.Collect$$$$00000001)
    .ARM.Collect$$$$00000004                 0x0800018c   Section        4  entry5.o(.ARM.Collect$$$$00000004)
    .ARM.Collect$$$$00000008                 0x08000190   Section        0  entry7b.o(.ARM.Collect$$$$00000008)
    .ARM.Collect$$$$0000000A                 0x08000190   Section        0  entry8b.o(.ARM.Collect$$$$0000000A)
    .ARM.Collect$$$$0000000B                 0x08000190   Section        8  entry9a.o(.ARM.Collect$$$$0000000B)
    .ARM.Collect$$$$0000000E                 0x08000198   Section        4  entry12b.o(.ARM.Collect$$$$0000000E)
    .ARM.Collect$$$$0000000F                 0x0800019c   Section        0  entry10a.o(.ARM.Collect$$$$0000000F)
    .ARM.Collect$$$$00000011                 0x0800019c   Section        0  entry11a.o(.ARM.Collect$$$$00000011)
    .ARM.Collect$$$$00002712                 0x0800019c   Section        4  entry2.o(.ARM.Collect$$$$00002712)
    __lit__00000000                          0x0800019c   Data           4  entry2.o(.ARM.Collect$$$$00002712)
    .text                                    0x080001a0   Section       36  startup_stm32f407xx.o(.text)
    $v0                                      0x080001a0   Number         0  startup_stm32f407xx.o(.text)
    .text                                    0x080001c4   Section        0  uldiv.o(.text)
    .text                                    0x08000226   Section        0  memcpya.o(.text)
    .text                                    0x0800024a   Section        0  memseta.o(.text)
    .text                                    0x0800026e   Section        0  dmul.o(.text)
    .text                                    0x08000352   Section        0  ddiv.o(.text)
    .text                                    0x08000430   Section        0  dflti.o(.text)
    .text                                    0x08000452   Section        0  f2d.o(.text)
    .text                                    0x08000478   Section        0  d2f.o(.text)
    .text                                    0x080004b0   Section        0  llshl.o(.text)
    .text                                    0x080004ce   Section        0  llushr.o(.text)
    .text                                    0x080004ee   Section        0  iusefp.o(.text)
    .text                                    0x080004ee   Section        0  fepilogue.o(.text)
    .text                                    0x0800055c   Section        0  depilogue.o(.text)
    .text                                    0x08000618   Section       36  init.o(.text)
    i.BusFault_Handler                       0x0800063c   Section        0  stm32f4xx_it.o(i.BusFault_Handler)
    i.DebugMon_Handler                       0x0800063e   Section        0  stm32f4xx_it.o(i.DebugMon_Handler)
    i.Error_Handler                          0x08000640   Section        0  main.o(i.Error_Handler)
    i.HAL_Delay                              0x08000644   Section        0  stm32f4xx_hal.o(i.HAL_Delay)
    i.HAL_GPIO_Init                          0x08000668   Section        0  stm32f4xx_hal_gpio.o(i.HAL_GPIO_Init)
    i.HAL_GPIO_ReadPin                       0x08000858   Section        0  stm32f4xx_hal_gpio.o(i.HAL_GPIO_ReadPin)
    i.HAL_GPIO_WritePin                      0x08000862   Section        0  stm32f4xx_hal_gpio.o(i.HAL_GPIO_WritePin)
    i.HAL_GetTick                            0x0800086c   Section        0  stm32f4xx_hal.o(i.HAL_GetTick)
    i.HAL_IncTick                            0x08000878   Section        0  stm32f4xx_hal.o(i.HAL_IncTick)
    i.HAL_Init                               0x08000888   Section        0  stm32f4xx_hal.o(i.HAL_Init)
    i.HAL_InitTick                           0x080008bc   Section        0  stm32f4xx_hal_timebase_tim.o(i.HAL_InitTick)
    i.HAL_MspInit                            0x08000948   Section        0  stm32f4xx_hal_msp.o(i.HAL_MspInit)
    i.HAL_NVIC_EnableIRQ                     0x08000978   Section        0  stm32f4xx_hal_cortex.o(i.HAL_NVIC_EnableIRQ)
    i.HAL_NVIC_SetPriority                   0x08000994   Section        0  stm32f4xx_hal_cortex.o(i.HAL_NVIC_SetPriority)
    i.HAL_NVIC_SetPriorityGrouping           0x080009d4   Section        0  stm32f4xx_hal_cortex.o(i.HAL_NVIC_SetPriorityGrouping)
    i.HAL_RCC_ClockConfig                    0x080009f8   Section        0  stm32f4xx_hal_rcc.o(i.HAL_RCC_ClockConfig)
    i.HAL_RCC_GetClockConfig                 0x08000b2c   Section        0  stm32f4xx_hal_rcc.o(i.HAL_RCC_GetClockConfig)
    i.HAL_RCC_GetPCLK1Freq                   0x08000b6c   Section        0  stm32f4xx_hal_rcc.o(i.HAL_RCC_GetPCLK1Freq)
    i.HAL_RCC_GetPCLK2Freq                   0x08000b8c   Section        0  stm32f4xx_hal_rcc.o(i.HAL_RCC_GetPCLK2Freq)
    i.HAL_RCC_GetSysClockFreq                0x08000bac   Section        0  stm32f4xx_hal_rcc.o(i.HAL_RCC_GetSysClockFreq)
    i.HAL_RCC_OscConfig                      0x08000c0c   Section        0  stm32f4xx_hal_rcc.o(i.HAL_RCC_OscConfig)
    i.HAL_TIMEx_BreakCallback                0x08000f78   Section        0  stm32f4xx_hal_tim_ex.o(i.HAL_TIMEx_BreakCallback)
    i.HAL_TIMEx_CommutCallback               0x08000f7a   Section        0  stm32f4xx_hal_tim_ex.o(i.HAL_TIMEx_CommutCallback)
    i.HAL_TIMEx_MasterConfigSynchronization  0x08000f7c   Section        0  stm32f4xx_hal_tim_ex.o(i.HAL_TIMEx_MasterConfigSynchronization)
    i.HAL_TIM_Base_Init                      0x0800100c   Section        0  stm32f4xx_hal_tim.o(i.HAL_TIM_Base_Init)
    i.HAL_TIM_Base_MspInit                   0x08001068   Section        0  tim.o(i.HAL_TIM_Base_MspInit)
    i.HAL_TIM_Base_Start_IT                  0x080010a0   Section        0  stm32f4xx_hal_tim.o(i.HAL_TIM_Base_Start_IT)
    i.HAL_TIM_ConfigClockSource              0x08001120   Section        0  stm32f4xx_hal_tim.o(i.HAL_TIM_ConfigClockSource)
    i.HAL_TIM_IC_CaptureCallback             0x080011fc   Section        0  stm32f4xx_hal_tim.o(i.HAL_TIM_IC_CaptureCallback)
    i.HAL_TIM_IRQHandler                     0x080011fe   Section        0  stm32f4xx_hal_tim.o(i.HAL_TIM_IRQHandler)
    i.HAL_TIM_OC_DelayElapsedCallback        0x0800132e   Section        0  stm32f4xx_hal_tim.o(i.HAL_TIM_OC_DelayElapsedCallback)
    i.HAL_TIM_PWM_PulseFinishedCallback      0x08001330   Section        0  stm32f4xx_hal_tim.o(i.HAL_TIM_PWM_PulseFinishedCallback)
    i.HAL_TIM_PeriodElapsedCallback          0x08001334   Section        0  main.o(i.HAL_TIM_PeriodElapsedCallback)
    i.HAL_TIM_TriggerCallback                0x0800135c   Section        0  stm32f4xx_hal_tim.o(i.HAL_TIM_TriggerCallback)
    i.HAL_UART_GetError                      0x0800135e   Section        0  stm32f4xx_hal_uart.o(i.HAL_UART_GetError)
    i.HAL_UART_Init                          0x08001362   Section        0  stm32f4xx_hal_uart.o(i.HAL_UART_Init)
    i.HAL_UART_MspInit                       0x080013c8   Section        0  usart.o(i.HAL_UART_MspInit)
    i.HAL_UART_Receive                       0x08001464   Section        0  stm32f4xx_hal_uart.o(i.HAL_UART_Receive)
    i.HAL_UART_Transmit                      0x08001514   Section        0  stm32f4xx_hal_uart.o(i.HAL_UART_Transmit)
    i.HardFault_Handler                      0x080015b4   Section        0  stm32f4xx_it.o(i.HardFault_Handler)
    i.Joint_PW_Control                       0x080015b8   Section        0  joint.o(i.Joint_PW_Control)
    i.Joint_Zero_OK                          0x080015fc   Section        0  joint.o(i.Joint_Zero_OK)
    i.Joint_Zero_init_Type1                  0x08001620   Section        0  joint.o(i.Joint_Zero_init_Type1)
    i.Key_GetCurrentMode                     0x08001668   Section        0  key_state_machine.o(i.Key_GetCurrentMode)
    i.Key_GetTaskState                       0x08001674   Section        0  key_state_machine.o(i.Key_GetTaskState)
    i.Key_HandleEvents                       0x08001680   Section        0  key_state_machine.o(i.Key_HandleEvents)
    Key_HandleEvents                         0x08001681   Thumb Code    72  key_state_machine.o(i.Key_HandleEvents)
    i.Key_Process                            0x080016cc   Section        0  key_state_machine.o(i.Key_Process)
    i.Key_StateMachine                       0x080016e8   Section        0  key_state_machine.o(i.Key_StateMachine)
    Key_StateMachine                         0x080016e9   Thumb Code   184  key_state_machine.o(i.Key_StateMachine)
    i.Key_scope                              0x080017a0   Section        0  key_state_machine.o(i.Key_scope)
    i.MX_GPIO_Init                           0x080017ac   Section        0  gpio.o(i.MX_GPIO_Init)
    i.MX_TIM2_Init                           0x08001848   Section        0  tim.o(i.MX_TIM2_Init)
    i.MX_USART1_UART_Init                    0x080018b0   Section        0  usart.o(i.MX_USART1_UART_Init)
    i.MX_USART2_UART_Init                    0x080018ec   Section        0  usart.o(i.MX_USART2_UART_Init)
    i.MemManage_Handler                      0x08001924   Section        0  stm32f4xx_it.o(i.MemManage_Handler)
    i.NMI_Handler                            0x08001926   Section        0  stm32f4xx_it.o(i.NMI_Handler)
    i.PendSV_Handler                         0x08001928   Section        0  stm32f4xx_it.o(i.PendSV_Handler)
    i.SVC_Handler                            0x0800192a   Section        0  stm32f4xx_it.o(i.SVC_Handler)
    i.SysTick_Handler                        0x0800192c   Section        0  stm32f4xx_it.o(i.SysTick_Handler)
    i.SystemClock_Config                     0x08001930   Section        0  main.o(i.SystemClock_Config)
    i.SystemInit                             0x080019c4   Section        0  system_stm32f4xx.o(i.SystemInit)
    i.TIM1_UP_TIM10_IRQHandler               0x080019d4   Section        0  stm32f4xx_it.o(i.TIM1_UP_TIM10_IRQHandler)
    i.TIM2_IRQHandler                        0x080019e0   Section        0  stm32f4xx_it.o(i.TIM2_IRQHandler)
    i.TIM_Base_SetConfig                     0x080019ec   Section        0  stm32f4xx_hal_tim.o(i.TIM_Base_SetConfig)
    i.TIM_ETR_SetConfig                      0x08001abc   Section        0  stm32f4xx_hal_tim.o(i.TIM_ETR_SetConfig)
    i.TIM_ITRx_SetConfig                     0x08001ad0   Section        0  stm32f4xx_hal_tim.o(i.TIM_ITRx_SetConfig)
    TIM_ITRx_SetConfig                       0x08001ad1   Thumb Code    16  stm32f4xx_hal_tim.o(i.TIM_ITRx_SetConfig)
    i.TIM_TI1_ConfigInputStage               0x08001ae0   Section        0  stm32f4xx_hal_tim.o(i.TIM_TI1_ConfigInputStage)
    TIM_TI1_ConfigInputStage                 0x08001ae1   Thumb Code    34  stm32f4xx_hal_tim.o(i.TIM_TI1_ConfigInputStage)
    i.TIM_TI2_ConfigInputStage               0x08001b02   Section        0  stm32f4xx_hal_tim.o(i.TIM_TI2_ConfigInputStage)
    TIM_TI2_ConfigInputStage                 0x08001b03   Thumb Code    36  stm32f4xx_hal_tim.o(i.TIM_TI2_ConfigInputStage)
    i.Task_Execute                           0x08001b28   Section        0  key_state_machine.o(i.Task_Execute)
    i.UART_EndRxTransfer                     0x08001cf8   Section        0  stm32f4xx_hal_uart.o(i.UART_EndRxTransfer)
    UART_EndRxTransfer                       0x08001cf9   Thumb Code    78  stm32f4xx_hal_uart.o(i.UART_EndRxTransfer)
    i.UART_SetConfig                         0x08001d48   Section        0  stm32f4xx_hal_uart.o(i.UART_SetConfig)
    UART_SetConfig                           0x08001d49   Thumb Code   258  stm32f4xx_hal_uart.o(i.UART_SetConfig)
    i.UART_WaitOnFlagUntilTimeout            0x08001e54   Section        0  stm32f4xx_hal_uart.o(i.UART_WaitOnFlagUntilTimeout)
    UART_WaitOnFlagUntilTimeout              0x08001e55   Thumb Code   114  stm32f4xx_hal_uart.o(i.UART_WaitOnFlagUntilTimeout)
    i.UsageFault_Handler                     0x08001ec6   Section        0  stm32f4xx_it.o(i.UsageFault_Handler)
    i.__ARM_fpclassifyf                      0x08001ec8   Section        0  fpclassifyf.o(i.__ARM_fpclassifyf)
    i.__NVIC_SetPriority                     0x08001eee   Section        0  stm32f4xx_hal_cortex.o(i.__NVIC_SetPriority)
    __NVIC_SetPriority                       0x08001eef   Thumb Code    32  stm32f4xx_hal_cortex.o(i.__NVIC_SetPriority)
    i.__hardfp_cosf                          0x08001f10   Section        0  cosf.o(i.__hardfp_cosf)
    i.__hardfp_sinf                          0x08002060   Section        0  sinf.o(i.__hardfp_sinf)
    i.__hardfp_sqrtf                         0x080021f0   Section        0  sqrtf.o(i.__hardfp_sqrtf)
    i.__mathlib_flt_infnan                   0x0800222a   Section        0  funder.o(i.__mathlib_flt_infnan)
    i.__mathlib_flt_invalid                  0x08002230   Section        0  funder.o(i.__mathlib_flt_invalid)
    i.__mathlib_flt_underflow                0x08002240   Section        0  funder.o(i.__mathlib_flt_underflow)
    i.__mathlib_rredf2                       0x08002250   Section        0  rredf.o(i.__mathlib_rredf2)
    i.__scatterload_copy                     0x080023a4   Section       14  handlers.o(i.__scatterload_copy)
    i.__scatterload_null                     0x080023b2   Section        2  handlers.o(i.__scatterload_null)
    i.__scatterload_zeroinit                 0x080023b4   Section       14  handlers.o(i.__scatterload_zeroinit)
    i.__set_errno                            0x080023c4   Section        0  errno.o(i.__set_errno)
    i.calculate_poly5_coeff                  0x080023d0   Section        0  calc.o(i.calculate_poly5_coeff)
    calculate_poly5_coeff                    0x080023d1   Thumb Code   190  calc.o(i.calculate_poly5_coeff)
    i.cdpr_init                              0x08002490   Section        0  calc.o(i.cdpr_init)
    i.crc32_core_Ver3                        0x080024b4   Section        0  a1_motor_drive.o(i.crc32_core_Ver3)
    i.cross_product                          0x080024f0   Section        0  calc.o(i.cross_product)
    i.generate_trajectory_and_angles         0x08002548   Section        0  calc.o(i.generate_trajectory_and_angles)
    generate_trajectory_and_angles           0x08002549   Thumb Code   712  calc.o(i.generate_trajectory_and_angles)
    i.get_rotation_matrix                    0x0800282c   Section        0  calc.o(i.get_rotation_matrix)
    i.get_translation_matrix                 0x08002904   Section        0  calc.o(i.get_translation_matrix)
    i.main                                   0x08002954   Section        0  main.o(i.main)
    i.matrix_multiply                        0x080029dc   Section        0  calc.o(i.matrix_multiply)
    i.modify_PW_cmd                          0x08002a3c   Section        0  a1_motor_drive.o(i.modify_PW_cmd)
    i.modify_torque_cmd                      0x08002a9c   Section        0  a1_motor_drive.o(i.modify_torque_cmd)
    i.motor_relax                            0x08002ae8   Section        0  a1_motor_drive.o(i.motor_relax)
    i.point_mult_matrix                      0x08002b0c   Section        0  calc.o(i.point_mult_matrix)
    i.unitreeA1_rxtx                         0x08002ba0   Section        0  a1_motor_drive.o(i.unitreeA1_rxtx)
    i.vector_norm                            0x08002e1c   Section        0  calc.o(i.vector_norm)
    .constdata                               0x08002e38   Section      448  calc.o(.constdata)
    .constdata                               0x08002ff8   Section      144  key_state_machine.o(.constdata)
    .constdata                               0x08003088   Section       16  system_stm32f4xx.o(.constdata)
    .constdata                               0x08003098   Section        8  system_stm32f4xx.o(.constdata)
    .constdata                               0x080030a0   Section       32  rredf.o(.constdata)
    twooverpi                                0x080030a0   Data          32  rredf.o(.constdata)
    .data                                    0x20000000   Section       64  key_state_machine.o(.data)
    task_running                             0x20000000   Data           1  key_state_machine.o(.data)
    current_mode                             0x20000001   Data           1  key_state_machine.o(.data)
    key0                                     0x20000008   Data          28  key_state_machine.o(.data)
    key1                                     0x20000024   Data          28  key_state_machine.o(.data)
    .data                                    0x20000040   Section       12  main.o(.data)
    .data                                    0x2000004c   Section       12  stm32f4xx_hal.o(.data)
    .data                                    0x20000058   Section        4  system_stm32f4xx.o(.data)
    .data                                    0x2000005c   Section       12  a1_motor_drive.o(.data)
    .data                                    0x20000068   Section        4  joint.o(.data)
    .data                                    0x2000006c   Section        4  errno.o(.data)
    _errno                                   0x2000006c   Data           4  errno.o(.data)
    .bss                                     0x20000070   Section    32240  calc.o(.bss)
    .bss                                     0x20007e60   Section       28  main.o(.bss)
    .bss                                     0x20007e7c   Section       72  tim.o(.bss)
    .bss                                     0x20007ec4   Section      144  usart.o(.bss)
    .bss                                     0x20007f54   Section       72  stm32f4xx_hal_timebase_tim.o(.bss)
    .bss                                     0x20007f9c   Section      704  a1_motor_drive.o(.bss)
    STACK                                    0x20008260   Section    16384  startup_stm32f407xx.o(STACK)

    Global Symbols

    Symbol Name                              Value     Ov Type        Size  Object(Section)

    BuildAttributes$$THM_ISAv4$E$P$D$K$B$S$7EM$VFPi3$EXTD16$VFPS$VFMA$PE$A:L22UL41UL21$X:L11$S22US41US21$IEEE1$IW$USESV6$~STKCKD$USESV7$~SHL$OTIME$ROPI$IEEEX$EBA8$MICROLIB$REQ8$PRES8$EABIv2 0x00000000   Number         0  anon$$obj.o ABSOLUTE
    __ARM_use_no_argv                        0x00000000   Number         0  main.o ABSOLUTE
    __arm_fini_                               - Undefined Weak Reference
    __cpp_initialize__aeabi_                  - Undefined Weak Reference
    __cxa_finalize                            - Undefined Weak Reference
    __decompress                              - Undefined Weak Reference
    _clock_init                               - Undefined Weak Reference
    _microlib_exit                            - Undefined Weak Reference
    __Vectors_Size                           0x00000188   Number         0  startup_stm32f407xx.o ABSOLUTE
    __Vectors                                0x08000000   Data           4  startup_stm32f407xx.o(RESET)
    __Vectors_End                            0x08000188   Data           0  startup_stm32f407xx.o(RESET)
    __main                                   0x08000189   Thumb Code     0  entry.o(.ARM.Collect$$$$00000000)
    _main_stk                                0x08000189   Thumb Code     0  entry2.o(.ARM.Collect$$$$00000001)
    _main_scatterload                        0x0800018d   Thumb Code     0  entry5.o(.ARM.Collect$$$$00000004)
    __main_after_scatterload                 0x08000191   Thumb Code     0  entry5.o(.ARM.Collect$$$$00000004)
    _main_clock                              0x08000191   Thumb Code     0  entry7b.o(.ARM.Collect$$$$00000008)
    _main_cpp_init                           0x08000191   Thumb Code     0  entry8b.o(.ARM.Collect$$$$0000000A)
    _main_init                               0x08000191   Thumb Code     0  entry9a.o(.ARM.Collect$$$$0000000B)
    __rt_lib_shutdown_fini                   0x08000199   Thumb Code     0  entry12b.o(.ARM.Collect$$$$0000000E)
    __rt_final_cpp                           0x0800019d   Thumb Code     0  entry10a.o(.ARM.Collect$$$$0000000F)
    __rt_final_exit                          0x0800019d   Thumb Code     0  entry11a.o(.ARM.Collect$$$$00000011)
    Reset_Handler                            0x080001a1   Thumb Code     8  startup_stm32f407xx.o(.text)
    ADC_IRQHandler                           0x080001bb   Thumb Code     0  startup_stm32f407xx.o(.text)
    CAN1_RX0_IRQHandler                      0x080001bb   Thumb Code     0  startup_stm32f407xx.o(.text)
    CAN1_RX1_IRQHandler                      0x080001bb   Thumb Code     0  startup_stm32f407xx.o(.text)
    CAN1_SCE_IRQHandler                      0x080001bb   Thumb Code     0  startup_stm32f407xx.o(.text)
    CAN1_TX_IRQHandler                       0x080001bb   Thumb Code     0  startup_stm32f407xx.o(.text)
    CAN2_RX0_IRQHandler                      0x080001bb   Thumb Code     0  startup_stm32f407xx.o(.text)
    CAN2_RX1_IRQHandler                      0x080001bb   Thumb Code     0  startup_stm32f407xx.o(.text)
    CAN2_SCE_IRQHandler                      0x080001bb   Thumb Code     0  startup_stm32f407xx.o(.text)
    CAN2_TX_IRQHandler                       0x080001bb   Thumb Code     0  startup_stm32f407xx.o(.text)
    DCMI_IRQHandler                          0x080001bb   Thumb Code     0  startup_stm32f407xx.o(.text)
    DMA1_Stream0_IRQHandler                  0x080001bb   Thumb Code     0  startup_stm32f407xx.o(.text)
    DMA1_Stream1_IRQHandler                  0x080001bb   Thumb Code     0  startup_stm32f407xx.o(.text)
    DMA1_Stream2_IRQHandler                  0x080001bb   Thumb Code     0  startup_stm32f407xx.o(.text)
    DMA1_Stream3_IRQHandler                  0x080001bb   Thumb Code     0  startup_stm32f407xx.o(.text)
    DMA1_Stream4_IRQHandler                  0x080001bb   Thumb Code     0  startup_stm32f407xx.o(.text)
    DMA1_Stream5_IRQHandler                  0x080001bb   Thumb Code     0  startup_stm32f407xx.o(.text)
    DMA1_Stream6_IRQHandler                  0x080001bb   Thumb Code     0  startup_stm32f407xx.o(.text)
    DMA1_Stream7_IRQHandler                  0x080001bb   Thumb Code     0  startup_stm32f407xx.o(.text)
    DMA2_Stream0_IRQHandler                  0x080001bb   Thumb Code     0  startup_stm32f407xx.o(.text)
    DMA2_Stream1_IRQHandler                  0x080001bb   Thumb Code     0  startup_stm32f407xx.o(.text)
    DMA2_Stream2_IRQHandler                  0x080001bb   Thumb Code     0  startup_stm32f407xx.o(.text)
    DMA2_Stream3_IRQHandler                  0x080001bb   Thumb Code     0  startup_stm32f407xx.o(.text)
    DMA2_Stream4_IRQHandler                  0x080001bb   Thumb Code     0  startup_stm32f407xx.o(.text)
    DMA2_Stream5_IRQHandler                  0x080001bb   Thumb Code     0  startup_stm32f407xx.o(.text)
    DMA2_Stream6_IRQHandler                  0x080001bb   Thumb Code     0  startup_stm32f407xx.o(.text)
    DMA2_Stream7_IRQHandler                  0x080001bb   Thumb Code     0  startup_stm32f407xx.o(.text)
    ETH_IRQHandler                           0x080001bb   Thumb Code     0  startup_stm32f407xx.o(.text)
    ETH_WKUP_IRQHandler                      0x080001bb   Thumb Code     0  startup_stm32f407xx.o(.text)
    EXTI0_IRQHandler                         0x080001bb   Thumb Code     0  startup_stm32f407xx.o(.text)
    EXTI15_10_IRQHandler                     0x080001bb   Thumb Code     0  startup_stm32f407xx.o(.text)
    EXTI1_IRQHandler                         0x080001bb   Thumb Code     0  startup_stm32f407xx.o(.text)
    EXTI2_IRQHandler                         0x080001bb   Thumb Code     0  startup_stm32f407xx.o(.text)
    EXTI3_IRQHandler                         0x080001bb   Thumb Code     0  startup_stm32f407xx.o(.text)
    EXTI4_IRQHandler                         0x080001bb   Thumb Code     0  startup_stm32f407xx.o(.text)
    EXTI9_5_IRQHandler                       0x080001bb   Thumb Code     0  startup_stm32f407xx.o(.text)
    FLASH_IRQHandler                         0x080001bb   Thumb Code     0  startup_stm32f407xx.o(.text)
    FMC_IRQHandler                           0x080001bb   Thumb Code     0  startup_stm32f407xx.o(.text)
    FPU_IRQHandler                           0x080001bb   Thumb Code     0  startup_stm32f407xx.o(.text)
    HASH_RNG_IRQHandler                      0x080001bb   Thumb Code     0  startup_stm32f407xx.o(.text)
    I2C1_ER_IRQHandler                       0x080001bb   Thumb Code     0  startup_stm32f407xx.o(.text)
    I2C1_EV_IRQHandler                       0x080001bb   Thumb Code     0  startup_stm32f407xx.o(.text)
    I2C2_ER_IRQHandler                       0x080001bb   Thumb Code     0  startup_stm32f407xx.o(.text)
    I2C2_EV_IRQHandler                       0x080001bb   Thumb Code     0  startup_stm32f407xx.o(.text)
    I2C3_ER_IRQHandler                       0x080001bb   Thumb Code     0  startup_stm32f407xx.o(.text)
    I2C3_EV_IRQHandler                       0x080001bb   Thumb Code     0  startup_stm32f407xx.o(.text)
    OTG_FS_IRQHandler                        0x080001bb   Thumb Code     0  startup_stm32f407xx.o(.text)
    OTG_FS_WKUP_IRQHandler                   0x080001bb   Thumb Code     0  startup_stm32f407xx.o(.text)
    OTG_HS_EP1_IN_IRQHandler                 0x080001bb   Thumb Code     0  startup_stm32f407xx.o(.text)
    OTG_HS_EP1_OUT_IRQHandler                0x080001bb   Thumb Code     0  startup_stm32f407xx.o(.text)
    OTG_HS_IRQHandler                        0x080001bb   Thumb Code     0  startup_stm32f407xx.o(.text)
    OTG_HS_WKUP_IRQHandler                   0x080001bb   Thumb Code     0  startup_stm32f407xx.o(.text)
    PVD_IRQHandler                           0x080001bb   Thumb Code     0  startup_stm32f407xx.o(.text)
    RCC_IRQHandler                           0x080001bb   Thumb Code     0  startup_stm32f407xx.o(.text)
    RTC_Alarm_IRQHandler                     0x080001bb   Thumb Code     0  startup_stm32f407xx.o(.text)
    RTC_WKUP_IRQHandler                      0x080001bb   Thumb Code     0  startup_stm32f407xx.o(.text)
    SDIO_IRQHandler                          0x080001bb   Thumb Code     0  startup_stm32f407xx.o(.text)
    SPI1_IRQHandler                          0x080001bb   Thumb Code     0  startup_stm32f407xx.o(.text)
    SPI2_IRQHandler                          0x080001bb   Thumb Code     0  startup_stm32f407xx.o(.text)
    SPI3_IRQHandler                          0x080001bb   Thumb Code     0  startup_stm32f407xx.o(.text)
    TAMP_STAMP_IRQHandler                    0x080001bb   Thumb Code     0  startup_stm32f407xx.o(.text)
    TIM1_BRK_TIM9_IRQHandler                 0x080001bb   Thumb Code     0  startup_stm32f407xx.o(.text)
    TIM1_CC_IRQHandler                       0x080001bb   Thumb Code     0  startup_stm32f407xx.o(.text)
    TIM1_TRG_COM_TIM11_IRQHandler            0x080001bb   Thumb Code     0  startup_stm32f407xx.o(.text)
    TIM3_IRQHandler                          0x080001bb   Thumb Code     0  startup_stm32f407xx.o(.text)
    TIM4_IRQHandler                          0x080001bb   Thumb Code     0  startup_stm32f407xx.o(.text)
    TIM5_IRQHandler                          0x080001bb   Thumb Code     0  startup_stm32f407xx.o(.text)
    TIM6_DAC_IRQHandler                      0x080001bb   Thumb Code     0  startup_stm32f407xx.o(.text)
    TIM7_IRQHandler                          0x080001bb   Thumb Code     0  startup_stm32f407xx.o(.text)
    TIM8_BRK_TIM12_IRQHandler                0x080001bb   Thumb Code     0  startup_stm32f407xx.o(.text)
    TIM8_CC_IRQHandler                       0x080001bb   Thumb Code     0  startup_stm32f407xx.o(.text)
    TIM8_TRG_COM_TIM14_IRQHandler            0x080001bb   Thumb Code     0  startup_stm32f407xx.o(.text)
    TIM8_UP_TIM13_IRQHandler                 0x080001bb   Thumb Code     0  startup_stm32f407xx.o(.text)
    UART4_IRQHandler                         0x080001bb   Thumb Code     0  startup_stm32f407xx.o(.text)
    UART5_IRQHandler                         0x080001bb   Thumb Code     0  startup_stm32f407xx.o(.text)
    USART1_IRQHandler                        0x080001bb   Thumb Code     0  startup_stm32f407xx.o(.text)
    USART2_IRQHandler                        0x080001bb   Thumb Code     0  startup_stm32f407xx.o(.text)
    USART3_IRQHandler                        0x080001bb   Thumb Code     0  startup_stm32f407xx.o(.text)
    USART6_IRQHandler                        0x080001bb   Thumb Code     0  startup_stm32f407xx.o(.text)
    WWDG_IRQHandler                          0x080001bb   Thumb Code     0  startup_stm32f407xx.o(.text)
    __aeabi_uldivmod                         0x080001c5   Thumb Code    98  uldiv.o(.text)
    __aeabi_memcpy                           0x08000227   Thumb Code    36  memcpya.o(.text)
    __aeabi_memcpy4                          0x08000227   Thumb Code     0  memcpya.o(.text)
    __aeabi_memcpy8                          0x08000227   Thumb Code     0  memcpya.o(.text)
    __aeabi_memset                           0x0800024b   Thumb Code    14  memseta.o(.text)
    __aeabi_memset4                          0x0800024b   Thumb Code     0  memseta.o(.text)
    __aeabi_memset8                          0x0800024b   Thumb Code     0  memseta.o(.text)
    __aeabi_memclr                           0x08000259   Thumb Code     4  memseta.o(.text)
    __aeabi_memclr4                          0x08000259   Thumb Code     0  memseta.o(.text)
    __aeabi_memclr8                          0x08000259   Thumb Code     0  memseta.o(.text)
    _memset$wrapper                          0x0800025d   Thumb Code    18  memseta.o(.text)
    __aeabi_dmul                             0x0800026f   Thumb Code   228  dmul.o(.text)
    __aeabi_ddiv                             0x08000353   Thumb Code   222  ddiv.o(.text)
    __aeabi_i2d                              0x08000431   Thumb Code    34  dflti.o(.text)
    __aeabi_f2d                              0x08000453   Thumb Code    38  f2d.o(.text)
    __aeabi_d2f                              0x08000479   Thumb Code    56  d2f.o(.text)
    __aeabi_llsl                             0x080004b1   Thumb Code    30  llshl.o(.text)
    _ll_shift_l                              0x080004b1   Thumb Code     0  llshl.o(.text)
    __aeabi_llsr                             0x080004cf   Thumb Code    32  llushr.o(.text)
    _ll_ushift_r                             0x080004cf   Thumb Code     0  llushr.o(.text)
    __I$use$fp                               0x080004ef   Thumb Code     0  iusefp.o(.text)
    _float_round                             0x080004ef   Thumb Code    18  fepilogue.o(.text)
    _float_epilogue                          0x08000501   Thumb Code    92  fepilogue.o(.text)
    _double_round                            0x0800055d   Thumb Code    30  depilogue.o(.text)
    _double_epilogue                         0x0800057b   Thumb Code   156  depilogue.o(.text)
    __scatterload                            0x08000619   Thumb Code    28  init.o(.text)
    __scatterload_rt2                        0x08000619   Thumb Code     0  init.o(.text)
    BusFault_Handler                         0x0800063d   Thumb Code     2  stm32f4xx_it.o(i.BusFault_Handler)
    DebugMon_Handler                         0x0800063f   Thumb Code     2  stm32f4xx_it.o(i.DebugMon_Handler)
    Error_Handler                            0x08000641   Thumb Code     4  main.o(i.Error_Handler)
    HAL_Delay                                0x08000645   Thumb Code    32  stm32f4xx_hal.o(i.HAL_Delay)
    HAL_GPIO_Init                            0x08000669   Thumb Code   450  stm32f4xx_hal_gpio.o(i.HAL_GPIO_Init)
    HAL_GPIO_ReadPin                         0x08000859   Thumb Code    10  stm32f4xx_hal_gpio.o(i.HAL_GPIO_ReadPin)
    HAL_GPIO_WritePin                        0x08000863   Thumb Code    10  stm32f4xx_hal_gpio.o(i.HAL_GPIO_WritePin)
    HAL_GetTick                              0x0800086d   Thumb Code     6  stm32f4xx_hal.o(i.HAL_GetTick)
    HAL_IncTick                              0x08000879   Thumb Code    12  stm32f4xx_hal.o(i.HAL_IncTick)
    HAL_Init                                 0x08000889   Thumb Code    48  stm32f4xx_hal.o(i.HAL_Init)
    HAL_InitTick                             0x080008bd   Thumb Code   120  stm32f4xx_hal_timebase_tim.o(i.HAL_InitTick)
    HAL_MspInit                              0x08000949   Thumb Code    42  stm32f4xx_hal_msp.o(i.HAL_MspInit)
    HAL_NVIC_EnableIRQ                       0x08000979   Thumb Code    26  stm32f4xx_hal_cortex.o(i.HAL_NVIC_EnableIRQ)
    HAL_NVIC_SetPriority                     0x08000995   Thumb Code    60  stm32f4xx_hal_cortex.o(i.HAL_NVIC_SetPriority)
    HAL_NVIC_SetPriorityGrouping             0x080009d5   Thumb Code    26  stm32f4xx_hal_cortex.o(i.HAL_NVIC_SetPriorityGrouping)
    HAL_RCC_ClockConfig                      0x080009f9   Thumb Code   288  stm32f4xx_hal_rcc.o(i.HAL_RCC_ClockConfig)
    HAL_RCC_GetClockConfig                   0x08000b2d   Thumb Code    54  stm32f4xx_hal_rcc.o(i.HAL_RCC_GetClockConfig)
    HAL_RCC_GetPCLK1Freq                     0x08000b6d   Thumb Code    20  stm32f4xx_hal_rcc.o(i.HAL_RCC_GetPCLK1Freq)
    HAL_RCC_GetPCLK2Freq                     0x08000b8d   Thumb Code    20  stm32f4xx_hal_rcc.o(i.HAL_RCC_GetPCLK2Freq)
    HAL_RCC_GetSysClockFreq                  0x08000bad   Thumb Code    88  stm32f4xx_hal_rcc.o(i.HAL_RCC_GetSysClockFreq)
    HAL_RCC_OscConfig                        0x08000c0d   Thumb Code   856  stm32f4xx_hal_rcc.o(i.HAL_RCC_OscConfig)
    HAL_TIMEx_BreakCallback                  0x08000f79   Thumb Code     2  stm32f4xx_hal_tim_ex.o(i.HAL_TIMEx_BreakCallback)
    HAL_TIMEx_CommutCallback                 0x08000f7b   Thumb Code     2  stm32f4xx_hal_tim_ex.o(i.HAL_TIMEx_CommutCallback)
    HAL_TIMEx_MasterConfigSynchronization    0x08000f7d   Thumb Code   116  stm32f4xx_hal_tim_ex.o(i.HAL_TIMEx_MasterConfigSynchronization)
    HAL_TIM_Base_Init                        0x0800100d   Thumb Code    90  stm32f4xx_hal_tim.o(i.HAL_TIM_Base_Init)
    HAL_TIM_Base_MspInit                     0x08001069   Thumb Code    50  tim.o(i.HAL_TIM_Base_MspInit)
    HAL_TIM_Base_Start_IT                    0x080010a1   Thumb Code   100  stm32f4xx_hal_tim.o(i.HAL_TIM_Base_Start_IT)
    HAL_TIM_ConfigClockSource                0x08001121   Thumb Code   220  stm32f4xx_hal_tim.o(i.HAL_TIM_ConfigClockSource)
    HAL_TIM_IC_CaptureCallback               0x080011fd   Thumb Code     2  stm32f4xx_hal_tim.o(i.HAL_TIM_IC_CaptureCallback)
    HAL_TIM_IRQHandler                       0x080011ff   Thumb Code   304  stm32f4xx_hal_tim.o(i.HAL_TIM_IRQHandler)
    HAL_TIM_OC_DelayElapsedCallback          0x0800132f   Thumb Code     2  stm32f4xx_hal_tim.o(i.HAL_TIM_OC_DelayElapsedCallback)
    HAL_TIM_PWM_PulseFinishedCallback        0x08001331   Thumb Code     2  stm32f4xx_hal_tim.o(i.HAL_TIM_PWM_PulseFinishedCallback)
    HAL_TIM_PeriodElapsedCallback            0x08001335   Thumb Code    34  main.o(i.HAL_TIM_PeriodElapsedCallback)
    HAL_TIM_TriggerCallback                  0x0800135d   Thumb Code     2  stm32f4xx_hal_tim.o(i.HAL_TIM_TriggerCallback)
    HAL_UART_GetError                        0x0800135f   Thumb Code     4  stm32f4xx_hal_uart.o(i.HAL_UART_GetError)
    HAL_UART_Init                            0x08001363   Thumb Code   100  stm32f4xx_hal_uart.o(i.HAL_UART_Init)
    HAL_UART_MspInit                         0x080013c9   Thumb Code   138  usart.o(i.HAL_UART_MspInit)
    HAL_UART_Receive                         0x08001465   Thumb Code   176  stm32f4xx_hal_uart.o(i.HAL_UART_Receive)
    HAL_UART_Transmit                        0x08001515   Thumb Code   160  stm32f4xx_hal_uart.o(i.HAL_UART_Transmit)
    HardFault_Handler                        0x080015b5   Thumb Code     2  stm32f4xx_it.o(i.HardFault_Handler)
    Joint_PW_Control                         0x080015b9   Thumb Code    54  joint.o(i.Joint_PW_Control)
    Joint_Zero_OK                            0x080015fd   Thumb Code    28  joint.o(i.Joint_Zero_OK)
    Joint_Zero_init_Type1                    0x08001621   Thumb Code    52  joint.o(i.Joint_Zero_init_Type1)
    Key_GetCurrentMode                       0x08001669   Thumb Code     6  key_state_machine.o(i.Key_GetCurrentMode)
    Key_GetTaskState                         0x08001675   Thumb Code     6  key_state_machine.o(i.Key_GetTaskState)
    Key_Process                              0x080016cd   Thumb Code    24  key_state_machine.o(i.Key_Process)
    Key_scope                                0x080017a1   Thumb Code     8  key_state_machine.o(i.Key_scope)
    MX_GPIO_Init                             0x080017ad   Thumb Code   144  gpio.o(i.MX_GPIO_Init)
    MX_TIM2_Init                             0x08001849   Thumb Code   100  tim.o(i.MX_TIM2_Init)
    MX_USART1_UART_Init                      0x080018b1   Thumb Code    46  usart.o(i.MX_USART1_UART_Init)
    MX_USART2_UART_Init                      0x080018ed   Thumb Code    48  usart.o(i.MX_USART2_UART_Init)
    MemManage_Handler                        0x08001925   Thumb Code     2  stm32f4xx_it.o(i.MemManage_Handler)
    NMI_Handler                              0x08001927   Thumb Code     2  stm32f4xx_it.o(i.NMI_Handler)
    PendSV_Handler                           0x08001929   Thumb Code     2  stm32f4xx_it.o(i.PendSV_Handler)
    SVC_Handler                              0x0800192b   Thumb Code     2  stm32f4xx_it.o(i.SVC_Handler)
    SysTick_Handler                          0x0800192d   Thumb Code     2  stm32f4xx_it.o(i.SysTick_Handler)
    SystemClock_Config                       0x08001931   Thumb Code   138  main.o(i.SystemClock_Config)
    SystemInit                               0x080019c5   Thumb Code    12  system_stm32f4xx.o(i.SystemInit)
    TIM1_UP_TIM10_IRQHandler                 0x080019d5   Thumb Code     6  stm32f4xx_it.o(i.TIM1_UP_TIM10_IRQHandler)
    TIM2_IRQHandler                          0x080019e1   Thumb Code     6  stm32f4xx_it.o(i.TIM2_IRQHandler)
    TIM_Base_SetConfig                       0x080019ed   Thumb Code   164  stm32f4xx_hal_tim.o(i.TIM_Base_SetConfig)
    TIM_ETR_SetConfig                        0x08001abd   Thumb Code    20  stm32f4xx_hal_tim.o(i.TIM_ETR_SetConfig)
    Task_Execute                             0x08001b29   Thumb Code   440  key_state_machine.o(i.Task_Execute)
    UsageFault_Handler                       0x08001ec7   Thumb Code     2  stm32f4xx_it.o(i.UsageFault_Handler)
    __ARM_fpclassifyf                        0x08001ec9   Thumb Code    38  fpclassifyf.o(i.__ARM_fpclassifyf)
    __hardfp_cosf                            0x08001f11   Thumb Code   280  cosf.o(i.__hardfp_cosf)
    __hardfp_sinf                            0x08002061   Thumb Code   344  sinf.o(i.__hardfp_sinf)
    __hardfp_sqrtf                           0x080021f1   Thumb Code    58  sqrtf.o(i.__hardfp_sqrtf)
    __mathlib_flt_infnan                     0x0800222b   Thumb Code     6  funder.o(i.__mathlib_flt_infnan)
    __mathlib_flt_invalid                    0x08002231   Thumb Code    10  funder.o(i.__mathlib_flt_invalid)
    __mathlib_flt_underflow                  0x08002241   Thumb Code    10  funder.o(i.__mathlib_flt_underflow)
    __mathlib_rredf2                         0x08002251   Thumb Code   316  rredf.o(i.__mathlib_rredf2)
    __scatterload_copy                       0x080023a5   Thumb Code    14  handlers.o(i.__scatterload_copy)
    __scatterload_null                       0x080023b3   Thumb Code     2  handlers.o(i.__scatterload_null)
    __scatterload_zeroinit                   0x080023b5   Thumb Code    14  handlers.o(i.__scatterload_zeroinit)
    __set_errno                              0x080023c5   Thumb Code     6  errno.o(i.__set_errno)
    cdpr_init                                0x08002491   Thumb Code    28  calc.o(i.cdpr_init)
    crc32_core_Ver3                          0x080024b5   Thumb Code    56  a1_motor_drive.o(i.crc32_core_Ver3)
    cross_product                            0x080024f1   Thumb Code    86  calc.o(i.cross_product)
    get_rotation_matrix                      0x0800282d   Thumb Code   212  calc.o(i.get_rotation_matrix)
    get_translation_matrix                   0x08002905   Thumb Code    74  calc.o(i.get_translation_matrix)
    main                                     0x08002955   Thumb Code   116  main.o(i.main)
    matrix_multiply                          0x080029dd   Thumb Code    90  calc.o(i.matrix_multiply)
    modify_PW_cmd                            0x08002a3d   Thumb Code    86  a1_motor_drive.o(i.modify_PW_cmd)
    modify_torque_cmd                        0x08002a9d   Thumb Code    62  a1_motor_drive.o(i.modify_torque_cmd)
    motor_relax                              0x08002ae9   Thumb Code    24  a1_motor_drive.o(i.motor_relax)
    point_mult_matrix                        0x08002b0d   Thumb Code   146  calc.o(i.point_mult_matrix)
    unitreeA1_rxtx                           0x08002ba1   Thumb Code   560  a1_motor_drive.o(i.unitreeA1_rxtx)
    vector_norm                              0x08002e1d   Thumb Code    28  calc.o(i.vector_norm)
    base_g                                   0x08002e38   Data         128  calc.o(.constdata)
    attach_e                                 0x08002eb8   Data         128  calc.o(.constdata)
    AHBPrescTable                            0x08003088   Data          16  system_stm32f4xx.o(.constdata)
    APBPrescTable                            0x08003098   Data           8  system_stm32f4xx.o(.constdata)
    Region$$Table$$Base                      0x080030c0   Number         0  anon$$obj.o(Region$$Table)
    Region$$Table$$Limit                     0x080030e0   Number         0  anon$$obj.o(Region$$Table)
    step_mode_1                              0x20000002   Data           2  key_state_machine.o(.data)
    step_mode_2                              0x20000004   Data           2  key_state_machine.o(.data)
    step_mode_3                              0x20000006   Data           2  key_state_machine.o(.data)
    cstate                                   0x20000040   Data           1  main.o(.data)
    cmode                                    0x20000041   Data           1  main.o(.data)
    j                                        0x20000044   Data           4  main.o(.data)
    k                                        0x20000048   Data           4  main.o(.data)
    uwTickFreq                               0x2000004c   Data           1  stm32f4xx_hal.o(.data)
    uwTickPrio                               0x20000050   Data           4  stm32f4xx_hal.o(.data)
    uwTick                                   0x20000054   Data           4  stm32f4xx_hal.o(.data)
    SystemCoreClock                          0x20000058   Data           4  system_stm32f4xx.o(.data)
    rec_st                                   0x2000005c   Data           1  a1_motor_drive.o(.data)
    trans_st                                 0x2000005d   Data           1  a1_motor_drive.o(.data)
    err_state                                0x20000060   Data           4  a1_motor_drive.o(.data)
    received                                 0x20000064   Data           4  a1_motor_drive.o(.data)
    zero_left_ID0                            0x20000068   Data           4  joint.o(.data)
    cable_initial_length                     0x20000070   Data          32  calc.o(.bss)
    motor_angle                              0x20000090   Data       16032  calc.o(.bss)
    motor_omega                              0x20003f30   Data       16032  calc.o(.bss)
    coeffs                                   0x20007dd0   Data         144  calc.o(.bss)
    k1                                       0x20007e60   Data          28  main.o(.bss)
    htim2                                    0x20007e7c   Data          72  tim.o(.bss)
    huart1                                   0x20007ec4   Data          72  usart.o(.bss)
    huart2                                   0x20007f0c   Data          72  usart.o(.bss)
    htim1                                    0x20007f54   Data          72  stm32f4xx_hal_timebase_tim.o(.bss)
    MotorA1_send_left                        0x20007f9c   Data          66  a1_motor_drive.o(.bss)
    Date_left                                0x20007fde   Data         140  a1_motor_drive.o(.bss)
    MotorA1_recv_left_id00                   0x2000806a   Data         140  a1_motor_drive.o(.bss)
    MotorA1_recv_left_id01                   0x200080f6   Data         140  a1_motor_drive.o(.bss)
    MotorA1_recv_left_id02                   0x20008182   Data         140  a1_motor_drive.o(.bss)
    Date                                     0x2000820e   Data          78  a1_motor_drive.o(.bss)
    __initial_sp                             0x2000c260   Data           0  startup_stm32f407xx.o(STACK)



==============================================================================

Memory Map of the image

  Image Entry point : 0x08000189

  Load Region LR_IROM1 (Base: 0x08000000, Size: 0x00003150, Max: 0x00100000, ABSOLUTE)

    Execution Region ER_IROM1 (Exec base: 0x08000000, Load base: 0x08000000, Size: 0x000030e0, Max: 0x00100000, ABSOLUTE)

    Exec Addr    Load Addr    Size         Type   Attr      Idx    E Section Name        Object

    0x08000000   0x08000000   0x00000188   Data   RO            3    RESET               startup_stm32f407xx.o
    0x08000188   0x08000188   0x00000000   Code   RO         3351  * .ARM.Collect$$$$00000000  mc_w.l(entry.o)
    0x08000188   0x08000188   0x00000004   Code   RO         3391    .ARM.Collect$$$$00000001  mc_w.l(entry2.o)
    0x0800018c   0x0800018c   0x00000004   Code   RO         3394    .ARM.Collect$$$$00000004  mc_w.l(entry5.o)
    0x08000190   0x08000190   0x00000000   Code   RO         3396    .ARM.Collect$$$$00000008  mc_w.l(entry7b.o)
    0x08000190   0x08000190   0x00000000   Code   RO         3398    .ARM.Collect$$$$0000000A  mc_w.l(entry8b.o)
    0x08000190   0x08000190   0x00000008   Code   RO         3399    .ARM.Collect$$$$0000000B  mc_w.l(entry9a.o)
    0x08000198   0x08000198   0x00000004   Code   RO         3406    .ARM.Collect$$$$0000000E  mc_w.l(entry12b.o)
    0x0800019c   0x0800019c   0x00000000   Code   RO         3401    .ARM.Collect$$$$0000000F  mc_w.l(entry10a.o)
    0x0800019c   0x0800019c   0x00000000   Code   RO         3403    .ARM.Collect$$$$00000011  mc_w.l(entry11a.o)
    0x0800019c   0x0800019c   0x00000004   Code   RO         3392    .ARM.Collect$$$$00002712  mc_w.l(entry2.o)
    0x080001a0   0x080001a0   0x00000024   Code   RO            4    .text               startup_stm32f407xx.o
    0x080001c4   0x080001c4   0x00000062   Code   RO         3354    .text               mc_w.l(uldiv.o)
    0x08000226   0x08000226   0x00000024   Code   RO         3356    .text               mc_w.l(memcpya.o)
    0x0800024a   0x0800024a   0x00000024   Code   RO         3358    .text               mc_w.l(memseta.o)
    0x0800026e   0x0800026e   0x000000e4   Code   RO         3362    .text               mf_w.l(dmul.o)
    0x08000352   0x08000352   0x000000de   Code   RO         3364    .text               mf_w.l(ddiv.o)
    0x08000430   0x08000430   0x00000022   Code   RO         3366    .text               mf_w.l(dflti.o)
    0x08000452   0x08000452   0x00000026   Code   RO         3368    .text               mf_w.l(f2d.o)
    0x08000478   0x08000478   0x00000038   Code   RO         3370    .text               mf_w.l(d2f.o)
    0x080004b0   0x080004b0   0x0000001e   Code   RO         3407    .text               mc_w.l(llshl.o)
    0x080004ce   0x080004ce   0x00000020   Code   RO         3409    .text               mc_w.l(llushr.o)
    0x080004ee   0x080004ee   0x00000000   Code   RO         3418    .text               mc_w.l(iusefp.o)
    0x080004ee   0x080004ee   0x0000006e   Code   RO         3419    .text               mf_w.l(fepilogue.o)
    0x0800055c   0x0800055c   0x000000ba   Code   RO         3421    .text               mf_w.l(depilogue.o)
    0x08000616   0x08000616   0x00000002   PAD
    0x08000618   0x08000618   0x00000024   Code   RO         3423    .text               mc_w.l(init.o)
    0x0800063c   0x0800063c   0x00000002   Code   RO          486    i.BusFault_Handler  stm32f4xx_it.o
    0x0800063e   0x0800063e   0x00000002   Code   RO          487    i.DebugMon_Handler  stm32f4xx_it.o
    0x08000640   0x08000640   0x00000004   Code   RO          298    i.Error_Handler     main.o
    0x08000644   0x08000644   0x00000024   Code   RO         2509    i.HAL_Delay         stm32f4xx_hal.o
    0x08000668   0x08000668   0x000001f0   Code   RO         1965    i.HAL_GPIO_Init     stm32f4xx_hal_gpio.o
    0x08000858   0x08000858   0x0000000a   Code   RO         1967    i.HAL_GPIO_ReadPin  stm32f4xx_hal_gpio.o
    0x08000862   0x08000862   0x0000000a   Code   RO         1969    i.HAL_GPIO_WritePin  stm32f4xx_hal_gpio.o
    0x0800086c   0x0800086c   0x0000000c   Code   RO         2515    i.HAL_GetTick       stm32f4xx_hal.o
    0x08000878   0x08000878   0x00000010   Code   RO         2521    i.HAL_IncTick       stm32f4xx_hal.o
    0x08000888   0x08000888   0x00000034   Code   RO         2522    i.HAL_Init          stm32f4xx_hal.o
    0x080008bc   0x080008bc   0x0000008c   Code   RO          598    i.HAL_InitTick      stm32f4xx_hal_timebase_tim.o
    0x08000948   0x08000948   0x00000030   Code   RO          574    i.HAL_MspInit       stm32f4xx_hal_msp.o
    0x08000978   0x08000978   0x0000001a   Code   RO         2357    i.HAL_NVIC_EnableIRQ  stm32f4xx_hal_cortex.o
    0x08000992   0x08000992   0x00000002   PAD
    0x08000994   0x08000994   0x00000040   Code   RO         2363    i.HAL_NVIC_SetPriority  stm32f4xx_hal_cortex.o
    0x080009d4   0x080009d4   0x00000024   Code   RO         2364    i.HAL_NVIC_SetPriorityGrouping  stm32f4xx_hal_cortex.o
    0x080009f8   0x080009f8   0x00000134   Code   RO         1611    i.HAL_RCC_ClockConfig  stm32f4xx_hal_rcc.o
    0x08000b2c   0x08000b2c   0x00000040   Code   RO         1615    i.HAL_RCC_GetClockConfig  stm32f4xx_hal_rcc.o
    0x08000b6c   0x08000b6c   0x00000020   Code   RO         1618    i.HAL_RCC_GetPCLK1Freq  stm32f4xx_hal_rcc.o
    0x08000b8c   0x08000b8c   0x00000020   Code   RO         1619    i.HAL_RCC_GetPCLK2Freq  stm32f4xx_hal_rcc.o
    0x08000bac   0x08000bac   0x00000060   Code   RO         1620    i.HAL_RCC_GetSysClockFreq  stm32f4xx_hal_rcc.o
    0x08000c0c   0x08000c0c   0x0000036c   Code   RO         1623    i.HAL_RCC_OscConfig  stm32f4xx_hal_rcc.o
    0x08000f78   0x08000f78   0x00000002   Code   RO         1343    i.HAL_TIMEx_BreakCallback  stm32f4xx_hal_tim_ex.o
    0x08000f7a   0x08000f7a   0x00000002   Code   RO         1344    i.HAL_TIMEx_CommutCallback  stm32f4xx_hal_tim_ex.o
    0x08000f7c   0x08000f7c   0x00000090   Code   RO         1362    i.HAL_TIMEx_MasterConfigSynchronization  stm32f4xx_hal_tim_ex.o
    0x0800100c   0x0800100c   0x0000005a   Code   RO          639    i.HAL_TIM_Base_Init  stm32f4xx_hal_tim.o
    0x08001066   0x08001066   0x00000002   PAD
    0x08001068   0x08001068   0x00000038   Code   RO          396    i.HAL_TIM_Base_MspInit  tim.o
    0x080010a0   0x080010a0   0x00000080   Code   RO          644    i.HAL_TIM_Base_Start_IT  stm32f4xx_hal_tim.o
    0x08001120   0x08001120   0x000000dc   Code   RO          648    i.HAL_TIM_ConfigClockSource  stm32f4xx_hal_tim.o
    0x080011fc   0x080011fc   0x00000002   Code   RO          673    i.HAL_TIM_IC_CaptureCallback  stm32f4xx_hal_tim.o
    0x080011fe   0x080011fe   0x00000130   Code   RO          687    i.HAL_TIM_IRQHandler  stm32f4xx_hal_tim.o
    0x0800132e   0x0800132e   0x00000002   Code   RO          690    i.HAL_TIM_OC_DelayElapsedCallback  stm32f4xx_hal_tim.o
    0x08001330   0x08001330   0x00000002   Code   RO          717    i.HAL_TIM_PWM_PulseFinishedCallback  stm32f4xx_hal_tim.o
    0x08001332   0x08001332   0x00000002   PAD
    0x08001334   0x08001334   0x00000028   Code   RO          299    i.HAL_TIM_PeriodElapsedCallback  main.o
    0x0800135c   0x0800135c   0x00000002   Code   RO          730    i.HAL_TIM_TriggerCallback  stm32f4xx_hal_tim.o
    0x0800135e   0x0800135e   0x00000004   Code   RO         2787    i.HAL_UART_GetError  stm32f4xx_hal_uart.o
    0x08001362   0x08001362   0x00000064   Code   RO         2790    i.HAL_UART_Init     stm32f4xx_hal_uart.o
    0x080013c6   0x080013c6   0x00000002   PAD
    0x080013c8   0x080013c8   0x0000009c   Code   RO          438    i.HAL_UART_MspInit  usart.o
    0x08001464   0x08001464   0x000000b0   Code   RO         2793    i.HAL_UART_Receive  stm32f4xx_hal_uart.o
    0x08001514   0x08001514   0x000000a0   Code   RO         2798    i.HAL_UART_Transmit  stm32f4xx_hal_uart.o
    0x080015b4   0x080015b4   0x00000002   Code   RO          488    i.HardFault_Handler  stm32f4xx_it.o
    0x080015b6   0x080015b6   0x00000002   PAD
    0x080015b8   0x080015b8   0x00000044   Code   RO         3237    i.Joint_PW_Control  joint.o
    0x080015fc   0x080015fc   0x00000024   Code   RO         3240    i.Joint_Zero_OK     joint.o
    0x08001620   0x08001620   0x00000048   Code   RO         3241    i.Joint_Zero_init_Type1  joint.o
    0x08001668   0x08001668   0x0000000c   Code   RO          198    i.Key_GetCurrentMode  key_state_machine.o
    0x08001674   0x08001674   0x0000000c   Code   RO          199    i.Key_GetTaskState  key_state_machine.o
    0x08001680   0x08001680   0x0000004c   Code   RO          200    i.Key_HandleEvents  key_state_machine.o
    0x080016cc   0x080016cc   0x0000001c   Code   RO          202    i.Key_Process       key_state_machine.o
    0x080016e8   0x080016e8   0x000000b8   Code   RO          203    i.Key_StateMachine  key_state_machine.o
    0x080017a0   0x080017a0   0x0000000c   Code   RO          204    i.Key_scope         key_state_machine.o
    0x080017ac   0x080017ac   0x0000009c   Code   RO          371    i.MX_GPIO_Init      gpio.o
    0x08001848   0x08001848   0x00000068   Code   RO          397    i.MX_TIM2_Init      tim.o
    0x080018b0   0x080018b0   0x0000003c   Code   RO          439    i.MX_USART1_UART_Init  usart.o
    0x080018ec   0x080018ec   0x00000038   Code   RO          440    i.MX_USART2_UART_Init  usart.o
    0x08001924   0x08001924   0x00000002   Code   RO          489    i.MemManage_Handler  stm32f4xx_it.o
    0x08001926   0x08001926   0x00000002   Code   RO          490    i.NMI_Handler       stm32f4xx_it.o
    0x08001928   0x08001928   0x00000002   Code   RO          491    i.PendSV_Handler    stm32f4xx_it.o
    0x0800192a   0x0800192a   0x00000002   Code   RO          492    i.SVC_Handler       stm32f4xx_it.o
    0x0800192c   0x0800192c   0x00000002   Code   RO          493    i.SysTick_Handler   stm32f4xx_it.o
    0x0800192e   0x0800192e   0x00000002   PAD
    0x08001930   0x08001930   0x00000094   Code   RO          300    i.SystemClock_Config  main.o
    0x080019c4   0x080019c4   0x00000010   Code   RO         3124    i.SystemInit        system_stm32f4xx.o
    0x080019d4   0x080019d4   0x0000000c   Code   RO          494    i.TIM1_UP_TIM10_IRQHandler  stm32f4xx_it.o
    0x080019e0   0x080019e0   0x0000000c   Code   RO          495    i.TIM2_IRQHandler   stm32f4xx_it.o
    0x080019ec   0x080019ec   0x000000d0   Code   RO          732    i.TIM_Base_SetConfig  stm32f4xx_hal_tim.o
    0x08001abc   0x08001abc   0x00000014   Code   RO          743    i.TIM_ETR_SetConfig  stm32f4xx_hal_tim.o
    0x08001ad0   0x08001ad0   0x00000010   Code   RO          744    i.TIM_ITRx_SetConfig  stm32f4xx_hal_tim.o
    0x08001ae0   0x08001ae0   0x00000022   Code   RO          750    i.TIM_TI1_ConfigInputStage  stm32f4xx_hal_tim.o
    0x08001b02   0x08001b02   0x00000024   Code   RO          752    i.TIM_TI2_ConfigInputStage  stm32f4xx_hal_tim.o
    0x08001b26   0x08001b26   0x00000002   PAD
    0x08001b28   0x08001b28   0x000001d0   Code   RO          205    i.Task_Execute      key_state_machine.o
    0x08001cf8   0x08001cf8   0x0000004e   Code   RO         2813    i.UART_EndRxTransfer  stm32f4xx_hal_uart.o
    0x08001d46   0x08001d46   0x00000002   PAD
    0x08001d48   0x08001d48   0x0000010c   Code   RO         2816    i.UART_SetConfig    stm32f4xx_hal_uart.o
    0x08001e54   0x08001e54   0x00000072   Code   RO         2819    i.UART_WaitOnFlagUntilTimeout  stm32f4xx_hal_uart.o
    0x08001ec6   0x08001ec6   0x00000002   Code   RO          496    i.UsageFault_Handler  stm32f4xx_it.o
    0x08001ec8   0x08001ec8   0x00000026   Code   RO         3372    i.__ARM_fpclassifyf  m_wm.l(fpclassifyf.o)
    0x08001eee   0x08001eee   0x00000020   Code   RO         2370    i.__NVIC_SetPriority  stm32f4xx_hal_cortex.o
    0x08001f0e   0x08001f0e   0x00000002   PAD
    0x08001f10   0x08001f10   0x00000150   Code   RO         3315    i.__hardfp_cosf     m_wm.l(cosf.o)
    0x08002060   0x08002060   0x00000190   Code   RO         3327    i.__hardfp_sinf     m_wm.l(sinf.o)
    0x080021f0   0x080021f0   0x0000003a   Code   RO         3339    i.__hardfp_sqrtf    m_wm.l(sqrtf.o)
    0x0800222a   0x0800222a   0x00000006   Code   RO         3375    i.__mathlib_flt_infnan  m_wm.l(funder.o)
    0x08002230   0x08002230   0x00000010   Code   RO         3377    i.__mathlib_flt_invalid  m_wm.l(funder.o)
    0x08002240   0x08002240   0x00000010   Code   RO         3380    i.__mathlib_flt_underflow  m_wm.l(funder.o)
    0x08002250   0x08002250   0x00000154   Code   RO         3388    i.__mathlib_rredf2  m_wm.l(rredf.o)
    0x080023a4   0x080023a4   0x0000000e   Code   RO         3427    i.__scatterload_copy  mc_w.l(handlers.o)
    0x080023b2   0x080023b2   0x00000002   Code   RO         3428    i.__scatterload_null  mc_w.l(handlers.o)
    0x080023b4   0x080023b4   0x0000000e   Code   RO         3429    i.__scatterload_zeroinit  mc_w.l(handlers.o)
    0x080023c2   0x080023c2   0x00000002   PAD
    0x080023c4   0x080023c4   0x0000000c   Code   RO         3413    i.__set_errno       mc_w.l(errno.o)
    0x080023d0   0x080023d0   0x000000be   Code   RO           13    i.calculate_poly5_coeff  calc.o
    0x0800248e   0x0800248e   0x00000002   PAD
    0x08002490   0x08002490   0x00000024   Code   RO           15    i.cdpr_init         calc.o
    0x080024b4   0x080024b4   0x0000003c   Code   RO         3161    i.crc32_core_Ver3   a1_motor_drive.o
    0x080024f0   0x080024f0   0x00000056   Code   RO           16    i.cross_product     calc.o
    0x08002546   0x08002546   0x00000002   PAD
    0x08002548   0x08002548   0x000002e4   Code   RO           17    i.generate_trajectory_and_angles  calc.o
    0x0800282c   0x0800282c   0x000000d8   Code   RO           18    i.get_rotation_matrix  calc.o
    0x08002904   0x08002904   0x00000050   Code   RO           19    i.get_translation_matrix  calc.o
    0x08002954   0x08002954   0x00000088   Code   RO          302    i.main              main.o
    0x080029dc   0x080029dc   0x00000060   Code   RO           20    i.matrix_multiply   calc.o
    0x08002a3c   0x08002a3c   0x00000060   Code   RO         3162    i.modify_PW_cmd     a1_motor_drive.o
    0x08002a9c   0x08002a9c   0x0000004c   Code   RO         3165    i.modify_torque_cmd  a1_motor_drive.o
    0x08002ae8   0x08002ae8   0x00000024   Code   RO         3166    i.motor_relax       a1_motor_drive.o
    0x08002b0c   0x08002b0c   0x00000092   Code   RO           21    i.point_mult_matrix  calc.o
    0x08002b9e   0x08002b9e   0x00000002   PAD
    0x08002ba0   0x08002ba0   0x0000027c   Code   RO         3167    i.unitreeA1_rxtx    a1_motor_drive.o
    0x08002e1c   0x08002e1c   0x0000001c   Code   RO           22    i.vector_norm       calc.o
    0x08002e38   0x08002e38   0x000001c0   Data   RO           28    .constdata          calc.o
    0x08002ff8   0x08002ff8   0x00000090   Data   RO          206    .constdata          key_state_machine.o
    0x08003088   0x08003088   0x00000010   Data   RO         3125    .constdata          system_stm32f4xx.o
    0x08003098   0x08003098   0x00000008   Data   RO         3126    .constdata          system_stm32f4xx.o
    0x080030a0   0x080030a0   0x00000020   Data   RO         3389    .constdata          m_wm.l(rredf.o)
    0x080030c0   0x080030c0   0x00000020   Data   RO         3425    Region$$Table       anon$$obj.o


    Execution Region RW_IRAM1 (Exec base: 0x20000000, Load base: 0x080030e0, Size: 0x0000c260, Max: 0x0001c000, ABSOLUTE)

    Exec Addr    Load Addr    Size         Type   Attr      Idx    E Section Name        Object

    0x20000000   0x080030e0   0x00000040   Data   RW          207    .data               key_state_machine.o
    0x20000040   0x08003120   0x0000000c   Data   RW          305    .data               main.o
    0x2000004c   0x0800312c   0x0000000c   Data   RW         2529    .data               stm32f4xx_hal.o
    0x20000058   0x08003138   0x00000004   Data   RW         3127    .data               system_stm32f4xx.o
    0x2000005c   0x0800313c   0x0000000c   Data   RW         3174    .data               a1_motor_drive.o
    0x20000068   0x08003148   0x00000004   Data   RW         3242    .data               joint.o
    0x2000006c   0x0800314c   0x00000004   Data   RW         3414    .data               mc_w.l(errno.o)
    0x20000070        -       0x00007df0   Zero   RW           23    .bss                calc.o
    0x20007e60        -       0x0000001c   Zero   RW          304    .bss                main.o
    0x20007e7c        -       0x00000048   Zero   RW          398    .bss                tim.o
    0x20007ec4        -       0x00000090   Zero   RW          441    .bss                usart.o
    0x20007f54        -       0x00000048   Zero   RW          601    .bss                stm32f4xx_hal_timebase_tim.o
    0x20007f9c        -       0x000002c0   Zero   RW         3168    .bss                a1_motor_drive.o
    0x2000825c   0x08003150   0x00000004   PAD
    0x20008260        -       0x00004000   Zero   RW            1    STACK               startup_stm32f407xx.o


    Execution Region RW_IRAM2 (Exec base: 0x2001c000, Load base: 0x08003150, Size: 0x00000000, Max: 0x00004000, ABSOLUTE)

    **** No section assigned to this execution region ****


==============================================================================

Image component sizes


      Code (inc. data)   RO Data    RW Data    ZI Data      Debug   Object Name

       904        116          0         12        704       7114   a1_motor_drive.o
      1618         52        448          0      32240     700070   calc.o
       156         12          0          0          0        927   gpio.o
       176         42          0          4          0       2610   joint.o
       788         48        144         64          0       7559   key_state_machine.o
       328         36          0         12         28       4420   main.o
        36          8        392          0      16384        816   startup_stm32f407xx.o
       116         18          0         12          0       8590   stm32f4xx_hal.o
       158         14          0          0          0      32934   stm32f4xx_hal_cortex.o
       516         46          0          0          0       2771   stm32f4xx_hal_gpio.o
        48          6          0          0          0        822   stm32f4xx_hal_msp.o
      1408         82          0          0          0       5781   stm32f4xx_hal_rcc.o
      1064         72          0          0          0      10045   stm32f4xx_hal_tim.o
       148         28          0          0          0       2409   stm32f4xx_hal_tim_ex.o
       140         20          0          0         72       1375   stm32f4xx_hal_timebase_tim.o
       900         10          0          0          0       6431   stm32f4xx_hal_uart.o
        42         12          0          0          0       4907   stm32f4xx_it.o
        16          4         24          4          0       1067   system_stm32f4xx.o
       160         10          0          0         72       1622   tim.o
       272         40          0          0        144       2323   usart.o

    ----------------------------------------------------------------------
      9018        676       1040        108      49648     804593   Object Totals
         0          0         32          0          0          0   (incl. Generated)
        24          0          0          0          4          0   (incl. Padding)

    ----------------------------------------------------------------------

      Code (inc. data)   RO Data    RW Data    ZI Data      Debug   Library Member Name

       336         56          0          0          0        136   cosf.o
        38          0          0          0          0        116   fpclassifyf.o
        38         12          0          0          0        348   funder.o
       340         24         32          0          0        160   rredf.o
       400         56          0          0          0        212   sinf.o
        58          0          0          0          0        136   sqrtf.o
         0          0          0          0          0          0   entry.o
         0          0          0          0          0          0   entry10a.o
         0          0          0          0          0          0   entry11a.o
         4          0          0          0          0          0   entry12b.o
         8          4          0          0          0          0   entry2.o
         4          0          0          0          0          0   entry5.o
         0          0          0          0          0          0   entry7b.o
         0          0          0          0          0          0   entry8b.o
         8          4          0          0          0          0   entry9a.o
        12          6          0          4          0         68   errno.o
        30          0          0          0          0          0   handlers.o
        36          8          0          0          0         68   init.o
         0          0          0          0          0          0   iusefp.o
        30          0          0          0          0         68   llshl.o
        32          0          0          0          0         68   llushr.o
        36          0          0          0          0         68   memcpya.o
        36          0          0          0          0        108   memseta.o
        98          0          0          0          0         92   uldiv.o
        56          0          0          0          0         88   d2f.o
       222          0          0          0          0        100   ddiv.o
       186          0          0          0          0        176   depilogue.o
        34          0          0          0          0         76   dflti.o
       228          0          0          0          0         96   dmul.o
        38          0          0          0          0         68   f2d.o
       110          0          0          0          0        168   fepilogue.o

    ----------------------------------------------------------------------
      2422        170         32          4          0       2420   Library Totals
         4          0          0          0          0          0   (incl. Padding)

    ----------------------------------------------------------------------

      Code (inc. data)   RO Data    RW Data    ZI Data      Debug   Library Name

      1210        148         32          0          0       1108   m_wm.l
       334         22          0          4          0        540   mc_w.l
       874          0          0          0          0        772   mf_w.l

    ----------------------------------------------------------------------
      2422        170         32          4          0       2420   Library Totals

    ----------------------------------------------------------------------

==============================================================================


      Code (inc. data)   RO Data    RW Data    ZI Data      Debug   

     11440        846       1072        112      49648     798445   Grand Totals
     11440        846       1072        112      49648     798445   ELF Image Totals
     11440        846       1072        112          0          0   ROM Totals

==============================================================================

    Total RO  Size (Code + RO Data)                12512 (  12.22kB)
    Total RW  Size (RW Data + ZI Data)             49760 (  48.59kB)
    Total ROM Size (Code + RO Data + RW Data)      12624 (  12.33kB)

==============================================================================

